Archive member included to satisfy reference by file (symbol)

C:/ST/STM32CubeIDE_1.13.1/STM32CubeIDE/plugins/com.st.stm32cube.ide.mcu.externaltools.gnu-tools-for-stm32.11.3.rel1.win32_1.1.0.202305231506/tools/bin/../lib/gcc/arm-none-eabi/11.3.1/../../../../arm-none-eabi/lib/thumb/v7e-m+fp/hard\libc_nano.a(libc_a-exit.o)
                              C:/ST/STM32CubeIDE_1.13.1/STM32CubeIDE/plugins/com.st.stm32cube.ide.mcu.externaltools.gnu-tools-for-stm32.11.3.rel1.win32_1.1.0.202305231506/tools/bin/../lib/gcc/arm-none-eabi/11.3.1/../../../../arm-none-eabi/lib/thumb/v7e-m+fp/hard/crt0.o (exit)
C:/ST/STM32CubeIDE_1.13.1/STM32CubeIDE/plugins/com.st.stm32cube.ide.mcu.externaltools.gnu-tools-for-stm32.11.3.rel1.win32_1.1.0.202305231506/tools/bin/../lib/gcc/arm-none-eabi/11.3.1/../../../../arm-none-eabi/lib/thumb/v7e-m+fp/hard\libc_nano.a(libc_a-findfp.o)
                              C:/ST/STM32CubeIDE_1.13.1/STM32CubeIDE/plugins/com.st.stm32cube.ide.mcu.externaltools.gnu-tools-for-stm32.11.3.rel1.win32_1.1.0.202305231506/tools/bin/../lib/gcc/arm-none-eabi/11.3.1/../../../../arm-none-eabi/lib/thumb/v7e-m+fp/hard\libc_nano.a(libc_a-exit.o) (__stdio_exit_handler)
C:/ST/STM32CubeIDE_1.13.1/STM32CubeIDE/plugins/com.st.stm32cube.ide.mcu.externaltools.gnu-tools-for-stm32.11.3.rel1.win32_1.1.0.202305231506/tools/bin/../lib/gcc/arm-none-eabi/11.3.1/../../../../arm-none-eabi/lib/thumb/v7e-m+fp/hard\libc_nano.a(libc_a-fwalk.o)
                              C:/ST/STM32CubeIDE_1.13.1/STM32CubeIDE/plugins/com.st.stm32cube.ide.mcu.externaltools.gnu-tools-for-stm32.11.3.rel1.win32_1.1.0.202305231506/tools/bin/../lib/gcc/arm-none-eabi/11.3.1/../../../../arm-none-eabi/lib/thumb/v7e-m+fp/hard\libc_nano.a(libc_a-findfp.o) (_fwalk_sglue)
C:/ST/STM32CubeIDE_1.13.1/STM32CubeIDE/plugins/com.st.stm32cube.ide.mcu.externaltools.gnu-tools-for-stm32.11.3.rel1.win32_1.1.0.202305231506/tools/bin/../lib/gcc/arm-none-eabi/11.3.1/../../../../arm-none-eabi/lib/thumb/v7e-m+fp/hard\libc_nano.a(libc_a-snprintf.o)
                              ./Core/Src/main.o (snprintf)
C:/ST/STM32CubeIDE_1.13.1/STM32CubeIDE/plugins/com.st.stm32cube.ide.mcu.externaltools.gnu-tools-for-stm32.11.3.rel1.win32_1.1.0.202305231506/tools/bin/../lib/gcc/arm-none-eabi/11.3.1/../../../../arm-none-eabi/lib/thumb/v7e-m+fp/hard\libc_nano.a(libc_a-stdio.o)
                              C:/ST/STM32CubeIDE_1.13.1/STM32CubeIDE/plugins/com.st.stm32cube.ide.mcu.externaltools.gnu-tools-for-stm32.11.3.rel1.win32_1.1.0.202305231506/tools/bin/../lib/gcc/arm-none-eabi/11.3.1/../../../../arm-none-eabi/lib/thumb/v7e-m+fp/hard\libc_nano.a(libc_a-findfp.o) (__sread)
C:/ST/STM32CubeIDE_1.13.1/STM32CubeIDE/plugins/com.st.stm32cube.ide.mcu.externaltools.gnu-tools-for-stm32.11.3.rel1.win32_1.1.0.202305231506/tools/bin/../lib/gcc/arm-none-eabi/11.3.1/../../../../arm-none-eabi/lib/thumb/v7e-m+fp/hard\libc_nano.a(libc_a-memset.o)
                              C:/ST/STM32CubeIDE_1.13.1/STM32CubeIDE/plugins/com.st.stm32cube.ide.mcu.externaltools.gnu-tools-for-stm32.11.3.rel1.win32_1.1.0.202305231506/tools/bin/../lib/gcc/arm-none-eabi/11.3.1/../../../../arm-none-eabi/lib/thumb/v7e-m+fp/hard/crt0.o (memset)
C:/ST/STM32CubeIDE_1.13.1/STM32CubeIDE/plugins/com.st.stm32cube.ide.mcu.externaltools.gnu-tools-for-stm32.11.3.rel1.win32_1.1.0.202305231506/tools/bin/../lib/gcc/arm-none-eabi/11.3.1/../../../../arm-none-eabi/lib/thumb/v7e-m+fp/hard\libc_nano.a(libc_a-closer.o)
                              C:/ST/STM32CubeIDE_1.13.1/STM32CubeIDE/plugins/com.st.stm32cube.ide.mcu.externaltools.gnu-tools-for-stm32.11.3.rel1.win32_1.1.0.202305231506/tools/bin/../lib/gcc/arm-none-eabi/11.3.1/../../../../arm-none-eabi/lib/thumb/v7e-m+fp/hard\libc_nano.a(libc_a-stdio.o) (_close_r)
C:/ST/STM32CubeIDE_1.13.1/STM32CubeIDE/plugins/com.st.stm32cube.ide.mcu.externaltools.gnu-tools-for-stm32.11.3.rel1.win32_1.1.0.202305231506/tools/bin/../lib/gcc/arm-none-eabi/11.3.1/../../../../arm-none-eabi/lib/thumb/v7e-m+fp/hard\libc_nano.a(libc_a-reent.o)
                              C:/ST/STM32CubeIDE_1.13.1/STM32CubeIDE/plugins/com.st.stm32cube.ide.mcu.externaltools.gnu-tools-for-stm32.11.3.rel1.win32_1.1.0.202305231506/tools/bin/../lib/gcc/arm-none-eabi/11.3.1/../../../../arm-none-eabi/lib/thumb/v7e-m+fp/hard\libc_nano.a(libc_a-closer.o) (errno)
C:/ST/STM32CubeIDE_1.13.1/STM32CubeIDE/plugins/com.st.stm32cube.ide.mcu.externaltools.gnu-tools-for-stm32.11.3.rel1.win32_1.1.0.202305231506/tools/bin/../lib/gcc/arm-none-eabi/11.3.1/../../../../arm-none-eabi/lib/thumb/v7e-m+fp/hard\libc_nano.a(libc_a-impure.o)
                              C:/ST/STM32CubeIDE_1.13.1/STM32CubeIDE/plugins/com.st.stm32cube.ide.mcu.externaltools.gnu-tools-for-stm32.11.3.rel1.win32_1.1.0.202305231506/tools/bin/../lib/gcc/arm-none-eabi/11.3.1/../../../../arm-none-eabi/lib/thumb/v7e-m+fp/hard\libc_nano.a(libc_a-snprintf.o) (_impure_ptr)
[...]
Memory Configuration

Name             Origin             Length             Attributes
RAM              0x0000000020000000 0x0000000000050000 xrw
FLASH            0x0000000008000000 0x0000000000100000 xr
*default*        0x0000000000000000 0xffffffffffffffff

Linker script and memory map

LOAD C:/ST/STM32CubeIDE_1.13.1/STM32CubeIDE/plugins/com.st.stm32cube.ide.mcu.externaltools.gnu-tools-for-stm32.11.3.rel1.win32_1.1.0.202305231506/tools/bin/../lib/gcc/arm-none-eabi/11.3.1/thumb/v7e-m+fp/hard/crti.o
LOAD C:/ST/STM32CubeIDE_1.13.1/STM32CubeIDE/plugins/com.st.stm32cube.ide.mcu.externaltools.gnu-tools-for-stm32.11.3.rel1.win32_1.1.0.202305231506/tools/bin/../lib/gcc/arm-none-eabi/11.3.1/thumb/v7e-m+fp/hard/crtbegin.o
LOAD C:/ST/STM32CubeIDE_1.13.1/STM32CubeIDE/plugins/com.st.stm32cube.ide.mcu.externaltools.gnu-tools-for-stm32.11.3.rel1.win32_1.1.0.202305231506/tools/bin/../lib/gcc/arm-none-eabi/11.3.1/../../../../arm-none-eabi/lib/thumb/v7e-m+fp/hard/crt0.o
LOAD ./Core/Src/main.o
LOAD ./Core/Src/stm32f7xx_hal_msp.o
LOAD ./Core/Src/stm32f7xx_it.o
LOAD ./Core/Src/syscalls.o
LOAD ./Core/Src/sysmem.o
LOAD ./Core/Src/system_stm32f7xx.o
LOAD ./Core/Startup/startup_stm32f746zgtx.o
LOAD ./Drivers/STM32F7xx_HAL_Driver/Src/stm32f7xx_hal.o
LOAD ./Drivers/STM32F7xx_HAL_Driver/Src/stm32f7xx_hal_cortex.o
LOAD ./Drivers/STM32F7xx_HAL_Driver/Src/stm32f7xx_hal_dma.o
LOAD ./Drivers/STM32F7xx_HAL_Driver/Src/stm32f7xx_hal_dma_ex.o
LOAD ./Drivers/STM32F7xx_HAL_Driver/Src/stm32f7xx_hal_exti.o
LOAD ./Drivers/STM32F7xx_HAL_Driver/Src/stm32f7xx_hal_flash.o
LOAD ./Drivers/STM32F7xx_HAL_Driver/Src/stm32f7xx_hal_flash_ex.o
LOAD ./Drivers/STM32F7xx_HAL_Driver/Src/stm32f7xx_hal_gpio.o
LOAD ./Drivers/STM32F7xx_HAL_Driver/Src/stm32f7xx_hal_i2c.o
LOAD ./Drivers/STM32F7xx_HAL_Driver/Src/stm32f7xx_hal_i2c_ex.o
LOAD ./Drivers/STM32F7xx_HAL_Driver/Src/stm32f7xx_hal_pcd.o
LOAD ./Drivers/STM32F7xx_HAL_Driver/Src/stm32f7xx_hal_pcd_ex.o
LOAD ./Drivers/STM32F7xx_HAL_Driver/Src/stm32f7xx_hal_pwr.o
LOAD ./Drivers/STM32F7xx_HAL_Driver/Src/stm32f7xx_hal_pwr_ex.o
LOAD ./Drivers/STM32F7xx_HAL_Driver/Src/stm32f7xx_hal_rcc.o
LOAD ./Drivers/STM32F7xx_HAL_Driver/Src/stm32f7xx_hal_rcc_ex.o
LOAD ./Drivers/STM32F7xx_HAL_Driver/Src/stm32f7xx_hal_tim.o
LOAD ./Drivers/STM32F7xx_HAL_Driver/Src/stm32f7xx_hal_tim_ex.o
LOAD ./Drivers/STM32F7xx_HAL_Driver/Src/stm32f7xx_hal_uart.o
LOAD ./Drivers/STM32F7xx_HAL_Driver/Src/stm32f7xx_hal_uart_ex.o
LOAD ./Drivers/STM32F7xx_HAL_Driver/Src/stm32f7xx_ll_usb.o
START GROUP
LOAD C:/ST/STM32CubeIDE_1.13.1/STM32CubeIDE/plugins/com.st.stm32cube.ide.mcu.externaltools.gnu-tools-for-stm32.11.3.rel1.win32_1.1.0.202305231506/tools/bin/../lib/gcc/arm-none-eabi/11.3.1/../../../../arm-none-eabi/lib/thumb/v7e-m+fp/hard\libstdc++_nano.a
LOAD C:/ST/STM32CubeIDE_1.13.1/STM32CubeIDE/plugins/com.st.stm32cube.ide.mcu.externaltools.gnu-tools-for-stm32.11.3.rel1.win32_1.1.0.202305231506/tools/bin/../lib/gcc/arm-none-eabi/11.3.1/../../../../arm-none-eabi/lib/thumb/v7e-m+fp/hard\libsupc++_nano.a
END GROUP
LOAD C:/ST/STM32CubeIDE_1.13.1/STM32CubeIDE/plugins/com.st.stm32cube.ide.mcu.externaltools.gnu-tools-for-stm32.11.3.rel1.win32_1.1.0.202305231506/tools/bin/../lib/gcc/arm-none-eabi/11.3.1/../../../../arm-none-eabi/lib/thumb/v7e-m+fp/hard\libstdc++_nano.a
LOAD C:/ST/STM32CubeIDE_1.13.1/STM32CubeIDE/plugins/com.st.stm32cube.ide.mcu.externaltools.gnu-tools-for-stm32.11.3.rel1.win32_1.1.0.202305231506/tools/bin/../lib/gcc/arm-none-eabi/11.3.1/../../../../arm-none-eabi/lib/thumb/v7e-m+fp/hard\libm.a
LOAD C:/ST/STM32CubeIDE_1.13.1/STM32CubeIDE/plugins/com.st.stm32cube.ide.mcu.externaltools.gnu-tools-for-stm32.11.3.rel1.win32_1.1.0.202305231506/tools/bin/../lib/gcc/arm-none-eabi/11.3.1/../../../../arm-none-eabi/lib/thumb/v7e-m+fp/hard\libc_nano.a
START GROUP
LOAD C:/ST/STM32CubeIDE_1.13.1/STM32CubeIDE/plugins/com.st.stm32cube.ide.mcu.externaltools.gnu-tools-for-stm32.11.3.rel1.win32_1.1.0.202305231506/tools/bin/../lib/gcc/arm-none-eabi/11.3.1/thumb/v7e-m+fp/hard\libgcc.a
LOAD C:/ST/STM32CubeIDE_1.13.1/STM32CubeIDE/plugins/com.st.stm32cube.ide.mcu.externaltools.gnu-tools-for-stm32.11.3.rel1.win32_1.1.0.202305231506/tools/bin/../lib/gcc/arm-none-eabi/11.3.1/../../../../arm-none-eabi/lib/thumb/v7e-m+fp/hard\libc_nano.a
END GROUP
START GROUP
LOAD C:/ST/STM32CubeIDE_1.13.1/STM32CubeIDE/plugins/com.st.stm32cube.ide.mcu.externaltools.gnu-tools-for-stm32.11.3.rel1.win32_1.1.0.202305231506/tools/bin/../lib/gcc/arm-none-eabi/11.3.1/thumb/v7e-m+fp/hard\libgcc.a
LOAD C:/ST/STM32CubeIDE_1.13.1/STM32CubeIDE/plugins/com.st.stm32cube.ide.mcu.externaltools.gnu-tools-for-stm32.11.3.rel1.win32_1.1.0.202305231506/tools/bin/../lib/gcc/arm-none-eabi/11.3.1/../../../../arm-none-eabi/lib/thumb/v7e-m+fp/hard\libc_nano.a
LOAD C:/ST/STM32CubeIDE_1.13.1/STM32CubeIDE/plugins/com.st.stm32cube.ide.mcu.externaltools.gnu-tools-for-stm32.11.3.rel1.win32_1.1.0.202305231506/tools/bin/../lib/gcc/arm-none-eabi/11.3.1/../../../../arm-none-eabi/lib/thumb/v7e-m+fp/hard\libnosys.a
END GROUP
START GROUP
LOAD C:/ST/STM32CubeIDE_1.13.1/STM32CubeIDE/plugins/com.st.stm32cube.ide.mcu.externaltools.gnu-tools-for-stm32.11.3.rel1.win32_1.1.0.202305231506/tools/bin/../lib/gcc/arm-none-eabi/11.3.1/thumb/v7e-m+fp/hard\libgcc.a
LOAD C:/ST/STM32CubeIDE_1.13.1/STM32CubeIDE/plugins/com.st.stm32cube.ide.mcu.externaltools.gnu-tools-for-stm32.11.3.rel1.win32_1.1.0.202305231506/tools/bin/../lib/gcc/arm-none-eabi/11.3.1/../../../../arm-none-eabi/lib/thumb/v7e-m+fp/hard\libc_nano.a
LOAD C:/ST/STM32CubeIDE_1.13.1/STM32CubeIDE/plugins/com.st.stm32cube.ide.mcu.externaltools.gnu-tools-for-stm32.11.3.rel1.win32_1.1.0.202305231506/tools/bin/../lib/gcc/arm-none-eabi/11.3.1/../../../../arm-none-eabi/lib/thumb/v7e-m+fp/hard\libnosys.a
END GROUP
LOAD C:/ST/STM32CubeIDE_1.13.1/STM32CubeIDE/plugins/com.st.stm32cube.ide.mcu.externaltools.gnu-tools-for-stm32.11.3.rel1.win32_1.1.0.202305231506/tools/bin/../lib/gcc/arm-none-eabi/11.3.1/thumb/v7e-m+fp/hard/crtend.o
LOAD C:/ST/STM32CubeIDE_1.13.1/STM32CubeIDE/plugins/com.st.stm32cube.ide.mcu.externaltools.gnu-tools-for-stm32.11.3.rel1.win32_1.1.0.202305231506/tools/bin/../lib/gcc/arm-none-eabi/11.3.1/thumb/v7e-m+fp/hard/crtn.o
                0x0000000020050000                _estack = (ORIGIN (RAM) + LENGTH (RAM))
                0x0000000000000200                _Min_Heap_Size = 0x200
                0x0000000000000400                _Min_Stack_Size = 0x400

.isr_vector     0x0000000008000000      0x1c8
                0x0000000008000000                . = ALIGN (0x4)
 *(.isr_vector)
 .isr_vector    0x0000000008000000      0x1c8 ./Core/Startup/startup_stm32f746zgtx.o
                0x0000000008000000                g_pfnVectors
                0x00000000080001c8                . = ALIGN (0x4)

.text           0x00000000080001d0     0x7458
                0x00000000080001d0                . = ALIGN (0x4)
 *(.text)
 .text          0x00000000080001d0       0x40 C:/ST/STM32CubeIDE_1.13.1/STM32CubeIDE/plugins/com.st.stm32cube.ide.mcu.externaltools.gnu-tools-for-stm32.11.3.rel1.win32_1.1.0.202305231506/tools/bin/../lib/gcc/arm-none-eabi/11.3.1/thumb/v7e-m+fp/hard/crtbegin.o
 .text          0x0000000008000210       0xa0 C:/ST/STM32CubeIDE_1.13.1/STM32CubeIDE/plugins/com.st.stm32cube.ide.mcu.externaltools.gnu-tools-for-stm32.11.3.rel1.win32_1.1.0.202305231506/tools/bin/../lib/gcc/arm-none-eabi/11.3.1/../../../../arm-none-eabi/lib/thumb/v7e-m+fp/hard\libc_nano.a(libc_a-memchr.o)
                0x0000000008000210                memchr
 .text          0x00000000080002b0       0x30 C:/ST/STM32CubeIDE_1.13.1/STM32CubeIDE/plugins/com.st.stm32cube.ide.mcu.externaltools.gnu-tools-for-stm32.11.3.rel1.win32_1.1.0.202305231506/tools/bin/../lib/gcc/arm-none-eabi/11.3.1/thumb/v7e-m+fp/hard\libgcc.a(_aeabi_uldivmod.o)
                0x00000000080002b0                __aeabi_uldivmod
 .text          0x00000000080002e0      0x2c8 C:/ST/STM32CubeIDE_1.13.1/STM32CubeIDE/plugins/com.st.stm32cube.ide.mcu.externaltools.gnu-tools-for-stm32.11.3.rel1.win32_1.1.0.202305231506/tools/bin/../lib/gcc/arm-none-eabi/11.3.1/thumb/v7e-m+fp/hard\libgcc.a(_udivmoddi4.o)
                0x00000000080002e0                __udivmoddi4
 .text          0x00000000080005a8        0x4 C:/ST/STM32CubeIDE_1.13.1/STM32CubeIDE/plugins/com.st.stm32cube.ide.mcu.externaltools.gnu-tools-for-stm32.11.3.rel1.win32_1.1.0.202305231506/tools/bin/../lib/gcc/arm-none-eabi/11.3.1/thumb/v7e-m+fp/hard\libgcc.a(_dvmd_tls.o)
                0x00000000080005a8                __aeabi_idiv0
                0x00000000080005a8                __aeabi_ldiv0
 *(.text*)
 .text.set_motor_pwm
                0x00000000080005ac       0xa8 ./Core/Src/main.o
                0x00000000080005ac                set_motor_pwm
 .text.set_fish_motor_states
                0x0000000008000654      0x148 ./Core/Src/main.o
                0x0000000008000654                set_fish_motor_states
 .text.reset_fish_motors
                0x000000000800079c       0x2c ./Core/Src/main.o
                0x000000000800079c                reset_fish_motors
 .text.loadSongsIntoMemory
                0x00000000080007c8       0x30 ./Core/Src/main.o
                0x00000000080007c8                loadSongsIntoMemory
 .text.playSong
                0x00000000080007f8       0x4c ./Core/Src/main.o
                0x00000000080007f8                playSong
 .text.stopSong
                0x0000000008000844       0x5c ./Core/Src/main.o
                0x0000000008000844                stopSong
 .text.main     0x00000000080008a0      0x120 ./Core/Src/main.o
                0x00000000080008a0                main
 .text.SystemClock_Config
                0x00000000080009c0       0xcc ./Core/Src/main.o
                0x00000000080009c0                SystemClock_Config
 .text.MX_I2C1_Init
                0x0000000008000a8c       0x80 ./Core/Src/main.o
 .text.MX_TIM1_Init
                0x0000000008000b0c      0x154 ./Core/Src/main.o
 .text.MX_TIM2_Init
                0x0000000008000c60       0xb0 ./Core/Src/main.o
 .text.MX_TIM3_Init
                0x0000000008000d10       0xf0 ./Core/Src/main.o
 .text.MX_TIM4_Init
                0x0000000008000e00       0xf0 ./Core/Src/main.o
 .text.MX_TIM10_Init
                0x0000000008000ef0       0x48 ./Core/Src/main.o
 .text.MX_USART3_UART_Init
                0x0000000008000f38       0x60 ./Core/Src/main.o
 .text.MX_USART6_UART_Init
                0x0000000008000f98       0x60 ./Core/Src/main.o
 .text.MX_USB_OTG_FS_PCD_Init
                0x0000000008000ff8       0x5c ./Core/Src/main.o
 .text.MX_DMA_Init
                0x0000000008001054       0x3c ./Core/Src/main.o
 .text.MX_GPIO_Init
                0x0000000008001090      0x268 ./Core/Src/main.o
 .text.HAL_TIM_PeriodElapsedCallback
                0x00000000080012f8       0x20 ./Core/Src/main.o
                0x00000000080012f8                HAL_TIM_PeriodElapsedCallback
 .text.Error_Handler
                0x0000000008001318        0xa ./Core/Src/main.o
                0x0000000008001318                Error_Handler
 *fill*         0x0000000008001322        0x2 
 .text.HAL_MspInit
                0x0000000008001324       0x48 ./Core/Src/stm32f7xx_hal_msp.o
                0x0000000008001324                HAL_MspInit
 .text.HAL_I2C_MspInit
                0x000000000800136c       0xe0 ./Core/Src/stm32f7xx_hal_msp.o
                0x000000000800136c                HAL_I2C_MspInit
 .text.HAL_TIM_Base_MspInit
                0x000000000800144c       0xd4 ./Core/Src/stm32f7xx_hal_msp.o
                0x000000000800144c                HAL_TIM_Base_MspInit
 .text.HAL_TIM_PWM_MspInit
                0x0000000008001520       0x3c ./Core/Src/stm32f7xx_hal_msp.o
                0x0000000008001520                HAL_TIM_PWM_MspInit
 .text.HAL_TIM_MspPostInit
                0x000000000800155c      0x150 ./Core/Src/stm32f7xx_hal_msp.o
                0x000000000800155c                HAL_TIM_MspPostInit
 .text.HAL_UART_MspInit
                0x00000000080016ac      0x1b4 ./Core/Src/stm32f7xx_hal_msp.o
                0x00000000080016ac                HAL_UART_MspInit
 .text.HAL_PCD_MspInit
                0x0000000008001860       0xf4 ./Core/Src/stm32f7xx_hal_msp.o
                0x0000000008001860                HAL_PCD_MspInit
 .text.NMI_Handler
                0x0000000008001954        0x6 ./Core/Src/stm32f7xx_it.o
                0x0000000008001954                NMI_Handler
 .text.HardFault_Handler
                0x000000000800195a        0x6 ./Core/Src/stm32f7xx_it.o
                0x000000000800195a                HardFault_Handler
 .text.MemManage_Handler
                0x0000000008001960        0x6 ./Core/Src/stm32f7xx_it.o
                0x0000000008001960                MemManage_Handler
 .text.BusFault_Handler
                0x0000000008001966        0x6 ./Core/Src/stm32f7xx_it.o
                0x0000000008001966                BusFault_Handler
 .text.UsageFault_Handler
                0x000000000800196c        0x6 ./Core/Src/stm32f7xx_it.o
                0x000000000800196c                UsageFault_Handler
 .text.SVC_Handler
                0x0000000008001972        0xe ./Core/Src/stm32f7xx_it.o
                0x0000000008001972                SVC_Handler
 .text.DebugMon_Handler
                0x0000000008001980        0xe ./Core/Src/stm32f7xx_it.o
                0x0000000008001980                DebugMon_Handler
 .text.PendSV_Handler
                0x000000000800198e        0xe ./Core/Src/stm32f7xx_it.o
                0x000000000800198e                PendSV_Handler
 .text.SysTick_Handler
                0x000000000800199c        0xc ./Core/Src/stm32f7xx_it.o
                0x000000000800199c                SysTick_Handler
 .text.DMA1_Stream1_IRQHandler
                0x00000000080019a8       0x14 ./Core/Src/stm32f7xx_it.o
                0x00000000080019a8                DMA1_Stream1_IRQHandler
 .text.EXTI9_5_IRQHandler
                0x00000000080019bc        0xe ./Core/Src/stm32f7xx_it.o
                0x00000000080019bc                EXTI9_5_IRQHandler
 *fill*         0x00000000080019ca        0x2 
 .text.TIM1_UP_TIM10_IRQHandler
                0x00000000080019cc       0x1c ./Core/Src/stm32f7xx_it.o
                0x00000000080019cc                TIM1_UP_TIM10_IRQHandler
 .text.I2C1_EV_IRQHandler
                0x00000000080019e8       0x14 ./Core/Src/stm32f7xx_it.o
                0x00000000080019e8                I2C1_EV_IRQHandler
 .text.I2C1_ER_IRQHandler
                0x00000000080019fc       0x14 ./Core/Src/stm32f7xx_it.o
                0x00000000080019fc                I2C1_ER_IRQHandler
 .text.EXTI15_10_IRQHandler
                0x0000000008001a10       0x30 ./Core/Src/stm32f7xx_it.o
                0x0000000008001a10                EXTI15_10_IRQHandler
 .text._sbrk    0x0000000008001a40       0x6c ./Core/Src/sysmem.o
                0x0000000008001a40                _sbrk
 .text.SystemInit
                0x0000000008001aac       0x24 ./Core/Src/system_stm32f7xx.o
                0x0000000008001aac                SystemInit
 .text.Reset_Handler
                0x0000000008001ad0       0x50 ./Core/Startup/startup_stm32f746zgtx.o
                0x0000000008001ad0                Reset_Handler
 .text.Default_Handler
                0x0000000008001b20        0x2 ./Core/Startup/startup_stm32f746zgtx.o
                0x0000000008001b20                RTC_Alarm_IRQHandler
                0x0000000008001b20                EXTI2_IRQHandler
                0x0000000008001b20                TIM8_CC_IRQHandler
                0x0000000008001b20                UART8_IRQHandler
                0x0000000008001b20                SPI4_IRQHandler
                0x0000000008001b20                TIM1_CC_IRQHandler
                0x0000000008001b20                DMA2_Stream5_IRQHandler
                0x0000000008001b20                DMA1_Stream5_IRQHandler
                0x0000000008001b20                PVD_IRQHandler
                0x0000000008001b20                TAMP_STAMP_IRQHandler
                0x0000000008001b20                CAN2_RX1_IRQHandler
                0x0000000008001b20                EXTI3_IRQHandler
                0x0000000008001b20                TIM8_TRG_COM_TIM14_IRQHandler
                0x0000000008001b20                TIM8_UP_TIM13_IRQHandler
                0x0000000008001b20                I2C3_ER_IRQHandler
                0x0000000008001b20                EXTI0_IRQHandler
                0x0000000008001b20                I2C2_EV_IRQHandler
                0x0000000008001b20                DMA1_Stream2_IRQHandler
                0x0000000008001b20                CAN1_RX0_IRQHandler
                0x0000000008001b20                FPU_IRQHandler
                0x0000000008001b20                OTG_HS_WKUP_IRQHandler
                0x0000000008001b20                LTDC_ER_IRQHandler
                0x0000000008001b20                CAN2_SCE_IRQHandler
                0x0000000008001b20                DMA2_Stream2_IRQHandler
                0x0000000008001b20                SPI1_IRQHandler
                0x0000000008001b20                TIM6_DAC_IRQHandler
                0x0000000008001b20                TIM1_BRK_TIM9_IRQHandler
                0x0000000008001b20                DCMI_IRQHandler
                0x0000000008001b20                CAN2_RX0_IRQHandler
                0x0000000008001b20                DMA2_Stream3_IRQHandler
                0x0000000008001b20                SAI2_IRQHandler
                0x0000000008001b20                USART6_IRQHandler
                0x0000000008001b20                USART3_IRQHandler
                0x0000000008001b20                CAN1_RX1_IRQHandler
                0x0000000008001b20                UART5_IRQHandler
                0x0000000008001b20                DMA2_Stream0_IRQHandler
                0x0000000008001b20                TIM4_IRQHandler
                0x0000000008001b20                QUADSPI_IRQHandler
                0x0000000008001b20                DMA1_Stream6_IRQHandler
                0x0000000008001b20                UART4_IRQHandler
                0x0000000008001b20                TIM3_IRQHandler
                0x0000000008001b20                RCC_IRQHandler
                0x0000000008001b20                TIM8_BRK_TIM12_IRQHandler
                0x0000000008001b20                Default_Handler
                0x0000000008001b20                CEC_IRQHandler
                0x0000000008001b20                ADC_IRQHandler
                0x0000000008001b20                DMA1_Stream7_IRQHandler
                0x0000000008001b20                SPI5_IRQHandler
                0x0000000008001b20                TIM7_IRQHandler
                0x0000000008001b20                SDMMC1_IRQHandler
                0x0000000008001b20                CAN2_TX_IRQHandler
                0x0000000008001b20                TIM5_IRQHandler
                0x0000000008001b20                DMA2_Stream7_IRQHandler
                0x0000000008001b20                I2C3_EV_IRQHandler
                0x0000000008001b20                RTC_WKUP_IRQHandler
                0x0000000008001b20                LTDC_IRQHandler
                0x0000000008001b20                ETH_WKUP_IRQHandler
                0x0000000008001b20                SPDIF_RX_IRQHandler
                0x0000000008001b20                SPI2_IRQHandler
                0x0000000008001b20                OTG_HS_EP1_IN_IRQHandler
                0x0000000008001b20                DMA1_Stream0_IRQHandler
                0x0000000008001b20                CAN1_TX_IRQHandler
                0x0000000008001b20                EXTI4_IRQHandler
                0x0000000008001b20                RNG_IRQHandler
                0x0000000008001b20                ETH_IRQHandler
                0x0000000008001b20                OTG_HS_EP1_OUT_IRQHandler
                0x0000000008001b20                WWDG_IRQHandler
                0x0000000008001b20                SPI6_IRQHandler
                0x0000000008001b20                I2C4_EV_IRQHandler
                0x0000000008001b20                TIM2_IRQHandler
                0x0000000008001b20                OTG_FS_WKUP_IRQHandler
                0x0000000008001b20                TIM1_TRG_COM_TIM11_IRQHandler
                0x0000000008001b20                OTG_HS_IRQHandler
                0x0000000008001b20                DMA2D_IRQHandler
                0x0000000008001b20                EXTI1_IRQHandler
                0x0000000008001b20                UART7_IRQHandler
                0x0000000008001b20                USART2_IRQHandler
                0x0000000008001b20                I2C2_ER_IRQHandler
                0x0000000008001b20                DMA2_Stream1_IRQHandler
                0x0000000008001b20                CAN1_SCE_IRQHandler
                0x0000000008001b20                FLASH_IRQHandler
                0x0000000008001b20                DMA2_Stream4_IRQHandler
                0x0000000008001b20                USART1_IRQHandler
                0x0000000008001b20                OTG_FS_IRQHandler
                0x0000000008001b20                SPI3_IRQHandler
                0x0000000008001b20                DMA1_Stream4_IRQHandler
                0x0000000008001b20                FMC_IRQHandler
                0x0000000008001b20                LPTIM1_IRQHandler
                0x0000000008001b20                I2C4_ER_IRQHandler
                0x0000000008001b20                DMA2_Stream6_IRQHandler
                0x0000000008001b20                SAI1_IRQHandler
                0x0000000008001b20                DMA1_Stream3_IRQHandler
 .text.HAL_Init
                0x0000000008001b22       0x1a ./Drivers/STM32F7xx_HAL_Driver/Src/stm32f7xx_hal.o
                0x0000000008001b22                HAL_Init
 .text.HAL_InitTick
                0x0000000008001b3c       0x60 ./Drivers/STM32F7xx_HAL_Driver/Src/stm32f7xx_hal.o
                0x0000000008001b3c                HAL_InitTick
 .text.HAL_IncTick
                0x0000000008001b9c       0x28 ./Drivers/STM32F7xx_HAL_Driver/Src/stm32f7xx_hal.o
                0x0000000008001b9c                HAL_IncTick
 .text.HAL_GetTick
                0x0000000008001bc4       0x18 ./Drivers/STM32F7xx_HAL_Driver/Src/stm32f7xx_hal.o
                0x0000000008001bc4                HAL_GetTick
 .text.HAL_Delay
                0x0000000008001bdc       0x48 ./Drivers/STM32F7xx_HAL_Driver/Src/stm32f7xx_hal.o
                0x0000000008001bdc                HAL_Delay
 .text.__NVIC_SetPriorityGrouping
                0x0000000008001c24       0x48 ./Drivers/STM32F7xx_HAL_Driver/Src/stm32f7xx_hal_cortex.o
 .text.__NVIC_GetPriorityGrouping
                0x0000000008001c6c       0x1c ./Drivers/STM32F7xx_HAL_Driver/Src/stm32f7xx_hal_cortex.o
 .text.__NVIC_EnableIRQ
                0x0000000008001c88       0x3c ./Drivers/STM32F7xx_HAL_Driver/Src/stm32f7xx_hal_cortex.o
 .text.__NVIC_SetPriority
                0x0000000008001cc4       0x54 ./Drivers/STM32F7xx_HAL_Driver/Src/stm32f7xx_hal_cortex.o
 .text.NVIC_EncodePriority
                0x0000000008001d18       0x66 ./Drivers/STM32F7xx_HAL_Driver/Src/stm32f7xx_hal_cortex.o
 *fill*         0x0000000008001d7e        0x2 
 .text.SysTick_Config
                0x0000000008001d80       0x44 ./Drivers/STM32F7xx_HAL_Driver/Src/stm32f7xx_hal_cortex.o
 .text.HAL_NVIC_SetPriorityGrouping
                0x0000000008001dc4       0x16 ./Drivers/STM32F7xx_HAL_Driver/Src/stm32f7xx_hal_cortex.o
                0x0000000008001dc4                HAL_NVIC_SetPriorityGrouping
 .text.HAL_NVIC_SetPriority
                0x0000000008001dda       0x38 ./Drivers/STM32F7xx_HAL_Driver/Src/stm32f7xx_hal_cortex.o
                0x0000000008001dda                HAL_NVIC_SetPriority
 .text.HAL_NVIC_EnableIRQ
                0x0000000008001e12       0x1c ./Drivers/STM32F7xx_HAL_Driver/Src/stm32f7xx_hal_cortex.o
                0x0000000008001e12                HAL_NVIC_EnableIRQ
 .text.HAL_SYSTICK_Config
                0x0000000008001e2e       0x18 ./Drivers/STM32F7xx_HAL_Driver/Src/stm32f7xx_hal_cortex.o
                0x0000000008001e2e                HAL_SYSTICK_Config
 *fill*         0x0000000008001e46        0x2 
 .text.HAL_DMA_Init
                0x0000000008001e48      0x15c ./Drivers/STM32F7xx_HAL_Driver/Src/stm32f7xx_hal_dma.o
                0x0000000008001e48                HAL_DMA_Init
 .text.HAL_DMA_Abort_IT
                0x0000000008001fa4       0x44 ./Drivers/STM32F7xx_HAL_Driver/Src/stm32f7xx_hal_dma.o
                0x0000000008001fa4                HAL_DMA_Abort_IT
 .text.HAL_DMA_IRQHandler
                0x0000000008001fe8      0x314 ./Drivers/STM32F7xx_HAL_Driver/Src/stm32f7xx_hal_dma.o
                0x0000000008001fe8                HAL_DMA_IRQHandler
 .text.HAL_DMA_GetState
                0x00000000080022fc       0x1c ./Drivers/STM32F7xx_HAL_Driver/Src/stm32f7xx_hal_dma.o
                0x00000000080022fc                HAL_DMA_GetState
 .text.DMA_CalcBaseAndBitshift
                0x0000000008002318       0x6c ./Drivers/STM32F7xx_HAL_Driver/Src/stm32f7xx_hal_dma.o
 .text.DMA_CheckFifoParam
                0x0000000008002384       0xf8 ./Drivers/STM32F7xx_HAL_Driver/Src/stm32f7xx_hal_dma.o
 .text.HAL_GPIO_Init
                0x000000000800247c      0x358 ./Drivers/STM32F7xx_HAL_Driver/Src/stm32f7xx_hal_gpio.o
                0x000000000800247c                HAL_GPIO_Init
 .text.HAL_GPIO_WritePin
                0x00000000080027d4       0x32 ./Drivers/STM32F7xx_HAL_Driver/Src/stm32f7xx_hal_gpio.o
                0x00000000080027d4                HAL_GPIO_WritePin
 *fill*         0x0000000008002806        0x2 
 .text.HAL_GPIO_EXTI_IRQHandler
                0x0000000008002808       0x30 ./Drivers/STM32F7xx_HAL_Driver/Src/stm32f7xx_hal_gpio.o
                0x0000000008002808                HAL_GPIO_EXTI_IRQHandler
 .text.HAL_GPIO_EXTI_Callback
                0x0000000008002838       0x16 ./Drivers/STM32F7xx_HAL_Driver/Src/stm32f7xx_hal_gpio.o
                0x0000000008002838                HAL_GPIO_EXTI_Callback
 *fill*         0x000000000800284e        0x2 
 .text.HAL_I2C_Init
                0x0000000008002850      0x120 ./Drivers/STM32F7xx_HAL_Driver/Src/stm32f7xx_hal_i2c.o
                0x0000000008002850                HAL_I2C_Init
 .text.HAL_I2C_EV_IRQHandler
                0x0000000008002970       0x34 ./Drivers/STM32F7xx_HAL_Driver/Src/stm32f7xx_hal_i2c.o
                0x0000000008002970                HAL_I2C_EV_IRQHandler
 .text.HAL_I2C_ER_IRQHandler
                0x00000000080029a4       0xb6 ./Drivers/STM32F7xx_HAL_Driver/Src/stm32f7xx_hal_i2c.o
                0x00000000080029a4                HAL_I2C_ER_IRQHandler
 .text.HAL_I2C_SlaveTxCpltCallback
                0x0000000008002a5a       0x14 ./Drivers/STM32F7xx_HAL_Driver/Src/stm32f7xx_hal_i2c.o
                0x0000000008002a5a                HAL_I2C_SlaveTxCpltCallback
 .text.HAL_I2C_SlaveRxCpltCallback
                0x0000000008002a6e       0x14 ./Drivers/STM32F7xx_HAL_Driver/Src/stm32f7xx_hal_i2c.o
                0x0000000008002a6e                HAL_I2C_SlaveRxCpltCallback
 .text.HAL_I2C_AddrCallback
                0x0000000008002a82       0x1c ./Drivers/STM32F7xx_HAL_Driver/Src/stm32f7xx_hal_i2c.o
                0x0000000008002a82                HAL_I2C_AddrCallback
 .text.HAL_I2C_ListenCpltCallback
                0x0000000008002a9e       0x14 ./Drivers/STM32F7xx_HAL_Driver/Src/stm32f7xx_hal_i2c.o
                0x0000000008002a9e                HAL_I2C_ListenCpltCallback
 .text.HAL_I2C_ErrorCallback
                0x0000000008002ab2       0x14 ./Drivers/STM32F7xx_HAL_Driver/Src/stm32f7xx_hal_i2c.o
                0x0000000008002ab2                HAL_I2C_ErrorCallback
 .text.HAL_I2C_AbortCpltCallback
                0x0000000008002ac6       0x14 ./Drivers/STM32F7xx_HAL_Driver/Src/stm32f7xx_hal_i2c.o
                0x0000000008002ac6                HAL_I2C_AbortCpltCallback
 .text.I2C_Slave_ISR_IT
                0x0000000008002ada      0x1f0 ./Drivers/STM32F7xx_HAL_Driver/Src/stm32f7xx_hal_i2c.o
 .text.I2C_ITAddrCplt
                0x0000000008002cca      0x108 ./Drivers/STM32F7xx_HAL_Driver/Src/stm32f7xx_hal_i2c.o
 .text.I2C_ITSlaveSeqCplt
                0x0000000008002dd2       0xb8 ./Drivers/STM32F7xx_HAL_Driver/Src/stm32f7xx_hal_i2c.o
 *fill*         0x0000000008002e8a        0x2 
 .text.I2C_ITSlaveCplt
                0x0000000008002e8c      0x20c ./Drivers/STM32F7xx_HAL_Driver/Src/stm32f7xx_hal_i2c.o
 .text.I2C_ITListenCplt
                0x0000000008003098       0xa8 ./Drivers/STM32F7xx_HAL_Driver/Src/stm32f7xx_hal_i2c.o
 .text.I2C_ITError
                0x0000000008003140      0x1a0 ./Drivers/STM32F7xx_HAL_Driver/Src/stm32f7xx_hal_i2c.o
 .text.I2C_TreatErrorCallback
                0x00000000080032e0       0x4e ./Drivers/STM32F7xx_HAL_Driver/Src/stm32f7xx_hal_i2c.o
 .text.I2C_Flush_TXDR
                0x000000000800332e       0x48 ./Drivers/STM32F7xx_HAL_Driver/Src/stm32f7xx_hal_i2c.o
 .text.I2C_DMAAbort
                0x0000000008003376       0x3c ./Drivers/STM32F7xx_HAL_Driver/Src/stm32f7xx_hal_i2c.o
 .text.I2C_Disable_IRQ
                0x00000000080033b2       0xbc ./Drivers/STM32F7xx_HAL_Driver/Src/stm32f7xx_hal_i2c.o
 .text.HAL_I2CEx_ConfigAnalogFilter
                0x000000000800346e       0x96 ./Drivers/STM32F7xx_HAL_Driver/Src/stm32f7xx_hal_i2c_ex.o
                0x000000000800346e                HAL_I2CEx_ConfigAnalogFilter
 .text.HAL_I2CEx_ConfigDigitalFilter
                0x0000000008003504       0x98 ./Drivers/STM32F7xx_HAL_Driver/Src/stm32f7xx_hal_i2c_ex.o
                0x0000000008003504                HAL_I2CEx_ConfigDigitalFilter
 .text.HAL_PCD_Init
                0x000000000800359c      0x248 ./Drivers/STM32F7xx_HAL_Driver/Src/stm32f7xx_hal_pcd.o
                0x000000000800359c                HAL_PCD_Init
 .text.HAL_PCDEx_ActivateLPM
                0x00000000080037e4       0x48 ./Drivers/STM32F7xx_HAL_Driver/Src/stm32f7xx_hal_pcd_ex.o
                0x00000000080037e4                HAL_PCDEx_ActivateLPM
 .text.HAL_RCC_OscConfig
                0x000000000800382c      0x548 ./Drivers/STM32F7xx_HAL_Driver/Src/stm32f7xx_hal_rcc.o
                0x000000000800382c                HAL_RCC_OscConfig
 .text.HAL_RCC_ClockConfig
                0x0000000008003d74      0x1d8 ./Drivers/STM32F7xx_HAL_Driver/Src/stm32f7xx_hal_rcc.o
                0x0000000008003d74                HAL_RCC_ClockConfig
 .text.HAL_RCC_GetSysClockFreq
                0x0000000008003f4c      0x20c ./Drivers/STM32F7xx_HAL_Driver/Src/stm32f7xx_hal_rcc.o
                0x0000000008003f4c                HAL_RCC_GetSysClockFreq
 .text.HAL_RCC_GetHCLKFreq
                0x0000000008004158       0x18 ./Drivers/STM32F7xx_HAL_Driver/Src/stm32f7xx_hal_rcc.o
                0x0000000008004158                HAL_RCC_GetHCLKFreq
 .text.HAL_RCC_GetPCLK1Freq
                0x0000000008004170       0x28 ./Drivers/STM32F7xx_HAL_Driver/Src/stm32f7xx_hal_rcc.o
                0x0000000008004170                HAL_RCC_GetPCLK1Freq
 .text.HAL_RCC_GetPCLK2Freq
                0x0000000008004198       0x28 ./Drivers/STM32F7xx_HAL_Driver/Src/stm32f7xx_hal_rcc.o
                0x0000000008004198                HAL_RCC_GetPCLK2Freq
 .text.HAL_RCCEx_PeriphCLKConfig
                0x00000000080041c0      0x7e0 ./Drivers/STM32F7xx_HAL_Driver/Src/stm32f7xx_hal_rcc_ex.o
                0x00000000080041c0                HAL_RCCEx_PeriphCLKConfig
 .text.HAL_TIM_Base_Init
                0x00000000080049a0       0xae ./Drivers/STM32F7xx_HAL_Driver/Src/stm32f7xx_hal_tim.o
                0x00000000080049a0                HAL_TIM_Base_Init
 .text.HAL_TIM_PWM_Init
                0x0000000008004a4e       0xae ./Drivers/STM32F7xx_HAL_Driver/Src/stm32f7xx_hal_tim.o
                0x0000000008004a4e                HAL_TIM_PWM_Init
 .text.HAL_TIM_PWM_Start
                0x0000000008004afc      0x1f4 ./Drivers/STM32F7xx_HAL_Driver/Src/stm32f7xx_hal_tim.o
                0x0000000008004afc                HAL_TIM_PWM_Start
 .text.HAL_TIM_IRQHandler
                0x0000000008004cf0      0x23e ./Drivers/STM32F7xx_HAL_Driver/Src/stm32f7xx_hal_tim.o
                0x0000000008004cf0                HAL_TIM_IRQHandler
 *fill*         0x0000000008004f2e        0x2 
 .text.HAL_TIM_PWM_ConfigChannel
                0x0000000008004f30      0x228 ./Drivers/STM32F7xx_HAL_Driver/Src/stm32f7xx_hal_tim.o
                0x0000000008004f30                HAL_TIM_PWM_ConfigChannel
 .text.HAL_TIM_ConfigClockSource
                0x0000000008005158      0x194 ./Drivers/STM32F7xx_HAL_Driver/Src/stm32f7xx_hal_tim.o
                0x0000000008005158                HAL_TIM_ConfigClockSource
 .text.HAL_TIM_OC_DelayElapsedCallback
                0x00000000080052ec       0x14 ./Drivers/STM32F7xx_HAL_Driver/Src/stm32f7xx_hal_tim.o
                0x00000000080052ec                HAL_TIM_OC_DelayElapsedCallback
 .text.HAL_TIM_IC_CaptureCallback
                0x0000000008005300       0x14 ./Drivers/STM32F7xx_HAL_Driver/Src/stm32f7xx_hal_tim.o
                0x0000000008005300                HAL_TIM_IC_CaptureCallback
 .text.HAL_TIM_PWM_PulseFinishedCallback
                0x0000000008005314       0x14 ./Drivers/STM32F7xx_HAL_Driver/Src/stm32f7xx_hal_tim.o
                0x0000000008005314                HAL_TIM_PWM_PulseFinishedCallback
 .text.HAL_TIM_TriggerCallback
                0x0000000008005328       0x14 ./Drivers/STM32F7xx_HAL_Driver/Src/stm32f7xx_hal_tim.o
                0x0000000008005328                HAL_TIM_TriggerCallback
 .text.TIM_Base_SetConfig
                0x000000000800533c      0x140 ./Drivers/STM32F7xx_HAL_Driver/Src/stm32f7xx_hal_tim.o
                0x000000000800533c                TIM_Base_SetConfig
 .text.TIM_OC1_SetConfig
                0x000000000800547c       0xe4 ./Drivers/STM32F7xx_HAL_Driver/Src/stm32f7xx_hal_tim.o
 .text.TIM_OC2_SetConfig
                0x0000000008005560       0xf0 ./Drivers/STM32F7xx_HAL_Driver/Src/stm32f7xx_hal_tim.o
                0x0000000008005560                TIM_OC2_SetConfig
 .text.TIM_OC3_SetConfig
                0x0000000008005650       0xec ./Drivers/STM32F7xx_HAL_Driver/Src/stm32f7xx_hal_tim.o
 .text.TIM_OC4_SetConfig
                0x000000000800573c       0xb0 ./Drivers/STM32F7xx_HAL_Driver/Src/stm32f7xx_hal_tim.o
 .text.TIM_OC5_SetConfig
                0x00000000080057ec       0xa4 ./Drivers/STM32F7xx_HAL_Driver/Src/stm32f7xx_hal_tim.o
 .text.TIM_OC6_SetConfig
                0x0000000008005890       0xa8 ./Drivers/STM32F7xx_HAL_Driver/Src/stm32f7xx_hal_tim.o
 .text.TIM_TI1_ConfigInputStage
                0x0000000008005938       0x5e ./Drivers/STM32F7xx_HAL_Driver/Src/stm32f7xx_hal_tim.o
 .text.TIM_TI2_ConfigInputStage
                0x0000000008005996       0x60 ./Drivers/STM32F7xx_HAL_Driver/Src/stm32f7xx_hal_tim.o
 .text.TIM_ITRx_SetConfig
                0x00000000080059f6       0x36 ./Drivers/STM32F7xx_HAL_Driver/Src/stm32f7xx_hal_tim.o
 .text.TIM_ETR_SetConfig
                0x0000000008005a2c       0x40 ./Drivers/STM32F7xx_HAL_Driver/Src/stm32f7xx_hal_tim.o
                0x0000000008005a2c                TIM_ETR_SetConfig
 .text.TIM_CCxChannelCmd
                0x0000000008005a6c       0x4a ./Drivers/STM32F7xx_HAL_Driver/Src/stm32f7xx_hal_tim.o
                0x0000000008005a6c                TIM_CCxChannelCmd
 *fill*         0x0000000008005ab6        0x2 
 .text.HAL_TIMEx_MasterConfigSynchronization
                0x0000000008005ab8      0x11c ./Drivers/STM32F7xx_HAL_Driver/Src/stm32f7xx_hal_tim_ex.o
                0x0000000008005ab8                HAL_TIMEx_MasterConfigSynchronization
 .text.HAL_TIMEx_ConfigBreakDeadTime
                0x0000000008005bd4       0xfc ./Drivers/STM32F7xx_HAL_Driver/Src/stm32f7xx_hal_tim_ex.o
                0x0000000008005bd4                HAL_TIMEx_ConfigBreakDeadTime
 .text.HAL_TIMEx_CommutCallback
                0x0000000008005cd0       0x14 ./Drivers/STM32F7xx_HAL_Driver/Src/stm32f7xx_hal_tim_ex.o
                0x0000000008005cd0                HAL_TIMEx_CommutCallback
 .text.HAL_TIMEx_BreakCallback
                0x0000000008005ce4       0x14 ./Drivers/STM32F7xx_HAL_Driver/Src/stm32f7xx_hal_tim_ex.o
                0x0000000008005ce4                HAL_TIMEx_BreakCallback
 .text.HAL_TIMEx_Break2Callback
                0x0000000008005cf8       0x14 ./Drivers/STM32F7xx_HAL_Driver/Src/stm32f7xx_hal_tim_ex.o
                0x0000000008005cf8                HAL_TIMEx_Break2Callback
 .text.HAL_UART_Init
                0x0000000008005d0c       0x9c ./Drivers/STM32F7xx_HAL_Driver/Src/stm32f7xx_hal_uart.o
                0x0000000008005d0c                HAL_UART_Init
 .text.HAL_UART_Transmit
                0x0000000008005da8      0x106 ./Drivers/STM32F7xx_HAL_Driver/Src/stm32f7xx_hal_uart.o
                0x0000000008005da8                HAL_UART_Transmit
 *fill*         0x0000000008005eae        0x2 
 .text.UART_SetConfig
                0x0000000008005eb0      0x4c8 ./Drivers/STM32F7xx_HAL_Driver/Src/stm32f7xx_hal_uart.o
                0x0000000008005eb0                UART_SetConfig
 .text.UART_AdvFeatureConfig
                0x0000000008006378      0x144 ./Drivers/STM32F7xx_HAL_Driver/Src/stm32f7xx_hal_uart.o
                0x0000000008006378                UART_AdvFeatureConfig
 .text.UART_CheckIdleState
                0x00000000080064bc       0x6e ./Drivers/STM32F7xx_HAL_Driver/Src/stm32f7xx_hal_uart.o
                0x00000000080064bc                UART_CheckIdleState
 .text.UART_WaitOnFlagUntilTimeout
                0x000000000800652a      0x18c ./Drivers/STM32F7xx_HAL_Driver/Src/stm32f7xx_hal_uart.o
                0x000000000800652a                UART_WaitOnFlagUntilTimeout
 *fill*         0x00000000080066b6        0x2 
 .text.USB_CoreInit
                0x00000000080066b8       0xb0 ./Drivers/STM32F7xx_HAL_Driver/Src/stm32f7xx_ll_usb.o
                0x00000000080066b8                USB_CoreInit
 .text.USB_DisableGlobalInt
                0x0000000008006768       0x22 ./Drivers/STM32F7xx_HAL_Driver/Src/stm32f7xx_ll_usb.o
                0x0000000008006768                USB_DisableGlobalInt
 .text.USB_SetCurrentMode
                0x000000000800678a       0x98 ./Drivers/STM32F7xx_HAL_Driver/Src/stm32f7xx_ll_usb.o
                0x000000000800678a                USB_SetCurrentMode
 *fill*         0x0000000008006822        0x2 
 .text.USB_DevInit
                0x0000000008006824      0x2bc ./Drivers/STM32F7xx_HAL_Driver/Src/stm32f7xx_ll_usb.o
                0x0000000008006824                USB_DevInit
 .text.USB_FlushTxFifo
                0x0000000008006ae0       0x68 ./Drivers/STM32F7xx_HAL_Driver/Src/stm32f7xx_ll_usb.o
                0x0000000008006ae0                USB_FlushTxFifo
 .text.USB_FlushRxFifo
                0x0000000008006b48       0x60 ./Drivers/STM32F7xx_HAL_Driver/Src/stm32f7xx_ll_usb.o
                0x0000000008006b48                USB_FlushRxFifo
 .text.USB_SetDevSpeed
                0x0000000008006ba8       0x32 ./Drivers/STM32F7xx_HAL_Driver/Src/stm32f7xx_ll_usb.o
                0x0000000008006ba8                USB_SetDevSpeed
 .text.USB_DevDisconnect
                0x0000000008006bda       0x42 ./Drivers/STM32F7xx_HAL_Driver/Src/stm32f7xx_ll_usb.o
                0x0000000008006bda                USB_DevDisconnect
 .text.USB_GetMode
                0x0000000008006c1c       0x1c ./Drivers/STM32F7xx_HAL_Driver/Src/stm32f7xx_ll_usb.o
                0x0000000008006c1c                USB_GetMode
 .text.USB_CoreReset
                0x0000000008006c38       0x68 ./Drivers/STM32F7xx_HAL_Driver/Src/stm32f7xx_ll_usb.o
 .text.snprintf
                0x0000000008006ca0       0x68 C:/ST/STM32CubeIDE_1.13.1/STM32CubeIDE/plugins/com.st.stm32cube.ide.mcu.externaltools.gnu-tools-for-stm32.11.3.rel1.win32_1.1.0.202305231506/tools/bin/../lib/gcc/arm-none-eabi/11.3.1/../../../../arm-none-eabi/lib/thumb/v7e-m+fp/hard\libc_nano.a(libc_a-snprintf.o)
                0x0000000008006ca0                sniprintf
                0x0000000008006ca0                snprintf
 .text.memset   0x0000000008006d08       0x10 C:/ST/STM32CubeIDE_1.13.1/STM32CubeIDE/plugins/com.st.stm32cube.ide.mcu.externaltools.gnu-tools-for-stm32.11.3.rel1.win32_1.1.0.202305231506/tools/bin/../lib/gcc/arm-none-eabi/11.3.1/../../../../arm-none-eabi/lib/thumb/v7e-m+fp/hard\libc_nano.a(libc_a-memset.o)
                0x0000000008006d08                memset
 .text.__errno  0x0000000008006d18        0xc C:/ST/STM32CubeIDE_1.13.1/STM32CubeIDE/plugins/com.st.stm32cube.ide.mcu.externaltools.gnu-tools-for-stm32.11.3.rel1.win32_1.1.0.202305231506/tools/bin/../lib/gcc/arm-none-eabi/11.3.1/../../../../arm-none-eabi/lib/thumb/v7e-m+fp/hard\libc_nano.a(libc_a-errno.o)
                0x0000000008006d18                __errno
 .text.__libc_init_array
                0x0000000008006d24       0x48 C:/ST/STM32CubeIDE_1.13.1/STM32CubeIDE/plugins/com.st.stm32cube.ide.mcu.externaltools.gnu-tools-for-stm32.11.3.rel1.win32_1.1.0.202305231506/tools/bin/../lib/gcc/arm-none-eabi/11.3.1/../../../../arm-none-eabi/lib/thumb/v7e-m+fp/hard\libc_nano.a(libc_a-init.o)
                0x0000000008006d24                __libc_init_array
 .text.__retarget_lock_acquire_recursive
                0x0000000008006d6c        0x2 C:/ST/STM32CubeIDE_1.13.1/STM32CubeIDE/plugins/com.st.stm32cube.ide.mcu.externaltools.gnu-tools-for-stm32.11.3.rel1.win32_1.1.0.202305231506/tools/bin/../lib/gcc/arm-none-eabi/11.3.1/../../../../arm-none-eabi/lib/thumb/v7e-m+fp/hard\libc_nano.a(libc_a-lock.o)
                0x0000000008006d6c                __retarget_lock_acquire_recursive
 .text.__retarget_lock_release_recursive
                0x0000000008006d6e        0x2 C:/ST/STM32CubeIDE_1.13.1/STM32CubeIDE/plugins/com.st.stm32cube.ide.mcu.externaltools.gnu-tools-for-stm32.11.3.rel1.win32_1.1.0.202305231506/tools/bin/../lib/gcc/arm-none-eabi/11.3.1/../../../../arm-none-eabi/lib/thumb/v7e-m+fp/hard\libc_nano.a(libc_a-lock.o)
                0x0000000008006d6e                __retarget_lock_release_recursive
 .text._free_r  0x0000000008006d70       0x98 C:/ST/STM32CubeIDE_1.13.1/STM32CubeIDE/plugins/com.st.stm32cube.ide.mcu.externaltools.gnu-tools-for-stm32.11.3.rel1.win32_1.1.0.202305231506/tools/bin/../lib/gcc/arm-none-eabi/11.3.1/../../../../arm-none-eabi/lib/thumb/v7e-m+fp/hard\libc_nano.a(libc_a-freer.o)
                0x0000000008006d70                _free_r
 .text.sbrk_aligned
                0x0000000008006e08       0x40 C:/ST/STM32CubeIDE_1.13.1/STM32CubeIDE/plugins/com.st.stm32cube.ide.mcu.externaltools.gnu-tools-for-stm32.11.3.rel1.win32_1.1.0.202305231506/tools/bin/../lib/gcc/arm-none-eabi/11.3.1/../../../../arm-none-eabi/lib/thumb/v7e-m+fp/hard\libc_nano.a(libc_a-mallocr.o)
 .text._malloc_r
                0x0000000008006e48      0x100 C:/ST/STM32CubeIDE_1.13.1/STM32CubeIDE/plugins/com.st.stm32cube.ide.mcu.externaltools.gnu-tools-for-stm32.11.3.rel1.win32_1.1.0.202305231506/tools/bin/../lib/gcc/arm-none-eabi/11.3.1/../../../../arm-none-eabi/lib/thumb/v7e-m+fp/hard\libc_nano.a(libc_a-mallocr.o)
                0x0000000008006e48                _malloc_r
 .text.__malloc_lock
                0x0000000008006f48        0xc C:/ST/STM32CubeIDE_1.13.1/STM32CubeIDE/plugins/com.st.stm32cube.ide.mcu.externaltools.gnu-tools-for-stm32.11.3.rel1.win32_1.1.0.202305231506/tools/bin/../lib/gcc/arm-none-eabi/11.3.1/../../../../arm-none-eabi/lib/thumb/v7e-m+fp/hard\libc_nano.a(libc_a-mlock.o)
                0x0000000008006f48                __malloc_lock
 .text.__malloc_unlock
                0x0000000008006f54        0xc C:/ST/STM32CubeIDE_1.13.1/STM32CubeIDE/plugins/com.st.stm32cube.ide.mcu.externaltools.gnu-tools-for-stm32.11.3.rel1.win32_1.1.0.202305231506/tools/bin/../lib/gcc/arm-none-eabi/11.3.1/../../../../arm-none-eabi/lib/thumb/v7e-m+fp/hard\libc_nano.a(libc_a-mlock.o)
                0x0000000008006f54                __malloc_unlock
 .text.__ssputs_r
                0x0000000008006f60       0xb4 C:/ST/STM32CubeIDE_1.13.1/STM32CubeIDE/plugins/com.st.stm32cube.ide.mcu.externaltools.gnu-tools-for-stm32.11.3.rel1.win32_1.1.0.202305231506/tools/bin/../lib/gcc/arm-none-eabi/11.3.1/../../../../arm-none-eabi/lib/thumb/v7e-m+fp/hard\libc_nano.a(libc_a-nano-svfprintf.o)
                0x0000000008006f60                __ssputs_r
 .text._svfprintf_r
                0x0000000008007014      0x1fc C:/ST/STM32CubeIDE_1.13.1/STM32CubeIDE/plugins/com.st.stm32cube.ide.mcu.externaltools.gnu-tools-for-stm32.11.3.rel1.win32_1.1.0.202305231506/tools/bin/../lib/gcc/arm-none-eabi/11.3.1/../../../../arm-none-eabi/lib/thumb/v7e-m+fp/hard\libc_nano.a(libc_a-nano-svfprintf.o)
                0x0000000008007014                _svfiprintf_r
                0x0000000008007014                _svfprintf_r
 .text._printf_common
                0x0000000008007210       0xda C:/ST/STM32CubeIDE_1.13.1/STM32CubeIDE/plugins/com.st.stm32cube.ide.mcu.externaltools.gnu-tools-for-stm32.11.3.rel1.win32_1.1.0.202305231506/tools/bin/../lib/gcc/arm-none-eabi/11.3.1/../../../../arm-none-eabi/lib/thumb/v7e-m+fp/hard\libc_nano.a(libc_a-nano-vfprintf_i.o)
                0x0000000008007210                _printf_common
 *fill*         0x00000000080072ea        0x2 
 .text._printf_i
                0x00000000080072ec      0x244 C:/ST/STM32CubeIDE_1.13.1/STM32CubeIDE/plugins/com.st.stm32cube.ide.mcu.externaltools.gnu-tools-for-stm32.11.3.rel1.win32_1.1.0.202305231506/tools/bin/../lib/gcc/arm-none-eabi/11.3.1/../../../../arm-none-eabi/lib/thumb/v7e-m+fp/hard\libc_nano.a(libc_a-nano-vfprintf_i.o)
                0x00000000080072ec                _printf_i
 .text.memmove  0x0000000008007530       0x34 C:/ST/STM32CubeIDE_1.13.1/STM32CubeIDE/plugins/com.st.stm32cube.ide.mcu.externaltools.gnu-tools-for-stm32.11.3.rel1.win32_1.1.0.202305231506/tools/bin/../lib/gcc/arm-none-eabi/11.3.1/../../../../arm-none-eabi/lib/thumb/v7e-m+fp/hard\libc_nano.a(libc_a-memmove.o)
                0x0000000008007530                memmove
 .text._sbrk_r  0x0000000008007564       0x20 C:/ST/STM32CubeIDE_1.13.1/STM32CubeIDE/plugins/com.st.stm32cube.ide.mcu.externaltools.gnu-tools-for-stm32.11.3.rel1.win32_1.1.0.202305231506/tools/bin/../lib/gcc/arm-none-eabi/11.3.1/../../../../arm-none-eabi/lib/thumb/v7e-m+fp/hard\libc_nano.a(libc_a-sbrkr.o)
                0x0000000008007564                _sbrk_r
 .text.memcpy   0x0000000008007584       0x1c C:/ST/STM32CubeIDE_1.13.1/STM32CubeIDE/plugins/com.st.stm32cube.ide.mcu.externaltools.gnu-tools-for-stm32.11.3.rel1.win32_1.1.0.202305231506/tools/bin/../lib/gcc/arm-none-eabi/11.3.1/../../../../arm-none-eabi/lib/thumb/v7e-m+fp/hard\libc_nano.a(libc_a-memcpy-stub.o)
                0x0000000008007584                memcpy
 .text._realloc_r
                0x00000000080075a0       0x5e C:/ST/STM32CubeIDE_1.13.1/STM32CubeIDE/plugins/com.st.stm32cube.ide.mcu.externaltools.gnu-tools-for-stm32.11.3.rel1.win32_1.1.0.202305231506/tools/bin/../lib/gcc/arm-none-eabi/11.3.1/../../../../arm-none-eabi/lib/thumb/v7e-m+fp/hard\libc_nano.a(libc_a-reallocr.o)
                0x00000000080075a0                _realloc_r
 .text._malloc_usable_size_r
                0x00000000080075fe       0x10 C:/ST/STM32CubeIDE_1.13.1/STM32CubeIDE/plugins/com.st.stm32cube.ide.mcu.externaltools.gnu-tools-for-stm32.11.3.rel1.win32_1.1.0.202305231506/tools/bin/../lib/gcc/arm-none-eabi/11.3.1/../../../../arm-none-eabi/lib/thumb/v7e-m+fp/hard\libc_nano.a(libc_a-msizer.o)
                0x00000000080075fe                _malloc_usable_size_r
 *(.glue_7)
 .glue_7        0x000000000800760e        0x0 linker stubs
 *(.glue_7t)
 .glue_7t       0x000000000800760e        0x0 linker stubs
 *(.eh_frame)
 *fill*         0x000000000800760e        0x2 
 .eh_frame      0x0000000008007610        0x0 C:/ST/STM32CubeIDE_1.13.1/STM32CubeIDE/plugins/com.st.stm32cube.ide.mcu.externaltools.gnu-tools-for-stm32.11.3.rel1.win32_1.1.0.202305231506/tools/bin/../lib/gcc/arm-none-eabi/11.3.1/thumb/v7e-m+fp/hard/crtbegin.o
 *(.init)
 .init          0x0000000008007610        0x4 C:/ST/STM32CubeIDE_1.13.1/STM32CubeIDE/plugins/com.st.stm32cube.ide.mcu.externaltools.gnu-tools-for-stm32.11.3.rel1.win32_1.1.0.202305231506/tools/bin/../lib/gcc/arm-none-eabi/11.3.1/thumb/v7e-m+fp/hard/crti.o
                0x0000000008007610                _init
 .init          0x0000000008007614        0x8 C:/ST/STM32CubeIDE_1.13.1/STM32CubeIDE/plugins/com.st.stm32cube.ide.mcu.externaltools.gnu-tools-for-stm32.11.3.rel1.win32_1.1.0.202305231506/tools/bin/../lib/gcc/arm-none-eabi/11.3.1/thumb/v7e-m+fp/hard/crtn.o
 *(.fini)
 .fini          0x000000000800761c        0x4 C:/ST/STM32CubeIDE_1.13.1/STM32CubeIDE/plugins/com.st.stm32cube.ide.mcu.externaltools.gnu-tools-for-stm32.11.3.rel1.win32_1.1.0.202305231506/tools/bin/../lib/gcc/arm-none-eabi/11.3.1/thumb/v7e-m+fp/hard/crti.o
                0x000000000800761c                _fini
 .fini          0x0000000008007620        0x8 C:/ST/STM32CubeIDE_1.13.1/STM32CubeIDE/plugins/com.st.stm32cube.ide.mcu.externaltools.gnu-tools-for-stm32.11.3.rel1.win32_1.1.0.202305231506/tools/bin/../lib/gcc/arm-none-eabi/11.3.1/thumb/v7e-m+fp/hard/crtn.o
                0x0000000008007628                . = ALIGN (0x4)
                0x0000000008007628                _etext = .

.vfp11_veneer   0x0000000008007628        0x0
 .vfp11_veneer  0x0000000008007628        0x0 linker stubs

.v4_bx          0x0000000008007628        0x0
 .v4_bx         0x0000000008007628        0x0 linker stubs

.iplt           0x0000000008007628        0x0
 .iplt          0x0000000008007628        0x0 C:/ST/STM32CubeIDE_1.13.1/STM32CubeIDE/plugins/com.st.stm32cube.ide.mcu.externaltools.gnu-tools-for-stm32.11.3.rel1.win32_1.1.0.202305231506/tools/bin/../lib/gcc/arm-none-eabi/11.3.1/thumb/v7e-m+fp/hard/crtbegin.o

.rodata         0x0000000008007628       0x58
                0x0000000008007628                . = ALIGN (0x4)
 *(.rodata)
 .rodata        0x0000000008007628        0x3 ./Core/Src/main.o
 *(.rodata*)
 *fill*         0x000000000800762b        0x1 
 .rodata.AHBPrescTable
                0x000000000800762c       0x10 ./Core/Src/system_stm32f7xx.o
                0x000000000800762c                AHBPrescTable
 .rodata.APBPrescTable
                0x000000000800763c        0x8 ./Core/Src/system_stm32f7xx.o
                0x000000000800763c                APBPrescTable
 .rodata.flagBitshiftOffset.0
                0x0000000008007644        0x8 ./Drivers/STM32F7xx_HAL_Driver/Src/stm32f7xx_hal_dma.o
 .rodata._svfprintf_r.str1.1
                0x000000000800764c       0x11 C:/ST/STM32CubeIDE_1.13.1/STM32CubeIDE/plugins/com.st.stm32cube.ide.mcu.externaltools.gnu-tools-for-stm32.11.3.rel1.win32_1.1.0.202305231506/tools/bin/../lib/gcc/arm-none-eabi/11.3.1/../../../../arm-none-eabi/lib/thumb/v7e-m+fp/hard\libc_nano.a(libc_a-nano-svfprintf.o)
 .rodata._printf_i.str1.1
                0x000000000800765d       0x22 C:/ST/STM32CubeIDE_1.13.1/STM32CubeIDE/plugins/com.st.stm32cube.ide.mcu.externaltools.gnu-tools-for-stm32.11.3.rel1.win32_1.1.0.202305231506/tools/bin/../lib/gcc/arm-none-eabi/11.3.1/../../../../arm-none-eabi/lib/thumb/v7e-m+fp/hard\libc_nano.a(libc_a-nano-vfprintf_i.o)
                0x0000000008007680                . = ALIGN (0x4)
 *fill*         0x000000000800767f        0x1 

.ARM.extab      0x0000000008007680        0x0
                0x0000000008007680                . = ALIGN (0x4)
 *(.ARM.extab* .gnu.linkonce.armextab.*)
                0x0000000008007680                . = ALIGN (0x4)

.ARM            0x0000000008007680        0x8
                0x0000000008007680                . = ALIGN (0x4)
                0x0000000008007680                __exidx_start = .
 *(.ARM.exidx*)
 .ARM.exidx     0x0000000008007680        0x8 C:/ST/STM32CubeIDE_1.13.1/STM32CubeIDE/plugins/com.st.stm32cube.ide.mcu.externaltools.gnu-tools-for-stm32.11.3.rel1.win32_1.1.0.202305231506/tools/bin/../lib/gcc/arm-none-eabi/11.3.1/thumb/v7e-m+fp/hard\libgcc.a(_udivmoddi4.o)
                0x0000000008007688                __exidx_end = .
                0x0000000008007688                . = ALIGN (0x4)

.rel.dyn        0x0000000008007688        0x0
 .rel.iplt      0x0000000008007688        0x0 C:/ST/STM32CubeIDE_1.13.1/STM32CubeIDE/plugins/com.st.stm32cube.ide.mcu.externaltools.gnu-tools-for-stm32.11.3.rel1.win32_1.1.0.202305231506/tools/bin/../lib/gcc/arm-none-eabi/11.3.1/thumb/v7e-m+fp/hard/crtbegin.o

.preinit_array  0x0000000008007688        0x0
                0x0000000008007688                . = ALIGN (0x4)
                0x0000000008007688                PROVIDE (__preinit_array_start = .)
 *(.preinit_array*)
                0x0000000008007688                PROVIDE (__preinit_array_end = .)
                0x0000000008007688                . = ALIGN (0x4)

.init_array     0x0000000008007688        0x4
                0x0000000008007688                . = ALIGN (0x4)
                0x0000000008007688                PROVIDE (__init_array_start = .)
 *(SORT_BY_NAME(.init_array.*))
 *(.init_array*)
 .init_array    0x0000000008007688        0x4 C:/ST/STM32CubeIDE_1.13.1/STM32CubeIDE/plugins/com.st.stm32cube.ide.mcu.externaltools.gnu-tools-for-stm32.11.3.rel1.win32_1.1.0.202305231506/tools/bin/../lib/gcc/arm-none-eabi/11.3.1/thumb/v7e-m+fp/hard/crtbegin.o
                0x000000000800768c                PROVIDE (__init_array_end = .)
                0x000000000800768c                . = ALIGN (0x4)

.fini_array     0x000000000800768c        0x4
                0x000000000800768c                . = ALIGN (0x4)
                [!provide]                        PROVIDE (__fini_array_start = .)
 *(SORT_BY_NAME(.fini_array.*))
 *(.fini_array*)
 .fini_array    0x000000000800768c        0x4 C:/ST/STM32CubeIDE_1.13.1/STM32CubeIDE/plugins/com.st.stm32cube.ide.mcu.externaltools.gnu-tools-for-stm32.11.3.rel1.win32_1.1.0.202305231506/tools/bin/../lib/gcc/arm-none-eabi/11.3.1/thumb/v7e-m+fp/hard/crtbegin.o
                [!provide]                        PROVIDE (__fini_array_end = .)
                0x0000000008007690                . = ALIGN (0x4)
                0x0000000008007690                _sidata = LOADADDR (.data)

.data           0x0000000020000000     0x2a8c load address 0x0000000008007690
                0x0000000020000000                . = ALIGN (0x4)
                0x0000000020000000                _sdata = .
 *(.data)
 *(.data*)
 .data.loaded_songs
                0x0000000020000000     0x2a30 ./Core/Src/main.o
                0x0000000020000000                loaded_songs
 .data.SystemCoreClock
                0x0000000020002a30        0x4 ./Core/Src/system_stm32f7xx.o
                0x0000000020002a30                SystemCoreClock
 .data.uwTickPrio
                0x0000000020002a34        0x4 ./Drivers/STM32F7xx_HAL_Driver/Src/stm32f7xx_hal.o
                0x0000000020002a34                uwTickPrio
 .data.uwTickFreq
                0x0000000020002a38        0x1 ./Drivers/STM32F7xx_HAL_Driver/Src/stm32f7xx_hal.o
                0x0000000020002a38                uwTickFreq
 *fill*         0x0000000020002a39        0x3 
 .data._impure_data
                0x0000000020002a3c       0x4c C:/ST/STM32CubeIDE_1.13.1/STM32CubeIDE/plugins/com.st.stm32cube.ide.mcu.externaltools.gnu-tools-for-stm32.11.3.rel1.win32_1.1.0.202305231506/tools/bin/../lib/gcc/arm-none-eabi/11.3.1/../../../../arm-none-eabi/lib/thumb/v7e-m+fp/hard\libc_nano.a(libc_a-impure.o)
                0x0000000020002a3c                _impure_data
 .data._impure_ptr
                0x0000000020002a88        0x4 C:/ST/STM32CubeIDE_1.13.1/STM32CubeIDE/plugins/com.st.stm32cube.ide.mcu.externaltools.gnu-tools-for-stm32.11.3.rel1.win32_1.1.0.202305231506/tools/bin/../lib/gcc/arm-none-eabi/11.3.1/../../../../arm-none-eabi/lib/thumb/v7e-m+fp/hard\libc_nano.a(libc_a-impure.o)
                0x0000000020002a88                _impure_ptr
 *(.RamFunc)
 *(.RamFunc*)
                0x0000000020002a8c                . = ALIGN (0x4)
                0x0000000020002a8c                _edata = .

.igot.plt       0x0000000020002a8c        0x0 load address 0x000000000800a11c
 .igot.plt      0x0000000020002a8c        0x0 C:/ST/STM32CubeIDE_1.13.1/STM32CubeIDE/plugins/com.st.stm32cube.ide.mcu.externaltools.gnu-tools-for-stm32.11.3.rel1.win32_1.1.0.202305231506/tools/bin/../lib/gcc/arm-none-eabi/11.3.1/thumb/v7e-m+fp/hard/crtbegin.o
                0x0000000020002a8c                . = ALIGN (0x4)

.bss            0x0000000020002a8c      0x9d0 load address 0x000000000800a11c
                0x0000000020002a8c                _sbss = .
                0x0000000020002a8c                __bss_start__ = _sbss
 *(.bss)
 .bss           0x0000000020002a8c       0x1c C:/ST/STM32CubeIDE_1.13.1/STM32CubeIDE/plugins/com.st.stm32cube.ide.mcu.externaltools.gnu-tools-for-stm32.11.3.rel1.win32_1.1.0.202305231506/tools/bin/../lib/gcc/arm-none-eabi/11.3.1/thumb/v7e-m+fp/hard/crtbegin.o
 *(.bss*)
 .bss.hi2c1     0x0000000020002aa8       0x54 ./Core/Src/main.o
                0x0000000020002aa8                hi2c1
 .bss.htim1     0x0000000020002afc       0x4c ./Core/Src/main.o
                0x0000000020002afc                htim1
 .bss.htim2     0x0000000020002b48       0x4c ./Core/Src/main.o
                0x0000000020002b48                htim2
 .bss.htim3     0x0000000020002b94       0x4c ./Core/Src/main.o
                0x0000000020002b94                htim3
 .bss.htim4     0x0000000020002be0       0x4c ./Core/Src/main.o
                0x0000000020002be0                htim4
 .bss.htim10    0x0000000020002c2c       0x4c ./Core/Src/main.o
                0x0000000020002c2c                htim10
 .bss.huart3    0x0000000020002c78       0x88 ./Core/Src/main.o
                0x0000000020002c78                huart3
 .bss.huart6    0x0000000020002d00       0x88 ./Core/Src/main.o
                0x0000000020002d00                huart6
 .bss.hdma_usart3_rx
                0x0000000020002d88       0x60 ./Core/Src/main.o
                0x0000000020002d88                hdma_usart3_rx
 .bss.hpcd_USB_OTG_FS
                0x0000000020002de8      0x508 ./Core/Src/main.o
                0x0000000020002de8                hpcd_USB_OTG_FS
 .bss.current_song
                0x00000000200032f0        0x1 ./Core/Src/main.o
                0x00000000200032f0                current_song
 *fill*         0x00000000200032f1        0x3 
 .bss.current_song_data
                0x00000000200032f4        0x4 ./Core/Src/main.o
                0x00000000200032f4                current_song_data
 .bss.initial_start_playing
                0x00000000200032f8        0x1 ./Core/Src/main.o
                0x00000000200032f8                initial_start_playing
 *fill*         0x00000000200032f9        0x1 
 .bss.i_play    0x00000000200032fa        0x2 ./Core/Src/main.o
                0x00000000200032fa                i_play
 .bss.currently_loaded_songs
                0x00000000200032fc        0xc ./Core/Src/main.o
                0x00000000200032fc                currently_loaded_songs
 .bss.current_fish_state
                0x0000000020003308        0x1 ./Core/Src/main.o
                0x0000000020003308                current_fish_state
 *fill*         0x0000000020003309        0x3 
 .bss.__sbrk_heap_end
                0x000000002000330c        0x4 ./Core/Src/sysmem.o
 .bss.uwTick    0x0000000020003310        0x4 ./Drivers/STM32F7xx_HAL_Driver/Src/stm32f7xx_hal.o
                0x0000000020003310                uwTick
 .bss.__sf      0x0000000020003314      0x138 C:/ST/STM32CubeIDE_1.13.1/STM32CubeIDE/plugins/com.st.stm32cube.ide.mcu.externaltools.gnu-tools-for-stm32.11.3.rel1.win32_1.1.0.202305231506/tools/bin/../lib/gcc/arm-none-eabi/11.3.1/../../../../arm-none-eabi/lib/thumb/v7e-m+fp/hard\libc_nano.a(libc_a-findfp.o)
                0x0000000020003314                __sf
 .bss.errno     0x000000002000344c        0x4 C:/ST/STM32CubeIDE_1.13.1/STM32CubeIDE/plugins/com.st.stm32cube.ide.mcu.externaltools.gnu-tools-for-stm32.11.3.rel1.win32_1.1.0.202305231506/tools/bin/../lib/gcc/arm-none-eabi/11.3.1/../../../../arm-none-eabi/lib/thumb/v7e-m+fp/hard\libc_nano.a(libc_a-reent.o)
                0x000000002000344c                errno
 .bss.__lock___malloc_recursive_mutex
                0x0000000020003450        0x1 C:/ST/STM32CubeIDE_1.13.1/STM32CubeIDE/plugins/com.st.stm32cube.ide.mcu.externaltools.gnu-tools-for-stm32.11.3.rel1.win32_1.1.0.202305231506/tools/bin/../lib/gcc/arm-none-eabi/11.3.1/../../../../arm-none-eabi/lib/thumb/v7e-m+fp/hard\libc_nano.a(libc_a-lock.o)
                0x0000000020003450                __lock___malloc_recursive_mutex
 *fill*         0x0000000020003451        0x3 
 .bss.__malloc_free_list
                0x0000000020003454        0x4 C:/ST/STM32CubeIDE_1.13.1/STM32CubeIDE/plugins/com.st.stm32cube.ide.mcu.externaltools.gnu-tools-for-stm32.11.3.rel1.win32_1.1.0.202305231506/tools/bin/../lib/gcc/arm-none-eabi/11.3.1/../../../../arm-none-eabi/lib/thumb/v7e-m+fp/hard\libc_nano.a(libc_a-mallocr.o)
                0x0000000020003454                __malloc_free_list
 .bss.__malloc_sbrk_start
                0x0000000020003458        0x4 C:/ST/STM32CubeIDE_1.13.1/STM32CubeIDE/plugins/com.st.stm32cube.ide.mcu.externaltools.gnu-tools-for-stm32.11.3.rel1.win32_1.1.0.202305231506/tools/bin/../lib/gcc/arm-none-eabi/11.3.1/../../../../arm-none-eabi/lib/thumb/v7e-m+fp/hard\libc_nano.a(libc_a-mallocr.o)
                0x0000000020003458                __malloc_sbrk_start
 *(COMMON)
                0x000000002000345c                . = ALIGN (0x4)
                0x000000002000345c                _ebss = .
                0x000000002000345c                __bss_end__ = _ebss

._user_heap_stack
                0x000000002000345c      0x604 load address 0x000000000800a11c
                0x0000000020003460                . = ALIGN (0x8)
 *fill*         0x000000002000345c        0x4 
                [!provide]                        PROVIDE (end = .)
                0x0000000020003460                PROVIDE (_end = .)
                0x0000000020003660                . = (. + _Min_Heap_Size)
 *fill*         0x0000000020003460      0x200 
                0x0000000020003a60                . = (. + _Min_Stack_Size)
 *fill*         0x0000000020003660      0x400 
                0x0000000020003a60                . = ALIGN (0x8)

/DISCARD/
 libc.a(*)
 libm.a(*)
 libgcc.a(*)

.ARM.attributes
                0x0000000000000000       0x30
 *(.ARM.attributes)
 .ARM.attributes
                0x0000000000000000       0x1e C:/ST/STM32CubeIDE_1.13.1/STM32CubeIDE/plugins/com.st.stm32cube.ide.mcu.externaltools.gnu-tools-for-stm32.11.3.rel1.win32_1.1.0.202305231506/tools/bin/../lib/gcc/arm-none-eabi/11.3.1/thumb/v7e-m+fp/hard/crti.o
 .ARM.attributes
                0x000000000000001e       0x34 C:/ST/STM32CubeIDE_1.13.1/STM32CubeIDE/plugins/com.st.stm32cube.ide.mcu.externaltools.gnu-tools-for-stm32.11.3.rel1.win32_1.1.0.202305231506/tools/bin/../lib/gcc/arm-none-eabi/11.3.1/thumb/v7e-m+fp/hard/crtbegin.o
 .ARM.attributes
                0x0000000000000052       0x34 ./Core/Src/main.o
 .ARM.attributes
                0x0000000000000086       0x34 ./Core/Src/stm32f7xx_hal_msp.o
 .ARM.attributes
                0x00000000000000ba       0x34 ./Core/Src/stm32f7xx_it.o
 .ARM.attributes
                0x00000000000000ee       0x34 ./Core/Src/sysmem.o
 .ARM.attributes
                0x0000000000000122       0x34 ./Core/Src/system_stm32f7xx.o
 .ARM.attributes
                0x0000000000000156       0x21 ./Core/Startup/startup_stm32f746zgtx.o
 .ARM.attributes
                0x0000000000000177       0x34 ./Drivers/STM32F7xx_HAL_Driver/Src/stm32f7xx_hal.o
 .ARM.attributes
                0x00000000000001ab       0x34 ./Drivers/STM32F7xx_HAL_Driver/Src/stm32f7xx_hal_cortex.o
 .ARM.attributes
                0x00000000000001df       0x34 ./Drivers/STM32F7xx_HAL_Driver/Src/stm32f7xx_hal_dma.o
 .ARM.attributes
                0x0000000000000213       0x34 ./Drivers/STM32F7xx_HAL_Driver/Src/stm32f7xx_hal_gpio.o
 .ARM.attributes
                0x0000000000000247       0x34 ./Drivers/STM32F7xx_HAL_Driver/Src/stm32f7xx_hal_i2c.o
 .ARM.attributes
                0x000000000000027b       0x34 ./Drivers/STM32F7xx_HAL_Driver/Src/stm32f7xx_hal_i2c_ex.o
 .ARM.attributes
                0x00000000000002af       0x34 ./Drivers/STM32F7xx_HAL_Driver/Src/stm32f7xx_hal_pcd.o
 .ARM.attributes
                0x00000000000002e3       0x34 ./Drivers/STM32F7xx_HAL_Driver/Src/stm32f7xx_hal_pcd_ex.o
 .ARM.attributes
                0x0000000000000317       0x34 ./Drivers/STM32F7xx_HAL_Driver/Src/stm32f7xx_hal_rcc.o
 .ARM.attributes
                0x000000000000034b       0x34 ./Drivers/STM32F7xx_HAL_Driver/Src/stm32f7xx_hal_rcc_ex.o
 .ARM.attributes
                0x000000000000037f       0x34 ./Drivers/STM32F7xx_HAL_Driver/Src/stm32f7xx_hal_tim.o
 .ARM.attributes
                0x00000000000003b3       0x34 ./Drivers/STM32F7xx_HAL_Driver/Src/stm32f7xx_hal_tim_ex.o
 .ARM.attributes
                0x00000000000003e7       0x34 ./Drivers/STM32F7xx_HAL_Driver/Src/stm32f7xx_hal_uart.o
 .ARM.attributes
                0x000000000000041b       0x34 ./Drivers/STM32F7xx_HAL_Driver/Src/stm32f7xx_ll_usb.o
 .ARM.attributes
                0x000000000000044f       0x34 C:/ST/STM32CubeIDE_1.13.1/STM32CubeIDE/plugins/com.st.stm32cube.ide.mcu.externaltools.gnu-tools-for-stm32.11.3.rel1.win32_1.1.0.202305231506/tools/bin/../lib/gcc/arm-none-eabi/11.3.1/../../../../arm-none-eabi/lib/thumb/v7e-m+fp/hard\libc_nano.a(libc_a-findfp.o)
 .ARM.attributes
                0x0000000000000483       0x34 C:/ST/STM32CubeIDE_1.13.1/STM32CubeIDE/plugins/com.st.stm32cube.ide.mcu.externaltools.gnu-tools-for-stm32.11.3.rel1.win32_1.1.0.202305231506/tools/bin/../lib/gcc/arm-none-eabi/11.3.1/../../../../arm-none-eabi/lib/thumb/v7e-m+fp/hard\libc_nano.a(libc_a-snprintf.o)
 .ARM.attributes
                0x00000000000004b7       0x34 C:/ST/STM32CubeIDE_1.13.1/STM32CubeIDE/plugins/com.st.stm32cube.ide.mcu.externaltools.gnu-tools-for-stm32.11.3.rel1.win32_1.1.0.202305231506/tools/bin/../lib/gcc/arm-none-eabi/11.3.1/../../../../arm-none-eabi/lib/thumb/v7e-m+fp/hard\libc_nano.a(libc_a-memset.o)
 .ARM.attributes
                0x00000000000004eb       0x34 C:/ST/STM32CubeIDE_1.13.1/STM32CubeIDE/plugins/com.st.stm32cube.ide.mcu.externaltools.gnu-tools-for-stm32.11.3.rel1.win32_1.1.0.202305231506/tools/bin/../lib/gcc/arm-none-eabi/11.3.1/../../../../arm-none-eabi/lib/thumb/v7e-m+fp/hard\libc_nano.a(libc_a-reent.o)
 .ARM.attributes
                0x000000000000051f       0x34 C:/ST/STM32CubeIDE_1.13.1/STM32CubeIDE/plugins/com.st.stm32cube.ide.mcu.externaltools.gnu-tools-for-stm32.11.3.rel1.win32_1.1.0.202305231506/tools/bin/../lib/gcc/arm-none-eabi/11.3.1/../../../../arm-none-eabi/lib/thumb/v7e-m+fp/hard\libc_nano.a(libc_a-impure.o)
 .ARM.attributes
                0x0000000000000553       0x34 C:/ST/STM32CubeIDE_1.13.1/STM32CubeIDE/plugins/com.st.stm32cube.ide.mcu.externaltools.gnu-tools-for-stm32.11.3.rel1.win32_1.1.0.202305231506/tools/bin/../lib/gcc/arm-none-eabi/11.3.1/../../../../arm-none-eabi/lib/thumb/v7e-m+fp/hard\libc_nano.a(libc_a-errno.o)
 .ARM.attributes
                0x0000000000000587       0x34 C:/ST/STM32CubeIDE_1.13.1/STM32CubeIDE/plugins/com.st.stm32cube.ide.mcu.externaltools.gnu-tools-for-stm32.11.3.rel1.win32_1.1.0.202305231506/tools/bin/../lib/gcc/arm-none-eabi/11.3.1/../../../../arm-none-eabi/lib/thumb/v7e-m+fp/hard\libc_nano.a(libc_a-init.o)
 .ARM.attributes
                0x00000000000005bb       0x34 C:/ST/STM32CubeIDE_1.13.1/STM32CubeIDE/plugins/com.st.stm32cube.ide.mcu.externaltools.gnu-tools-for-stm32.11.3.rel1.win32_1.1.0.202305231506/tools/bin/../lib/gcc/arm-none-eabi/11.3.1/../../../../arm-none-eabi/lib/thumb/v7e-m+fp/hard\libc_nano.a(libc_a-lock.o)
 .ARM.attributes
                0x00000000000005ef       0x34 C:/ST/STM32CubeIDE_1.13.1/STM32CubeIDE/plugins/com.st.stm32cube.ide.mcu.externaltools.gnu-tools-for-stm32.11.3.rel1.win32_1.1.0.202305231506/tools/bin/../lib/gcc/arm-none-eabi/11.3.1/../../../../arm-none-eabi/lib/thumb/v7e-m+fp/hard\libc_nano.a(libc_a-freer.o)
 .ARM.attributes
                0x0000000000000623       0x34 C:/ST/STM32CubeIDE_1.13.1/STM32CubeIDE/plugins/com.st.stm32cube.ide.mcu.externaltools.gnu-tools-for-stm32.11.3.rel1.win32_1.1.0.202305231506/tools/bin/../lib/gcc/arm-none-eabi/11.3.1/../../../../arm-none-eabi/lib/thumb/v7e-m+fp/hard\libc_nano.a(libc_a-mallocr.o)
 .ARM.attributes
                0x0000000000000657       0x34 C:/ST/STM32CubeIDE_1.13.1/STM32CubeIDE/plugins/com.st.stm32cube.ide.mcu.externaltools.gnu-tools-for-stm32.11.3.rel1.win32_1.1.0.202305231506/tools/bin/../lib/gcc/arm-none-eabi/11.3.1/../../../../arm-none-eabi/lib/thumb/v7e-m+fp/hard\libc_nano.a(libc_a-mlock.o)
 .ARM.attributes
                0x000000000000068b       0x34 C:/ST/STM32CubeIDE_1.13.1/STM32CubeIDE/plugins/com.st.stm32cube.ide.mcu.externaltools.gnu-tools-for-stm32.11.3.rel1.win32_1.1.0.202305231506/tools/bin/../lib/gcc/arm-none-eabi/11.3.1/../../../../arm-none-eabi/lib/thumb/v7e-m+fp/hard\libc_nano.a(libc_a-nano-svfprintf.o)
 .ARM.attributes
                0x00000000000006bf       0x34 C:/ST/STM32CubeIDE_1.13.1/STM32CubeIDE/plugins/com.st.stm32cube.ide.mcu.externaltools.gnu-tools-for-stm32.11.3.rel1.win32_1.1.0.202305231506/tools/bin/../lib/gcc/arm-none-eabi/11.3.1/../../../../arm-none-eabi/lib/thumb/v7e-m+fp/hard\libc_nano.a(libc_a-nano-vfprintf_i.o)
 .ARM.attributes
                0x00000000000006f3       0x34 C:/ST/STM32CubeIDE_1.13.1/STM32CubeIDE/plugins/com.st.stm32cube.ide.mcu.externaltools.gnu-tools-for-stm32.11.3.rel1.win32_1.1.0.202305231506/tools/bin/../lib/gcc/arm-none-eabi/11.3.1/../../../../arm-none-eabi/lib/thumb/v7e-m+fp/hard\libc_nano.a(libc_a-memmove.o)
 .ARM.attributes
                0x0000000000000727       0x34 C:/ST/STM32CubeIDE_1.13.1/STM32CubeIDE/plugins/com.st.stm32cube.ide.mcu.externaltools.gnu-tools-for-stm32.11.3.rel1.win32_1.1.0.202305231506/tools/bin/../lib/gcc/arm-none-eabi/11.3.1/../../../../arm-none-eabi/lib/thumb/v7e-m+fp/hard\libc_nano.a(libc_a-sbrkr.o)
 .ARM.attributes
                0x000000000000075b       0x1c C:/ST/STM32CubeIDE_1.13.1/STM32CubeIDE/plugins/com.st.stm32cube.ide.mcu.externaltools.gnu-tools-for-stm32.11.3.rel1.win32_1.1.0.202305231506/tools/bin/../lib/gcc/arm-none-eabi/11.3.1/../../../../arm-none-eabi/lib/thumb/v7e-m+fp/hard\libc_nano.a(libc_a-memchr.o)
 .ARM.attributes
                0x0000000000000777       0x34 C:/ST/STM32CubeIDE_1.13.1/STM32CubeIDE/plugins/com.st.stm32cube.ide.mcu.externaltools.gnu-tools-for-stm32.11.3.rel1.win32_1.1.0.202305231506/tools/bin/../lib/gcc/arm-none-eabi/11.3.1/../../../../arm-none-eabi/lib/thumb/v7e-m+fp/hard\libc_nano.a(libc_a-memcpy-stub.o)
 .ARM.attributes
                0x00000000000007ab       0x34 C:/ST/STM32CubeIDE_1.13.1/STM32CubeIDE/plugins/com.st.stm32cube.ide.mcu.externaltools.gnu-tools-for-stm32.11.3.rel1.win32_1.1.0.202305231506/tools/bin/../lib/gcc/arm-none-eabi/11.3.1/../../../../arm-none-eabi/lib/thumb/v7e-m+fp/hard\libc_nano.a(libc_a-reallocr.o)
 .ARM.attributes
                0x00000000000007df       0x34 C:/ST/STM32CubeIDE_1.13.1/STM32CubeIDE/plugins/com.st.stm32cube.ide.mcu.externaltools.gnu-tools-for-stm32.11.3.rel1.win32_1.1.0.202305231506/tools/bin/../lib/gcc/arm-none-eabi/11.3.1/../../../../arm-none-eabi/lib/thumb/v7e-m+fp/hard\libc_nano.a(libc_a-msizer.o)
 .ARM.attributes
                0x0000000000000813       0x1e C:/ST/STM32CubeIDE_1.13.1/STM32CubeIDE/plugins/com.st.stm32cube.ide.mcu.externaltools.gnu-tools-for-stm32.11.3.rel1.win32_1.1.0.202305231506/tools/bin/../lib/gcc/arm-none-eabi/11.3.1/thumb/v7e-m+fp/hard\libgcc.a(_aeabi_uldivmod.o)
 .ARM.attributes
                0x0000000000000831       0x34 C:/ST/STM32CubeIDE_1.13.1/STM32CubeIDE/plugins/com.st.stm32cube.ide.mcu.externaltools.gnu-tools-for-stm32.11.3.rel1.win32_1.1.0.202305231506/tools/bin/../lib/gcc/arm-none-eabi/11.3.1/thumb/v7e-m+fp/hard\libgcc.a(_udivmoddi4.o)
 .ARM.attributes
                0x0000000000000865       0x1e C:/ST/STM32CubeIDE_1.13.1/STM32CubeIDE/plugins/com.st.stm32cube.ide.mcu.externaltools.gnu-tools-for-stm32.11.3.rel1.win32_1.1.0.202305231506/tools/bin/../lib/gcc/arm-none-eabi/11.3.1/thumb/v7e-m+fp/hard\libgcc.a(_dvmd_tls.o)
 .ARM.attributes
                0x0000000000000883       0x1e C:/ST/STM32CubeIDE_1.13.1/STM32CubeIDE/plugins/com.st.stm32cube.ide.mcu.externaltools.gnu-tools-for-stm32.11.3.rel1.win32_1.1.0.202305231506/tools/bin/../lib/gcc/arm-none-eabi/11.3.1/thumb/v7e-m+fp/hard/crtn.o
OUTPUT(Embedded_Final_Project.elf elf32-littlearm)
LOAD linker stubs
LOAD C:/ST/STM32CubeIDE_1.13.1/STM32CubeIDE/plugins/com.st.stm32cube.ide.mcu.externaltools.gnu-tools-for-stm32.11.3.rel1.win32_1.1.0.202305231506/tools/bin/../lib/gcc/arm-none-eabi/11.3.1/../../../../arm-none-eabi/lib/thumb/v7e-m+fp/hard\libc.a
LOAD C:/ST/STM32CubeIDE_1.13.1/STM32CubeIDE/plugins/com.st.stm32cube.ide.mcu.externaltools.gnu-tools-for-stm32.11.3.rel1.win32_1.1.0.202305231506/tools/bin/../lib/gcc/arm-none-eabi/11.3.1/../../../../arm-none-eabi/lib/thumb/v7e-m+fp/hard\libm.a
LOAD C:/ST/STM32CubeIDE_1.13.1/STM32CubeIDE/plugins/com.st.stm32cube.ide.mcu.externaltools.gnu-tools-for-stm32.11.3.rel1.win32_1.1.0.202305231506/tools/bin/../lib/gcc/arm-none-eabi/11.3.1/thumb/v7e-m+fp/hard\libgcc.a

.comment        0x0000000000000000       0x43
 .comment       0x0000000000000000       0x43 C:/ST/STM32CubeIDE_1.13.1/STM32CubeIDE/plugins/com.st.stm32cube.ide.mcu.externaltools.gnu-tools-for-stm32.11.3.rel1.win32_1.1.0.202305231506/tools/bin/../lib/gcc/arm-none-eabi/11.3.1/thumb/v7e-m+fp/hard/crtbegin.o
                                         0x44 (size before relaxing)
 .comment       0x0000000000000043       0x44 ./Core/Src/main.o
 .comment       0x0000000000000043       0x44 ./Core/Src/stm32f7xx_hal_msp.o
 .comment       0x0000000000000043       0x44 ./Core/Src/stm32f7xx_it.o
 .comment       0x0000000000000043       0x44 ./Core/Src/sysmem.o
 .comment       0x0000000000000043       0x44 ./Core/Src/system_stm32f7xx.o
 .comment       0x0000000000000043       0x44 ./Drivers/STM32F7xx_HAL_Driver/Src/stm32f7xx_hal.o
 .comment       0x0000000000000043       0x44 ./Drivers/STM32F7xx_HAL_Driver/Src/stm32f7xx_hal_cortex.o
 .comment       0x0000000000000043       0x44 ./Drivers/STM32F7xx_HAL_Driver/Src/stm32f7xx_hal_dma.o
 .comment       0x0000000000000043       0x44 ./Drivers/STM32F7xx_HAL_Driver/Src/stm32f7xx_hal_gpio.o
 .comment       0x0000000000000043       0x44 ./Drivers/STM32F7xx_HAL_Driver/Src/stm32f7xx_hal_i2c.o
 .comment       0x0000000000000043       0x44 ./Drivers/STM32F7xx_HAL_Driver/Src/stm32f7xx_hal_i2c_ex.o
 .comment       0x0000000000000043       0x44 ./Drivers/STM32F7xx_HAL_Driver/Src/stm32f7xx_hal_pcd.o
 .comment       0x0000000000000043       0x44 ./Drivers/STM32F7xx_HAL_Driver/Src/stm32f7xx_hal_pcd_ex.o
 .comment       0x0000000000000043       0x44 ./Drivers/STM32F7xx_HAL_Driver/Src/stm32f7xx_hal_rcc.o
 .comment       0x0000000000000043       0x44 ./Drivers/STM32F7xx_HAL_Driver/Src/stm32f7xx_hal_rcc_ex.o
 .comment       0x0000000000000043       0x44 ./Drivers/STM32F7xx_HAL_Driver/Src/stm32f7xx_hal_tim.o
 .comment       0x0000000000000043       0x44 ./Drivers/STM32F7xx_HAL_Driver/Src/stm32f7xx_hal_tim_ex.o
 .comment       0x0000000000000043       0x44 ./Drivers/STM32F7xx_HAL_Driver/Src/stm32f7xx_hal_uart.o
 .comment       0x0000000000000043       0x44 ./Drivers/STM32F7xx_HAL_Driver/Src/stm32f7xx_ll_usb.o

.debug_info     0x0000000000000000    0x16b2f
 .debug_info    0x0000000000000000     0x259d ./Core/Src/main.o
 .debug_info    0x000000000000259d     0x1e00 ./Core/Src/stm32f7xx_hal_msp.o
 .debug_info    0x000000000000439d      0xb62 ./Core/Src/stm32f7xx_it.o
 .debug_info    0x0000000000004eff      0x168 ./Core/Src/sysmem.o
 .debug_info    0x0000000000005067      0x6ed ./Core/Src/system_stm32f7xx.o
 .debug_info    0x0000000000005754       0x23 ./Core/Startup/startup_stm32f746zgtx.o
 .debug_info    0x0000000000005777      0x9d8 ./Drivers/STM32F7xx_HAL_Driver/Src/stm32f7xx_hal.o
 .debug_info    0x000000000000614f      0xf49 ./Drivers/STM32F7xx_HAL_Driver/Src/stm32f7xx_hal_cortex.o
 .debug_info    0x0000000000007098      0x8e7 ./Drivers/STM32F7xx_HAL_Driver/Src/stm32f7xx_hal_dma.o
 .debug_info    0x000000000000797f      0x6e7 ./Drivers/STM32F7xx_HAL_Driver/Src/stm32f7xx_hal_gpio.o
 .debug_info    0x0000000000008066     0x20b3 ./Drivers/STM32F7xx_HAL_Driver/Src/stm32f7xx_hal_i2c.o
 .debug_info    0x000000000000a119      0x92e ./Drivers/STM32F7xx_HAL_Driver/Src/stm32f7xx_hal_i2c_ex.o
 .debug_info    0x000000000000aa47     0x156c ./Drivers/STM32F7xx_HAL_Driver/Src/stm32f7xx_hal_pcd.o
 .debug_info    0x000000000000bfb3      0x78b ./Drivers/STM32F7xx_HAL_Driver/Src/stm32f7xx_hal_pcd_ex.o
 .debug_info    0x000000000000c73e      0x8dc ./Drivers/STM32F7xx_HAL_Driver/Src/stm32f7xx_hal_rcc.o
 .debug_info    0x000000000000d01a      0x6bd ./Drivers/STM32F7xx_HAL_Driver/Src/stm32f7xx_hal_rcc_ex.o
 .debug_info    0x000000000000d6d7     0x2a9a ./Drivers/STM32F7xx_HAL_Driver/Src/stm32f7xx_hal_tim.o
 .debug_info    0x0000000000010171     0x15bb ./Drivers/STM32F7xx_HAL_Driver/Src/stm32f7xx_hal_tim_ex.o
 .debug_info    0x000000000001172c     0x3a47 ./Drivers/STM32F7xx_HAL_Driver/Src/stm32f7xx_hal_uart.o
 .debug_info    0x0000000000015173     0x19bc ./Drivers/STM32F7xx_HAL_Driver/Src/stm32f7xx_ll_usb.o

.debug_abbrev   0x0000000000000000     0x2be9
 .debug_abbrev  0x0000000000000000      0x439 ./Core/Src/main.o
 .debug_abbrev  0x0000000000000439      0x2e4 ./Core/Src/stm32f7xx_hal_msp.o
 .debug_abbrev  0x000000000000071d      0x1eb ./Core/Src/stm32f7xx_it.o
 .debug_abbrev  0x0000000000000908       0xbc ./Core/Src/sysmem.o
 .debug_abbrev  0x00000000000009c4      0x13b ./Core/Src/system_stm32f7xx.o
 .debug_abbrev  0x0000000000000aff       0x12 ./Core/Startup/startup_stm32f746zgtx.o
 .debug_abbrev  0x0000000000000b11      0x213 ./Drivers/STM32F7xx_HAL_Driver/Src/stm32f7xx_hal.o
 .debug_abbrev  0x0000000000000d24      0x329 ./Drivers/STM32F7xx_HAL_Driver/Src/stm32f7xx_hal_cortex.o
 .debug_abbrev  0x000000000000104d      0x264 ./Drivers/STM32F7xx_HAL_Driver/Src/stm32f7xx_hal_dma.o
 .debug_abbrev  0x00000000000012b1      0x1d4 ./Drivers/STM32F7xx_HAL_Driver/Src/stm32f7xx_hal_gpio.o
 .debug_abbrev  0x0000000000001485      0x259 ./Drivers/STM32F7xx_HAL_Driver/Src/stm32f7xx_hal_i2c.o
 .debug_abbrev  0x00000000000016de      0x19c ./Drivers/STM32F7xx_HAL_Driver/Src/stm32f7xx_hal_i2c_ex.o
 .debug_abbrev  0x000000000000187a      0x2e7 ./Drivers/STM32F7xx_HAL_Driver/Src/stm32f7xx_hal_pcd.o
 .debug_abbrev  0x0000000000001b61      0x1ca ./Drivers/STM32F7xx_HAL_Driver/Src/stm32f7xx_hal_pcd_ex.o
 .debug_abbrev  0x0000000000001d2b      0x288 ./Drivers/STM32F7xx_HAL_Driver/Src/stm32f7xx_hal_rcc.o
 .debug_abbrev  0x0000000000001fb3      0x1c9 ./Drivers/STM32F7xx_HAL_Driver/Src/stm32f7xx_hal_rcc_ex.o
 .debug_abbrev  0x000000000000217c      0x278 ./Drivers/STM32F7xx_HAL_Driver/Src/stm32f7xx_hal_tim.o
 .debug_abbrev  0x00000000000023f4      0x283 ./Drivers/STM32F7xx_HAL_Driver/Src/stm32f7xx_hal_tim_ex.o
 .debug_abbrev  0x0000000000002677      0x2e6 ./Drivers/STM32F7xx_HAL_Driver/Src/stm32f7xx_hal_uart.o
 .debug_abbrev  0x000000000000295d      0x28c ./Drivers/STM32F7xx_HAL_Driver/Src/stm32f7xx_ll_usb.o

.debug_aranges  0x0000000000000000     0x13b8
 .debug_aranges
                0x0000000000000000       0xd8 ./Core/Src/main.o
 .debug_aranges
                0x00000000000000d8       0x78 ./Core/Src/stm32f7xx_hal_msp.o
 .debug_aranges
                0x0000000000000150       0x90 ./Core/Src/stm32f7xx_it.o
 .debug_aranges
                0x00000000000001e0       0x20 ./Core/Src/sysmem.o
 .debug_aranges
                0x0000000000000200       0x28 ./Core/Src/system_stm32f7xx.o
 .debug_aranges
                0x0000000000000228       0x28 ./Core/Startup/startup_stm32f746zgtx.o
 .debug_aranges
                0x0000000000000250      0x100 ./Drivers/STM32F7xx_HAL_Driver/Src/stm32f7xx_hal.o
 .debug_aranges
                0x0000000000000350      0x118 ./Drivers/STM32F7xx_HAL_Driver/Src/stm32f7xx_hal_cortex.o
 .debug_aranges
                0x0000000000000468       0x90 ./Drivers/STM32F7xx_HAL_Driver/Src/stm32f7xx_hal_dma.o
 .debug_aranges
                0x00000000000004f8       0x58 ./Drivers/STM32F7xx_HAL_Driver/Src/stm32f7xx_hal_gpio.o
 .debug_aranges
                0x0000000000000550      0x2a0 ./Drivers/STM32F7xx_HAL_Driver/Src/stm32f7xx_hal_i2c.o
 .debug_aranges
                0x00000000000007f0       0x38 ./Drivers/STM32F7xx_HAL_Driver/Src/stm32f7xx_hal_i2c_ex.o
 .debug_aranges
                0x0000000000000828      0x148 ./Drivers/STM32F7xx_HAL_Driver/Src/stm32f7xx_hal_pcd.o
 .debug_aranges
                0x0000000000000970       0x48 ./Drivers/STM32F7xx_HAL_Driver/Src/stm32f7xx_hal_pcd_ex.o
 .debug_aranges
                0x00000000000009b8       0x88 ./Drivers/STM32F7xx_HAL_Driver/Src/stm32f7xx_hal_rcc.o
 .debug_aranges
                0x0000000000000a40       0x50 ./Drivers/STM32F7xx_HAL_Driver/Src/stm32f7xx_hal_rcc_ex.o
 .debug_aranges
                0x0000000000000a90      0x3e0 ./Drivers/STM32F7xx_HAL_Driver/Src/stm32f7xx_hal_tim.o
 .debug_aranges
                0x0000000000000e70      0x178 ./Drivers/STM32F7xx_HAL_Driver/Src/stm32f7xx_hal_tim_ex.o
 .debug_aranges
                0x0000000000000fe8      0x228 ./Drivers/STM32F7xx_HAL_Driver/Src/stm32f7xx_hal_uart.o
 .debug_aranges
                0x0000000000001210      0x1a8 ./Drivers/STM32F7xx_HAL_Driver/Src/stm32f7xx_ll_usb.o

.debug_rnglists
                0x0000000000000000      0xf87
 .debug_rnglists
                0x0000000000000000       0xa8 ./Core/Src/main.o
 .debug_rnglists
                0x00000000000000a8       0x5b ./Core/Src/stm32f7xx_hal_msp.o
 .debug_rnglists
                0x0000000000000103       0x67 ./Core/Src/stm32f7xx_it.o
 .debug_rnglists
                0x000000000000016a       0x13 ./Core/Src/sysmem.o
 .debug_rnglists
                0x000000000000017d       0x1a ./Core/Src/system_stm32f7xx.o
 .debug_rnglists
                0x0000000000000197       0x19 ./Core/Startup/startup_stm32f746zgtx.o
 .debug_rnglists
                0x00000000000001b0       0xbb ./Drivers/STM32F7xx_HAL_Driver/Src/stm32f7xx_hal.o
 .debug_rnglists
                0x000000000000026b       0xce ./Drivers/STM32F7xx_HAL_Driver/Src/stm32f7xx_hal_cortex.o
 .debug_rnglists
                0x0000000000000339       0x70 ./Drivers/STM32F7xx_HAL_Driver/Src/stm32f7xx_hal_dma.o
 .debug_rnglists
                0x00000000000003a9       0x3f ./Drivers/STM32F7xx_HAL_Driver/Src/stm32f7xx_hal_gpio.o
 .debug_rnglists
                0x00000000000003e8      0x227 ./Drivers/STM32F7xx_HAL_Driver/Src/stm32f7xx_hal_i2c.o
 .debug_rnglists
                0x000000000000060f       0x27 ./Drivers/STM32F7xx_HAL_Driver/Src/stm32f7xx_hal_i2c_ex.o
 .debug_rnglists
                0x0000000000000636       0xfc ./Drivers/STM32F7xx_HAL_Driver/Src/stm32f7xx_hal_pcd.o
 .debug_rnglists
                0x0000000000000732       0x32 ./Drivers/STM32F7xx_HAL_Driver/Src/stm32f7xx_hal_pcd_ex.o
 .debug_rnglists
                0x0000000000000764       0x67 ./Drivers/STM32F7xx_HAL_Driver/Src/stm32f7xx_hal_rcc.o
 .debug_rnglists
                0x00000000000007cb       0x3c ./Drivers/STM32F7xx_HAL_Driver/Src/stm32f7xx_hal_rcc_ex.o
 .debug_rnglists
                0x0000000000000807      0x328 ./Drivers/STM32F7xx_HAL_Driver/Src/stm32f7xx_hal_tim.o
 .debug_rnglists
                0x0000000000000b2f      0x131 ./Drivers/STM32F7xx_HAL_Driver/Src/stm32f7xx_hal_tim_ex.o
 .debug_rnglists
                0x0000000000000c60      0x1d9 ./Drivers/STM32F7xx_HAL_Driver/Src/stm32f7xx_hal_uart.o
 .debug_rnglists
                0x0000000000000e39      0x14e ./Drivers/STM32F7xx_HAL_Driver/Src/stm32f7xx_ll_usb.o

.debug_macro    0x0000000000000000    0x27265
 .debug_macro   0x0000000000000000      0x3a5 ./Core/Src/main.o
 .debug_macro   0x00000000000003a5      0xaa8 ./Core/Src/main.o
 .debug_macro   0x0000000000000e4d      0x299 ./Core/Src/main.o
 .debug_macro   0x00000000000010e6       0x2e ./Core/Src/main.o
 .debug_macro   0x0000000000001114       0x3b ./Core/Src/main.o
 .debug_macro   0x000000000000114f       0x22 ./Core/Src/main.o
 .debug_macro   0x0000000000001171       0x8e ./Core/Src/main.o
 .debug_macro   0x00000000000011ff       0x51 ./Core/Src/main.o
 .debug_macro   0x0000000000001250      0x103 ./Core/Src/main.o
 .debug_macro   0x0000000000001353       0x6a ./Core/Src/main.o
 .debug_macro   0x00000000000013bd      0x1df ./Core/Src/main.o
 .debug_macro   0x000000000000159c       0x1c ./Core/Src/main.o
 .debug_macro   0x00000000000015b8       0x22 ./Core/Src/main.o
 .debug_macro   0x00000000000015da       0xd9 ./Core/Src/main.o
 .debug_macro   0x00000000000016b3     0x12cd ./Core/Src/main.o
 .debug_macro   0x0000000000002980      0x11f ./Core/Src/main.o
 .debug_macro   0x0000000000002a9f       0x19 ./Core/Src/main.o
 .debug_macro   0x0000000000002ab8    0x1920a ./Core/Src/main.o
 .debug_macro   0x000000000001bcc2       0x6d ./Core/Src/main.o
 .debug_macro   0x000000000001bd2f     0x3749 ./Core/Src/main.o
 .debug_macro   0x000000000001f478      0x174 ./Core/Src/main.o
 .debug_macro   0x000000000001f5ec       0x63 ./Core/Src/main.o
 .debug_macro   0x000000000001f64f     0x18ad ./Core/Src/main.o
 .debug_macro   0x0000000000020efc      0x6c4 ./Core/Src/main.o
 .debug_macro   0x00000000000215c0      0x185 ./Core/Src/main.o
 .debug_macro   0x0000000000021745      0x115 ./Core/Src/main.o
 .debug_macro   0x000000000002185a      0x1fd ./Core/Src/main.o
 .debug_macro   0x0000000000021a57       0xa5 ./Core/Src/main.o
 .debug_macro   0x0000000000021afc      0x24f ./Core/Src/main.o
 .debug_macro   0x0000000000021d4b       0x41 ./Core/Src/main.o
 .debug_macro   0x0000000000021d8c       0x58 ./Core/Src/main.o
 .debug_macro   0x0000000000021de4      0x236 ./Core/Src/main.o
 .debug_macro   0x000000000002201a      0x14e ./Core/Src/main.o
 .debug_macro   0x0000000000022168      0x25a ./Core/Src/main.o
 .debug_macro   0x00000000000223c2       0x12 ./Core/Src/main.o
 .debug_macro   0x00000000000223d4      0x22c ./Core/Src/main.o
 .debug_macro   0x0000000000022600       0x61 ./Core/Src/main.o
 .debug_macro   0x0000000000022661       0xa5 ./Core/Src/main.o
 .debug_macro   0x0000000000022706      0x12e ./Core/Src/main.o
 .debug_macro   0x0000000000022834      0x108 ./Core/Src/main.o
 .debug_macro   0x000000000002293c       0x35 ./Core/Src/main.o
 .debug_macro   0x0000000000022971      0xa7c ./Core/Src/main.o
 .debug_macro   0x00000000000233ed       0x59 ./Core/Src/main.o
 .debug_macro   0x0000000000023446      0x56d ./Core/Src/main.o
 .debug_macro   0x00000000000239b3       0x44 ./Core/Src/main.o
 .debug_macro   0x00000000000239f7      0x256 ./Core/Src/main.o
 .debug_macro   0x0000000000023c4d       0xba ./Core/Src/main.o
 .debug_macro   0x0000000000023d07      0x14d ./Core/Src/main.o
 .debug_macro   0x0000000000023e54      0x12a ./Core/Src/main.o
 .debug_macro   0x0000000000023f7e       0x61 ./Core/Src/main.o
 .debug_macro   0x0000000000023fdf       0x2a ./Core/Src/main.o
 .debug_macro   0x0000000000024009       0x43 ./Core/Src/main.o
 .debug_macro   0x000000000002404c       0x34 ./Core/Src/main.o
 .debug_macro   0x0000000000024080       0x16 ./Core/Src/main.o
 .debug_macro   0x0000000000024096       0x43 ./Core/Src/main.o
 .debug_macro   0x00000000000240d9       0x34 ./Core/Src/main.o
 .debug_macro   0x000000000002410d       0x10 ./Core/Src/main.o
 .debug_macro   0x000000000002411d       0x58 ./Core/Src/main.o
 .debug_macro   0x0000000000024175       0x8e ./Core/Src/main.o
 .debug_macro   0x0000000000024203       0x1c ./Core/Src/main.o
 .debug_macro   0x000000000002421f      0x177 ./Core/Src/main.o
 .debug_macro   0x0000000000024396      0x369 ./Core/Src/main.o
 .debug_macro   0x00000000000246ff       0x10 ./Core/Src/main.o
 .debug_macro   0x000000000002470f       0x35 ./Core/Src/main.o
 .debug_macro   0x0000000000024744       0x20 ./Core/Src/main.o
 .debug_macro   0x0000000000024764       0x16 ./Core/Src/main.o
 .debug_macro   0x000000000002477a       0x16 ./Core/Src/main.o
 .debug_macro   0x0000000000024790       0x29 ./Core/Src/main.o
 .debug_macro   0x00000000000247b9       0x22 ./Core/Src/main.o
 .debug_macro   0x00000000000247db       0x1c ./Core/Src/main.o
 .debug_macro   0x00000000000247f7       0x10 ./Core/Src/main.o
 .debug_macro   0x0000000000024807       0x1c ./Core/Src/main.o
 .debug_macro   0x0000000000024823       0x16 ./Core/Src/main.o
 .debug_macro   0x0000000000024839      0x147 ./Core/Src/main.o
 .debug_macro   0x0000000000024980       0x7c ./Core/Src/main.o
 .debug_macro   0x00000000000249fc      0x215 ./Core/Src/stm32f7xx_hal_msp.o
 .debug_macro   0x0000000000024c11      0x375 ./Core/Src/stm32f7xx_it.o
 .debug_macro   0x0000000000024f86       0xff ./Core/Src/sysmem.o
 .debug_macro   0x0000000000025085      0x23c ./Core/Src/sysmem.o
 .debug_macro   0x00000000000252c1      0x206 ./Core/Src/system_stm32f7xx.o
 .debug_macro   0x00000000000254c7      0x22a ./Drivers/STM32F7xx_HAL_Driver/Src/stm32f7xx_hal.o
 .debug_macro   0x00000000000256f1      0x206 ./Drivers/STM32F7xx_HAL_Driver/Src/stm32f7xx_hal_cortex.o
 .debug_macro   0x00000000000258f7      0x20c ./Drivers/STM32F7xx_HAL_Driver/Src/stm32f7xx_hal_dma.o
 .debug_macro   0x0000000000025b03      0x20c ./Drivers/STM32F7xx_HAL_Driver/Src/stm32f7xx_hal_gpio.o
 .debug_macro   0x0000000000025d0f      0x2d2 ./Drivers/STM32F7xx_HAL_Driver/Src/stm32f7xx_hal_i2c.o
 .debug_macro   0x0000000000025fe1      0x206 ./Drivers/STM32F7xx_HAL_Driver/Src/stm32f7xx_hal_i2c_ex.o
 .debug_macro   0x00000000000261e7      0x212 ./Drivers/STM32F7xx_HAL_Driver/Src/stm32f7xx_hal_pcd.o
 .debug_macro   0x00000000000263f9      0x206 ./Drivers/STM32F7xx_HAL_Driver/Src/stm32f7xx_hal_pcd_ex.o
 .debug_macro   0x00000000000265ff      0x22a ./Drivers/STM32F7xx_HAL_Driver/Src/stm32f7xx_hal_rcc.o
 .debug_macro   0x0000000000026829      0x206 ./Drivers/STM32F7xx_HAL_Driver/Src/stm32f7xx_hal_rcc_ex.o
 .debug_macro   0x0000000000026a2f      0x207 ./Drivers/STM32F7xx_HAL_Driver/Src/stm32f7xx_hal_tim.o
 .debug_macro   0x0000000000026c36      0x206 ./Drivers/STM32F7xx_HAL_Driver/Src/stm32f7xx_hal_tim_ex.o
 .debug_macro   0x0000000000026e3c      0x223 ./Drivers/STM32F7xx_HAL_Driver/Src/stm32f7xx_hal_uart.o
 .debug_macro   0x000000000002705f      0x206 ./Drivers/STM32F7xx_HAL_Driver/Src/stm32f7xx_ll_usb.o

.debug_line     0x0000000000000000    0x18b67
 .debug_line    0x0000000000000000     0x10ca ./Core/Src/main.o
 .debug_line    0x00000000000010ca      0xab9 ./Core/Src/stm32f7xx_hal_msp.o
 .debug_line    0x0000000000001b83      0xaf5 ./Core/Src/stm32f7xx_it.o
 .debug_line    0x0000000000002678      0x579 ./Core/Src/sysmem.o
 .debug_line    0x0000000000002bf1      0x838 ./Core/Src/system_stm32f7xx.o
 .debug_line    0x0000000000003429       0x7a ./Core/Startup/startup_stm32f746zgtx.o
 .debug_line    0x00000000000034a3      0xac9 ./Drivers/STM32F7xx_HAL_Driver/Src/stm32f7xx_hal.o
 .debug_line    0x0000000000003f6c      0xd4f ./Drivers/STM32F7xx_HAL_Driver/Src/stm32f7xx_hal_cortex.o
 .debug_line    0x0000000000004cbb     0x1018 ./Drivers/STM32F7xx_HAL_Driver/Src/stm32f7xx_hal_dma.o
 .debug_line    0x0000000000005cd3      0xc3d ./Drivers/STM32F7xx_HAL_Driver/Src/stm32f7xx_hal_gpio.o
 .debug_line    0x0000000000006910     0x37a0 ./Drivers/STM32F7xx_HAL_Driver/Src/stm32f7xx_hal_i2c.o
 .debug_line    0x000000000000a0b0      0x8f4 ./Drivers/STM32F7xx_HAL_Driver/Src/stm32f7xx_hal_i2c_ex.o
 .debug_line    0x000000000000a9a4     0x1518 ./Drivers/STM32F7xx_HAL_Driver/Src/stm32f7xx_hal_pcd.o
 .debug_line    0x000000000000bebc      0x8ca ./Drivers/STM32F7xx_HAL_Driver/Src/stm32f7xx_hal_pcd_ex.o
 .debug_line    0x000000000000c786      0xf09 ./Drivers/STM32F7xx_HAL_Driver/Src/stm32f7xx_hal_rcc.o
 .debug_line    0x000000000000d68f      0xebd ./Drivers/STM32F7xx_HAL_Driver/Src/stm32f7xx_hal_rcc_ex.o
 .debug_line    0x000000000000e54c     0x3d4e ./Drivers/STM32F7xx_HAL_Driver/Src/stm32f7xx_hal_tim.o
 .debug_line    0x000000000001229a     0x1bce ./Drivers/STM32F7xx_HAL_Driver/Src/stm32f7xx_hal_tim_ex.o
 .debug_line    0x0000000000013e68     0x317a ./Drivers/STM32F7xx_HAL_Driver/Src/stm32f7xx_hal_uart.o
 .debug_line    0x0000000000016fe2     0x1b85 ./Drivers/STM32F7xx_HAL_Driver/Src/stm32f7xx_ll_usb.o

.debug_str      0x0000000000000000    0xf3c8b
 .debug_str     0x0000000000000000    0xeece5 ./Core/Src/main.o
                                      0xef5d7 (size before relaxing)
 .debug_str     0x00000000000eece5      0x3ac ./Core/Src/stm32f7xx_hal_msp.o
                                      0xeb5f4 (size before relaxing)
 .debug_str     0x00000000000ef091      0x1b3 ./Core/Src/stm32f7xx_it.o
                                      0xee161 (size before relaxing)
 .debug_str     0x00000000000ef244      0x4dc ./Core/Src/sysmem.o
                                       0x606e (size before relaxing)
 .debug_str     0x00000000000ef720      0x1a4 ./Core/Src/system_stm32f7xx.o
                                      0xe9a7e (size before relaxing)
 .debug_str     0x00000000000ef8c4       0x34 ./Core/Startup/startup_stm32f746zgtx.o
                                         0x7e (size before relaxing)
 .debug_str     0x00000000000ef8f8      0x40c ./Drivers/STM32F7xx_HAL_Driver/Src/stm32f7xx_hal.o
                                      0xea3e7 (size before relaxing)
 .debug_str     0x00000000000efd04      0x31c ./Drivers/STM32F7xx_HAL_Driver/Src/stm32f7xx_hal_cortex.o
                                      0xea3d2 (size before relaxing)
 .debug_str     0x00000000000f0020      0x2f9 ./Drivers/STM32F7xx_HAL_Driver/Src/stm32f7xx_hal_dma.o
                                      0xe9dbd (size before relaxing)
 .debug_str     0x00000000000f0319       0xec ./Drivers/STM32F7xx_HAL_Driver/Src/stm32f7xx_hal_gpio.o
                                      0xe9b3c (size before relaxing)
 .debug_str     0x00000000000f0405      0xd76 ./Drivers/STM32F7xx_HAL_Driver/Src/stm32f7xx_hal_i2c.o
                                      0xeac94 (size before relaxing)
 .debug_str     0x00000000000f117b       0x89 ./Drivers/STM32F7xx_HAL_Driver/Src/stm32f7xx_hal_i2c_ex.o
                                      0xe9f3a (size before relaxing)
 .debug_str     0x00000000000f1204      0x832 ./Drivers/STM32F7xx_HAL_Driver/Src/stm32f7xx_hal_pcd.o
                                      0xea49b (size before relaxing)
 .debug_str     0x00000000000f1a36      0x12d ./Drivers/STM32F7xx_HAL_Driver/Src/stm32f7xx_hal_pcd_ex.o
                                      0xe9d9c (size before relaxing)
 .debug_str     0x00000000000f1b63      0x205 ./Drivers/STM32F7xx_HAL_Driver/Src/stm32f7xx_hal_rcc.o