Archive member included to satisfy reference by file (symbol)

C:/ST/STM32CubeIDE_1.7.0/STM32CubeIDE/plugins/com.st.stm32cube.ide.mcu.externaltools.gnu-tools-for-stm32.11.3.rel1.win32_1.1.0.202305231506/tools/bin/../lib/gcc/arm-none-eabi/11.3.1/../../../../arm-none-eabi/lib/thumb/v7e-m+fp/hard\libc_nano.a(libc_a-exit.o)
                              C:/ST/STM32CubeIDE_1.7.0/STM32CubeIDE/plugins/com.st.stm32cube.ide.mcu.externaltools.gnu-tools-for-stm32.11.3.rel1.win32_1.1.0.202305231506/tools/bin/../lib/gcc/arm-none-eabi/11.3.1/../../../../arm-none-eabi/lib/thumb/v7e-m+fp/hard/crt0.o (exit)
C:/ST/STM32CubeIDE_1.7.0/STM32CubeIDE/plugins/com.st.stm32cube.ide.mcu.externaltools.gnu-tools-for-stm32.11.3.rel1.win32_1.1.0.202305231506/tools/bin/../lib/gcc/arm-none-eabi/11.3.1/../../../../arm-none-eabi/lib/thumb/v7e-m+fp/hard\libc_nano.a(libc_a-findfp.o)
                              C:/ST/STM32CubeIDE_1.7.0/STM32CubeIDE/plugins/com.st.stm32cube.ide.mcu.externaltools.gnu-tools-for-stm32.11.3.rel1.win32_1.1.0.202305231506/tools/bin/../lib/gcc/arm-none-eabi/11.3.1/../../../../arm-none-eabi/lib/thumb/v7e-m+fp/hard\libc_nano.a(libc_a-exit.o) (__stdio_exit_handler)
C:/ST/STM32CubeIDE_1.7.0/STM32CubeIDE/plugins/com.st.stm32cube.ide.mcu.externaltools.gnu-tools-for-stm32.11.3.rel1.win32_1.1.0.202305231506/tools/bin/../lib/gcc/arm-none-eabi/11.3.1/../../../../arm-none-eabi/lib/thumb/v7e-m+fp/hard\libc_nano.a(libc_a-fwalk.o)
                              C:/ST/STM32CubeIDE_1.7.0/STM32CubeIDE/plugins/com.st.stm32cube.ide.mcu.externaltools.gnu-tools-for-stm32.11.3.rel1.win32_1.1.0.202305231506/tools/bin/../lib/gcc/arm-none-eabi/11.3.1/../../../../arm-none-eabi/lib/thumb/v7e-m+fp/hard\libc_nano.a(libc_a-findfp.o) (_fwalk_sglue)
C:/ST/STM32CubeIDE_1.7.0/STM32CubeIDE/plugins/com.st.stm32cube.ide.mcu.externaltools.gnu-tools-for-stm32.11.3.rel1.win32_1.1.0.202305231506/tools/bin/../lib/gcc/arm-none-eabi/11.3.1/../../../../arm-none-eabi/lib/thumb/v7e-m+fp/hard\libc_nano.a(libc_a-stdio.o)
                              C:/ST/STM32CubeIDE_1.7.0/STM32CubeIDE/plugins/com.st.stm32cube.ide.mcu.externaltools.gnu-tools-for-stm32.11.3.rel1.win32_1.1.0.202305231506/tools/bin/../lib/gcc/arm-none-eabi/11.3.1/../../../../arm-none-eabi/lib/thumb/v7e-m+fp/hard\libc_nano.a(libc_a-findfp.o) (__sread)
C:/ST/STM32CubeIDE_1.7.0/STM32CubeIDE/plugins/com.st.stm32cube.ide.mcu.externaltools.gnu-tools-for-stm32.11.3.rel1.win32_1.1.0.202305231506/tools/bin/../lib/gcc/arm-none-eabi/11.3.1/../../../../arm-none-eabi/lib/thumb/v7e-m+fp/hard\libc_nano.a(libc_a-memset.o)
                              C:/ST/STM32CubeIDE_1.7.0/STM32CubeIDE/plugins/com.st.stm32cube.ide.mcu.externaltools.gnu-tools-for-stm32.11.3.rel1.win32_1.1.0.202305231506/tools/bin/../lib/gcc/arm-none-eabi/11.3.1/../../../../arm-none-eabi/lib/thumb/v7e-m+fp/hard/crt0.o (memset)
C:/ST/STM32CubeIDE_1.7.0/STM32CubeIDE/plugins/com.st.stm32cube.ide.mcu.externaltools.gnu-tools-for-stm32.11.3.rel1.win32_1.1.0.202305231506/tools/bin/../lib/gcc/arm-none-eabi/11.3.1/../../../../arm-none-eabi/lib/thumb/v7e-m+fp/hard\libc_nano.a(libc_a-closer.o)
                              C:/ST/STM32CubeIDE_1.7.0/STM32CubeIDE/plugins/com.st.stm32cube.ide.mcu.externaltools.gnu-tools-for-stm32.11.3.rel1.win32_1.1.0.202305231506/tools/bin/../lib/gcc/arm-none-eabi/11.3.1/../../../../arm-none-eabi/lib/thumb/v7e-m+fp/hard\libc_nano.a(libc_a-stdio.o) (_close_r)
C:/ST/STM32CubeIDE_1.7.0/STM32CubeIDE/plugins/com.st.stm32cube.ide.mcu.externaltools.gnu-tools-for-stm32.11.3.rel1.win32_1.1.0.202305231506/tools/bin/../lib/gcc/arm-none-eabi/11.3.1/../../../../arm-none-eabi/lib/thumb/v7e-m+fp/hard\libc_nano.a(libc_a-reent.o)
                              C:/ST/STM32CubeIDE_1.7.0/STM32CubeIDE/plugins/com.st.stm32cube.ide.mcu.externaltools.gnu-tools-for-stm32.11.3.rel1.win32_1.1.0.202305231506/tools/bin/../lib/gcc/arm-none-eabi/11.3.1/../../../../arm-none-eabi/lib/thumb/v7e-m+fp/hard\libc_nano.a(libc_a-closer.o) (errno)
C:/ST/STM32CubeIDE_1.7.0/STM32CubeIDE/plugins/com.st.stm32cube.ide.mcu.externaltools.gnu-tools-for-stm32.11.3.rel1.win32_1.1.0.202305231506/tools/bin/../lib/gcc/arm-none-eabi/11.3.1/../../../../arm-none-eabi/lib/thumb/v7e-m+fp/hard\libc_nano.a(libc_a-impure.o)
                              C:/ST/STM32CubeIDE_1.7.0/STM32CubeIDE/plugins/com.st.stm32cube.ide.mcu.externaltools.gnu-tools-for-stm32.11.3.rel1.win32_1.1.0.202305231506/tools/bin/../lib/gcc/arm-none-eabi/11.3.1/../../../../arm-none-eabi/lib/thumb/v7e-m+fp/hard\libc_nano.a(libc_a-reent.o) (_impure_ptr)
C:/ST/STM32CubeIDE_1.7.0/STM32CubeIDE/plugins/com.st.stm32cube.ide.mcu.externaltools.gnu-tools-for-stm32.11.3.rel1.win32_1.1.0.202305231506/tools/bin/../lib/gcc/arm-none-eabi/11.3.1/../../../../arm-none-eabi/lib/thumb/v7e-m+fp/hard\libc_nano.a(libc_a-lseekr.o)
[...]
Memory Configuration

Name             Origin             Length             Attributes
RAM              0x0000000020000000 0x0000000000050000 xrw
FLASH            0x0000000008000000 0x0000000000100000 xr
*default*        0x0000000000000000 0xffffffffffffffff

Linker script and memory map

LOAD C:/ST/STM32CubeIDE_1.7.0/STM32CubeIDE/plugins/com.st.stm32cube.ide.mcu.externaltools.gnu-tools-for-stm32.11.3.rel1.win32_1.1.0.202305231506/tools/bin/../lib/gcc/arm-none-eabi/11.3.1/thumb/v7e-m+fp/hard/crti.o
LOAD C:/ST/STM32CubeIDE_1.7.0/STM32CubeIDE/plugins/com.st.stm32cube.ide.mcu.externaltools.gnu-tools-for-stm32.11.3.rel1.win32_1.1.0.202305231506/tools/bin/../lib/gcc/arm-none-eabi/11.3.1/thumb/v7e-m+fp/hard/crtbegin.o
LOAD C:/ST/STM32CubeIDE_1.7.0/STM32CubeIDE/plugins/com.st.stm32cube.ide.mcu.externaltools.gnu-tools-for-stm32.11.3.rel1.win32_1.1.0.202305231506/tools/bin/../lib/gcc/arm-none-eabi/11.3.1/../../../../arm-none-eabi/lib/thumb/v7e-m+fp/hard/crt0.o
LOAD ./Core/Src/main.o
LOAD ./Core/Src/stm32f7xx_hal_msp.o
LOAD ./Core/Src/stm32f7xx_it.o
LOAD ./Core/Src/syscalls.o
LOAD ./Core/Src/sysmem.o
LOAD ./Core/Src/system_stm32f7xx.o
LOAD ./Core/Startup/startup_stm32f746zgtx.o
LOAD ./Drivers/STM32F7xx_HAL_Driver/Src/stm32f7xx_hal.o
LOAD ./Drivers/STM32F7xx_HAL_Driver/Src/stm32f7xx_hal_cortex.o
LOAD ./Drivers/STM32F7xx_HAL_Driver/Src/stm32f7xx_hal_dma.o
LOAD ./Drivers/STM32F7xx_HAL_Driver/Src/stm32f7xx_hal_dma_ex.o
LOAD ./Drivers/STM32F7xx_HAL_Driver/Src/stm32f7xx_hal_exti.o
LOAD ./Drivers/STM32F7xx_HAL_Driver/Src/stm32f7xx_hal_flash.o
LOAD ./Drivers/STM32F7xx_HAL_Driver/Src/stm32f7xx_hal_flash_ex.o
LOAD ./Drivers/STM32F7xx_HAL_Driver/Src/stm32f7xx_hal_gpio.o
LOAD ./Drivers/STM32F7xx_HAL_Driver/Src/stm32f7xx_hal_i2c.o
LOAD ./Drivers/STM32F7xx_HAL_Driver/Src/stm32f7xx_hal_i2c_ex.o
LOAD ./Drivers/STM32F7xx_HAL_Driver/Src/stm32f7xx_hal_pcd.o
LOAD ./Drivers/STM32F7xx_HAL_Driver/Src/stm32f7xx_hal_pcd_ex.o
LOAD ./Drivers/STM32F7xx_HAL_Driver/Src/stm32f7xx_hal_pwr.o
LOAD ./Drivers/STM32F7xx_HAL_Driver/Src/stm32f7xx_hal_pwr_ex.o
LOAD ./Drivers/STM32F7xx_HAL_Driver/Src/stm32f7xx_hal_rcc.o
LOAD ./Drivers/STM32F7xx_HAL_Driver/Src/stm32f7xx_hal_rcc_ex.o
LOAD ./Drivers/STM32F7xx_HAL_Driver/Src/stm32f7xx_hal_tim.o
LOAD ./Drivers/STM32F7xx_HAL_Driver/Src/stm32f7xx_hal_tim_ex.o
LOAD ./Drivers/STM32F7xx_HAL_Driver/Src/stm32f7xx_hal_uart.o
LOAD ./Drivers/STM32F7xx_HAL_Driver/Src/stm32f7xx_hal_uart_ex.o
LOAD ./Drivers/STM32F7xx_HAL_Driver/Src/stm32f7xx_ll_usb.o
START GROUP
LOAD C:/ST/STM32CubeIDE_1.7.0/STM32CubeIDE/plugins/com.st.stm32cube.ide.mcu.externaltools.gnu-tools-for-stm32.11.3.rel1.win32_1.1.0.202305231506/tools/bin/../lib/gcc/arm-none-eabi/11.3.1/../../../../arm-none-eabi/lib/thumb/v7e-m+fp/hard\libstdc++_nano.a
LOAD C:/ST/STM32CubeIDE_1.7.0/STM32CubeIDE/plugins/com.st.stm32cube.ide.mcu.externaltools.gnu-tools-for-stm32.11.3.rel1.win32_1.1.0.202305231506/tools/bin/../lib/gcc/arm-none-eabi/11.3.1/../../../../arm-none-eabi/lib/thumb/v7e-m+fp/hard\libsupc++_nano.a
END GROUP
LOAD C:/ST/STM32CubeIDE_1.7.0/STM32CubeIDE/plugins/com.st.stm32cube.ide.mcu.externaltools.gnu-tools-for-stm32.11.3.rel1.win32_1.1.0.202305231506/tools/bin/../lib/gcc/arm-none-eabi/11.3.1/../../../../arm-none-eabi/lib/thumb/v7e-m+fp/hard\libstdc++_nano.a
LOAD C:/ST/STM32CubeIDE_1.7.0/STM32CubeIDE/plugins/com.st.stm32cube.ide.mcu.externaltools.gnu-tools-for-stm32.11.3.rel1.win32_1.1.0.202305231506/tools/bin/../lib/gcc/arm-none-eabi/11.3.1/../../../../arm-none-eabi/lib/thumb/v7e-m+fp/hard\libm.a
LOAD C:/ST/STM32CubeIDE_1.7.0/STM32CubeIDE/plugins/com.st.stm32cube.ide.mcu.externaltools.gnu-tools-for-stm32.11.3.rel1.win32_1.1.0.202305231506/tools/bin/../lib/gcc/arm-none-eabi/11.3.1/../../../../arm-none-eabi/lib/thumb/v7e-m+fp/hard\libc_nano.a
START GROUP
LOAD C:/ST/STM32CubeIDE_1.7.0/STM32CubeIDE/plugins/com.st.stm32cube.ide.mcu.externaltools.gnu-tools-for-stm32.11.3.rel1.win32_1.1.0.202305231506/tools/bin/../lib/gcc/arm-none-eabi/11.3.1/thumb/v7e-m+fp/hard\libgcc.a
LOAD C:/ST/STM32CubeIDE_1.7.0/STM32CubeIDE/plugins/com.st.stm32cube.ide.mcu.externaltools.gnu-tools-for-stm32.11.3.rel1.win32_1.1.0.202305231506/tools/bin/../lib/gcc/arm-none-eabi/11.3.1/../../../../arm-none-eabi/lib/thumb/v7e-m+fp/hard\libc_nano.a
END GROUP
START GROUP
LOAD C:/ST/STM32CubeIDE_1.7.0/STM32CubeIDE/plugins/com.st.stm32cube.ide.mcu.externaltools.gnu-tools-for-stm32.11.3.rel1.win32_1.1.0.202305231506/tools/bin/../lib/gcc/arm-none-eabi/11.3.1/thumb/v7e-m+fp/hard\libgcc.a
LOAD C:/ST/STM32CubeIDE_1.7.0/STM32CubeIDE/plugins/com.st.stm32cube.ide.mcu.externaltools.gnu-tools-for-stm32.11.3.rel1.win32_1.1.0.202305231506/tools/bin/../lib/gcc/arm-none-eabi/11.3.1/../../../../arm-none-eabi/lib/thumb/v7e-m+fp/hard\libc_nano.a
LOAD C:/ST/STM32CubeIDE_1.7.0/STM32CubeIDE/plugins/com.st.stm32cube.ide.mcu.externaltools.gnu-tools-for-stm32.11.3.rel1.win32_1.1.0.202305231506/tools/bin/../lib/gcc/arm-none-eabi/11.3.1/../../../../arm-none-eabi/lib/thumb/v7e-m+fp/hard\libnosys.a
END GROUP
START GROUP
LOAD C:/ST/STM32CubeIDE_1.7.0/STM32CubeIDE/plugins/com.st.stm32cube.ide.mcu.externaltools.gnu-tools-for-stm32.11.3.rel1.win32_1.1.0.202305231506/tools/bin/../lib/gcc/arm-none-eabi/11.3.1/thumb/v7e-m+fp/hard\libgcc.a
LOAD C:/ST/STM32CubeIDE_1.7.0/STM32CubeIDE/plugins/com.st.stm32cube.ide.mcu.externaltools.gnu-tools-for-stm32.11.3.rel1.win32_1.1.0.202305231506/tools/bin/../lib/gcc/arm-none-eabi/11.3.1/../../../../arm-none-eabi/lib/thumb/v7e-m+fp/hard\libc_nano.a
LOAD C:/ST/STM32CubeIDE_1.7.0/STM32CubeIDE/plugins/com.st.stm32cube.ide.mcu.externaltools.gnu-tools-for-stm32.11.3.rel1.win32_1.1.0.202305231506/tools/bin/../lib/gcc/arm-none-eabi/11.3.1/../../../../arm-none-eabi/lib/thumb/v7e-m+fp/hard\libnosys.a
END GROUP
LOAD C:/ST/STM32CubeIDE_1.7.0/STM32CubeIDE/plugins/com.st.stm32cube.ide.mcu.externaltools.gnu-tools-for-stm32.11.3.rel1.win32_1.1.0.202305231506/tools/bin/../lib/gcc/arm-none-eabi/11.3.1/thumb/v7e-m+fp/hard/crtend.o
LOAD C:/ST/STM32CubeIDE_1.7.0/STM32CubeIDE/plugins/com.st.stm32cube.ide.mcu.externaltools.gnu-tools-for-stm32.11.3.rel1.win32_1.1.0.202305231506/tools/bin/../lib/gcc/arm-none-eabi/11.3.1/thumb/v7e-m+fp/hard/crtn.o
                0x0000000020050000                _estack = (ORIGIN (RAM) + LENGTH (RAM))
                0x0000000000000200                _Min_Heap_Size = 0x200
                0x0000000000000400                _Min_Stack_Size = 0x400

.isr_vector     0x0000000008000000      0x1c8
                0x0000000008000000                . = ALIGN (0x4)
 *(.isr_vector)
 .isr_vector    0x0000000008000000      0x1c8 ./Core/Startup/startup_stm32f746zgtx.o
                0x0000000008000000                g_pfnVectors
                0x00000000080001c8                . = ALIGN (0x4)

.text           0x00000000080001c8     0x718c
                0x00000000080001c8                . = ALIGN (0x4)
 *(.text)
 .text          0x00000000080001c8       0x40 C:/ST/STM32CubeIDE_1.7.0/STM32CubeIDE/plugins/com.st.stm32cube.ide.mcu.externaltools.gnu-tools-for-stm32.11.3.rel1.win32_1.1.0.202305231506/tools/bin/../lib/gcc/arm-none-eabi/11.3.1/thumb/v7e-m+fp/hard/crtbegin.o
 .text          0x0000000008000208       0x30 C:/ST/STM32CubeIDE_1.7.0/STM32CubeIDE/plugins/com.st.stm32cube.ide.mcu.externaltools.gnu-tools-for-stm32.11.3.rel1.win32_1.1.0.202305231506/tools/bin/../lib/gcc/arm-none-eabi/11.3.1/thumb/v7e-m+fp/hard\libgcc.a(_aeabi_uldivmod.o)
                0x0000000008000208                __aeabi_uldivmod
 .text          0x0000000008000238      0x2c8 C:/ST/STM32CubeIDE_1.7.0/STM32CubeIDE/plugins/com.st.stm32cube.ide.mcu.externaltools.gnu-tools-for-stm32.11.3.rel1.win32_1.1.0.202305231506/tools/bin/../lib/gcc/arm-none-eabi/11.3.1/thumb/v7e-m+fp/hard\libgcc.a(_udivmoddi4.o)
                0x0000000008000238                __udivmoddi4
 .text          0x0000000008000500        0x4 C:/ST/STM32CubeIDE_1.7.0/STM32CubeIDE/plugins/com.st.stm32cube.ide.mcu.externaltools.gnu-tools-for-stm32.11.3.rel1.win32_1.1.0.202305231506/tools/bin/../lib/gcc/arm-none-eabi/11.3.1/thumb/v7e-m+fp/hard\libgcc.a(_dvmd_tls.o)
                0x0000000008000500                __aeabi_idiv0
                0x0000000008000500                __aeabi_ldiv0
 *(.text*)
 .text.set_motor_pwm
                0x0000000008000504       0x54 ./Core/Src/main.o
                0x0000000008000504                set_motor_pwm
 .text.main     0x0000000008000558       0xf4 ./Core/Src/main.o
                0x0000000008000558                main
 .text.SystemClock_Config
                0x000000000800064c       0xcc ./Core/Src/main.o
                0x000000000800064c                SystemClock_Config
 .text.MX_I2C1_Init
                0x0000000008000718       0x80 ./Core/Src/main.o
 .text.MX_TIM2_Init
                0x0000000008000798       0xb0 ./Core/Src/main.o
 .text.MX_TIM3_Init
                0x0000000008000848       0xf0 ./Core/Src/main.o
 .text.MX_TIM10_Init
                0x0000000008000938       0x48 ./Core/Src/main.o
 .text.MX_USART3_UART_Init
                0x0000000008000980       0x60 ./Core/Src/main.o
 .text.MX_USB_OTG_FS_PCD_Init
                0x00000000080009e0       0x5c ./Core/Src/main.o
 .text.MX_GPIO_Init
                0x0000000008000a3c      0x1cc ./Core/Src/main.o
 .text.HAL_TIM_PeriodElapsedCallback
                0x0000000008000c08       0x28 ./Core/Src/main.o
                0x0000000008000c08                HAL_TIM_PeriodElapsedCallback
 .text.writeEEPROM
                0x0000000008000c30       0x8c ./Core/Src/main.o
                0x0000000008000c30                writeEEPROM
 .text.readEEPROM
                0x0000000008000cbc       0x78 ./Core/Src/main.o
                0x0000000008000cbc                readEEPROM
 .text.Error_Handler
                0x0000000008000d34        0xa ./Core/Src/main.o
                0x0000000008000d34                Error_Handler
 *fill*         0x0000000008000d3e        0x2 
 .text.HAL_MspInit
                0x0000000008000d40       0x48 ./Core/Src/stm32f7xx_hal_msp.o
                0x0000000008000d40                HAL_MspInit
 .text.HAL_I2C_MspInit
                0x0000000008000d88       0xe0 ./Core/Src/stm32f7xx_hal_msp.o
                0x0000000008000d88                HAL_I2C_MspInit
 .text.HAL_TIM_PWM_MspInit
                0x0000000008000e68       0x3c ./Core/Src/stm32f7xx_hal_msp.o
                0x0000000008000e68                HAL_TIM_PWM_MspInit
 .text.HAL_TIM_Base_MspInit
                0x0000000008000ea4       0x74 ./Core/Src/stm32f7xx_hal_msp.o
                0x0000000008000ea4                HAL_TIM_Base_MspInit
 .text.HAL_TIM_MspPostInit
                0x0000000008000f18       0xb4 ./Core/Src/stm32f7xx_hal_msp.o
                0x0000000008000f18                HAL_TIM_MspPostInit
 .text.HAL_UART_MspInit
                0x0000000008000fcc       0xd0 ./Core/Src/stm32f7xx_hal_msp.o
                0x0000000008000fcc                HAL_UART_MspInit
 .text.HAL_PCD_MspInit
                0x000000000800109c       0xf4 ./Core/Src/stm32f7xx_hal_msp.o
                0x000000000800109c                HAL_PCD_MspInit
 .text.NMI_Handler
                0x0000000008001190        0x6 ./Core/Src/stm32f7xx_it.o
                0x0000000008001190                NMI_Handler
 .text.HardFault_Handler
                0x0000000008001196        0x6 ./Core/Src/stm32f7xx_it.o
                0x0000000008001196                HardFault_Handler
 .text.MemManage_Handler
                0x000000000800119c        0x6 ./Core/Src/stm32f7xx_it.o
                0x000000000800119c                MemManage_Handler
 .text.BusFault_Handler
                0x00000000080011a2        0x6 ./Core/Src/stm32f7xx_it.o
                0x00000000080011a2                BusFault_Handler
 .text.UsageFault_Handler
                0x00000000080011a8        0x6 ./Core/Src/stm32f7xx_it.o
                0x00000000080011a8                UsageFault_Handler
 .text.SVC_Handler
                0x00000000080011ae        0xe ./Core/Src/stm32f7xx_it.o
                0x00000000080011ae                SVC_Handler
 .text.DebugMon_Handler
                0x00000000080011bc        0xe ./Core/Src/stm32f7xx_it.o
                0x00000000080011bc                DebugMon_Handler
 .text.PendSV_Handler
                0x00000000080011ca        0xe ./Core/Src/stm32f7xx_it.o
                0x00000000080011ca                PendSV_Handler
 .text.SysTick_Handler
                0x00000000080011d8        0xc ./Core/Src/stm32f7xx_it.o
                0x00000000080011d8                SysTick_Handler
 .text.TIM1_UP_TIM10_IRQHandler
                0x00000000080011e4       0x14 ./Core/Src/stm32f7xx_it.o
                0x00000000080011e4                TIM1_UP_TIM10_IRQHandler
 .text.I2C1_EV_IRQHandler
                0x00000000080011f8       0x14 ./Core/Src/stm32f7xx_it.o
                0x00000000080011f8                I2C1_EV_IRQHandler
 .text.I2C1_ER_IRQHandler
                0x000000000800120c       0x14 ./Core/Src/stm32f7xx_it.o
                0x000000000800120c                I2C1_ER_IRQHandler
 .text.USART3_IRQHandler
                0x0000000008001220       0x24 ./Core/Src/stm32f7xx_it.o
                0x0000000008001220                USART3_IRQHandler
 .text.SystemInit
                0x0000000008001244       0x24 ./Core/Src/system_stm32f7xx.o
                0x0000000008001244                SystemInit
 .text.Reset_Handler
                0x0000000008001268       0x50 ./Core/Startup/startup_stm32f746zgtx.o
                0x0000000008001268                Reset_Handler
 .text.Default_Handler
                0x00000000080012b8        0x2 ./Core/Startup/startup_stm32f746zgtx.o
                0x00000000080012b8                RTC_Alarm_IRQHandler
                0x00000000080012b8                EXTI2_IRQHandler
                0x00000000080012b8                TIM8_CC_IRQHandler
                0x00000000080012b8                UART8_IRQHandler
                0x00000000080012b8                SPI4_IRQHandler
                0x00000000080012b8                TIM1_CC_IRQHandler
                0x00000000080012b8                DMA2_Stream5_IRQHandler
                0x00000000080012b8                DMA1_Stream5_IRQHandler
                0x00000000080012b8                PVD_IRQHandler
                0x00000000080012b8                TAMP_STAMP_IRQHandler
                0x00000000080012b8                CAN2_RX1_IRQHandler
                0x00000000080012b8                EXTI3_IRQHandler
                0x00000000080012b8                TIM8_TRG_COM_TIM14_IRQHandler
                0x00000000080012b8                TIM8_UP_TIM13_IRQHandler
                0x00000000080012b8                I2C3_ER_IRQHandler
                0x00000000080012b8                EXTI0_IRQHandler
                0x00000000080012b8                I2C2_EV_IRQHandler
                0x00000000080012b8                DMA1_Stream2_IRQHandler
                0x00000000080012b8                CAN1_RX0_IRQHandler
                0x00000000080012b8                FPU_IRQHandler
                0x00000000080012b8                OTG_HS_WKUP_IRQHandler
                0x00000000080012b8                LTDC_ER_IRQHandler
                0x00000000080012b8                CAN2_SCE_IRQHandler
                0x00000000080012b8                DMA2_Stream2_IRQHandler
                0x00000000080012b8                SPI1_IRQHandler
                0x00000000080012b8                TIM6_DAC_IRQHandler
                0x00000000080012b8                TIM1_BRK_TIM9_IRQHandler
                0x00000000080012b8                DCMI_IRQHandler
                0x00000000080012b8                CAN2_RX0_IRQHandler
                0x00000000080012b8                DMA2_Stream3_IRQHandler
                0x00000000080012b8                SAI2_IRQHandler
                0x00000000080012b8                USART6_IRQHandler
                0x00000000080012b8                CAN1_RX1_IRQHandler
                0x00000000080012b8                UART5_IRQHandler
                0x00000000080012b8                DMA2_Stream0_IRQHandler
                0x00000000080012b8                TIM4_IRQHandler
                0x00000000080012b8                QUADSPI_IRQHandler
                0x00000000080012b8                DMA1_Stream6_IRQHandler
                0x00000000080012b8                DMA1_Stream1_IRQHandler
                0x00000000080012b8                UART4_IRQHandler
                0x00000000080012b8                TIM3_IRQHandler
                0x00000000080012b8                RCC_IRQHandler
                0x00000000080012b8                TIM8_BRK_TIM12_IRQHandler
                0x00000000080012b8                Default_Handler
                0x00000000080012b8                CEC_IRQHandler
                0x00000000080012b8                EXTI15_10_IRQHandler
                0x00000000080012b8                ADC_IRQHandler
                0x00000000080012b8                DMA1_Stream7_IRQHandler
                0x00000000080012b8                SPI5_IRQHandler
                0x00000000080012b8                TIM7_IRQHandler
                0x00000000080012b8                SDMMC1_IRQHandler
                0x00000000080012b8                CAN2_TX_IRQHandler
                0x00000000080012b8                TIM5_IRQHandler
                0x00000000080012b8                DMA2_Stream7_IRQHandler
                0x00000000080012b8                I2C3_EV_IRQHandler
                0x00000000080012b8                EXTI9_5_IRQHandler
                0x00000000080012b8                RTC_WKUP_IRQHandler
                0x00000000080012b8                LTDC_IRQHandler
                0x00000000080012b8                ETH_WKUP_IRQHandler
                0x00000000080012b8                SPDIF_RX_IRQHandler
                0x00000000080012b8                SPI2_IRQHandler
                0x00000000080012b8                OTG_HS_EP1_IN_IRQHandler
                0x00000000080012b8                DMA1_Stream0_IRQHandler
                0x00000000080012b8                CAN1_TX_IRQHandler
                0x00000000080012b8                EXTI4_IRQHandler
                0x00000000080012b8                RNG_IRQHandler
                0x00000000080012b8                ETH_IRQHandler
                0x00000000080012b8                OTG_HS_EP1_OUT_IRQHandler
                0x00000000080012b8                WWDG_IRQHandler
                0x00000000080012b8                SPI6_IRQHandler
                0x00000000080012b8                I2C4_EV_IRQHandler
                0x00000000080012b8                TIM2_IRQHandler
                0x00000000080012b8                OTG_FS_WKUP_IRQHandler
                0x00000000080012b8                TIM1_TRG_COM_TIM11_IRQHandler
                0x00000000080012b8                OTG_HS_IRQHandler
                0x00000000080012b8                DMA2D_IRQHandler
                0x00000000080012b8                EXTI1_IRQHandler
                0x00000000080012b8                UART7_IRQHandler
                0x00000000080012b8                USART2_IRQHandler
                0x00000000080012b8                I2C2_ER_IRQHandler
                0x00000000080012b8                DMA2_Stream1_IRQHandler
                0x00000000080012b8                CAN1_SCE_IRQHandler
                0x00000000080012b8                FLASH_IRQHandler
                0x00000000080012b8                DMA2_Stream4_IRQHandler
                0x00000000080012b8                USART1_IRQHandler
                0x00000000080012b8                OTG_FS_IRQHandler
                0x00000000080012b8                SPI3_IRQHandler
                0x00000000080012b8                DMA1_Stream4_IRQHandler
                0x00000000080012b8                FMC_IRQHandler
                0x00000000080012b8                LPTIM1_IRQHandler
                0x00000000080012b8                I2C4_ER_IRQHandler
                0x00000000080012b8                DMA2_Stream6_IRQHandler
                0x00000000080012b8                SAI1_IRQHandler
                0x00000000080012b8                DMA1_Stream3_IRQHandler
 .text.HAL_Init
                0x00000000080012ba       0x1a ./Drivers/STM32F7xx_HAL_Driver/Src/stm32f7xx_hal.o
                0x00000000080012ba                HAL_Init
 .text.HAL_InitTick
                0x00000000080012d4       0x60 ./Drivers/STM32F7xx_HAL_Driver/Src/stm32f7xx_hal.o
                0x00000000080012d4                HAL_InitTick
 .text.HAL_IncTick
                0x0000000008001334       0x28 ./Drivers/STM32F7xx_HAL_Driver/Src/stm32f7xx_hal.o
                0x0000000008001334                HAL_IncTick
 .text.HAL_GetTick
                0x000000000800135c       0x18 ./Drivers/STM32F7xx_HAL_Driver/Src/stm32f7xx_hal.o
                0x000000000800135c                HAL_GetTick
 .text.HAL_Delay
                0x0000000008001374       0x48 ./Drivers/STM32F7xx_HAL_Driver/Src/stm32f7xx_hal.o
                0x0000000008001374                HAL_Delay
 .text.__NVIC_SetPriorityGrouping
                0x00000000080013bc       0x48 ./Drivers/STM32F7xx_HAL_Driver/Src/stm32f7xx_hal_cortex.o
 .text.__NVIC_GetPriorityGrouping
                0x0000000008001404       0x1c ./Drivers/STM32F7xx_HAL_Driver/Src/stm32f7xx_hal_cortex.o
 .text.__NVIC_EnableIRQ
                0x0000000008001420       0x3c ./Drivers/STM32F7xx_HAL_Driver/Src/stm32f7xx_hal_cortex.o
 .text.__NVIC_SetPriority
                0x000000000800145c       0x54 ./Drivers/STM32F7xx_HAL_Driver/Src/stm32f7xx_hal_cortex.o
 .text.NVIC_EncodePriority
                0x00000000080014b0       0x66 ./Drivers/STM32F7xx_HAL_Driver/Src/stm32f7xx_hal_cortex.o
 *fill*         0x0000000008001516        0x2 
 .text.SysTick_Config
                0x0000000008001518       0x44 ./Drivers/STM32F7xx_HAL_Driver/Src/stm32f7xx_hal_cortex.o
 .text.HAL_NVIC_SetPriorityGrouping
                0x000000000800155c       0x16 ./Drivers/STM32F7xx_HAL_Driver/Src/stm32f7xx_hal_cortex.o
                0x000000000800155c                HAL_NVIC_SetPriorityGrouping
 .text.HAL_NVIC_SetPriority
                0x0000000008001572       0x38 ./Drivers/STM32F7xx_HAL_Driver/Src/stm32f7xx_hal_cortex.o
                0x0000000008001572                HAL_NVIC_SetPriority
 .text.HAL_NVIC_EnableIRQ
                0x00000000080015aa       0x1c ./Drivers/STM32F7xx_HAL_Driver/Src/stm32f7xx_hal_cortex.o
                0x00000000080015aa                HAL_NVIC_EnableIRQ
 .text.HAL_SYSTICK_Config
                0x00000000080015c6       0x18 ./Drivers/STM32F7xx_HAL_Driver/Src/stm32f7xx_hal_cortex.o
                0x00000000080015c6                HAL_SYSTICK_Config
 .text.HAL_DMA_Start_IT
                0x00000000080015de       0xc0 ./Drivers/STM32F7xx_HAL_Driver/Src/stm32f7xx_hal_dma.o
                0x00000000080015de                HAL_DMA_Start_IT
 .text.HAL_DMA_Abort
                0x000000000800169e       0xe0 ./Drivers/STM32F7xx_HAL_Driver/Src/stm32f7xx_hal_dma.o
                0x000000000800169e                HAL_DMA_Abort
 .text.HAL_DMA_Abort_IT
                0x000000000800177e       0x44 ./Drivers/STM32F7xx_HAL_Driver/Src/stm32f7xx_hal_dma.o
                0x000000000800177e                HAL_DMA_Abort_IT
 .text.HAL_DMA_GetState
                0x00000000080017c2       0x1c ./Drivers/STM32F7xx_HAL_Driver/Src/stm32f7xx_hal_dma.o
                0x00000000080017c2                HAL_DMA_GetState
 .text.DMA_SetConfig
                0x00000000080017de       0x5c ./Drivers/STM32F7xx_HAL_Driver/Src/stm32f7xx_hal_dma.o
 *fill*         0x000000000800183a        0x2 
 .text.HAL_FLASH_Program
                0x000000000800183c       0xb8 ./Drivers/STM32F7xx_HAL_Driver/Src/stm32f7xx_hal_flash.o
                0x000000000800183c                HAL_FLASH_Program
 .text.HAL_FLASH_Unlock
                0x00000000080018f4       0x44 ./Drivers/STM32F7xx_HAL_Driver/Src/stm32f7xx_hal_flash.o
                0x00000000080018f4                HAL_FLASH_Unlock
 .text.HAL_FLASH_Lock
                0x0000000008001938       0x20 ./Drivers/STM32F7xx_HAL_Driver/Src/stm32f7xx_hal_flash.o
                0x0000000008001938                HAL_FLASH_Lock
 .text.FLASH_WaitForLastOperation
                0x0000000008001958       0x80 ./Drivers/STM32F7xx_HAL_Driver/Src/stm32f7xx_hal_flash.o
                0x0000000008001958                FLASH_WaitForLastOperation
 .text.FLASH_Program_DoubleWord
                0x00000000080019d8       0x6c ./Drivers/STM32F7xx_HAL_Driver/Src/stm32f7xx_hal_flash.o
 .text.FLASH_Program_Word
                0x0000000008001a44       0x4c ./Drivers/STM32F7xx_HAL_Driver/Src/stm32f7xx_hal_flash.o
 .text.FLASH_Program_HalfWord
                0x0000000008001a90       0x4c ./Drivers/STM32F7xx_HAL_Driver/Src/stm32f7xx_hal_flash.o
 .text.FLASH_Program_Byte
                0x0000000008001adc       0x48 ./Drivers/STM32F7xx_HAL_Driver/Src/stm32f7xx_hal_flash.o
 .text.FLASH_SetErrorCode
                0x0000000008001b24       0x94 ./Drivers/STM32F7xx_HAL_Driver/Src/stm32f7xx_hal_flash.o
 .text.HAL_GPIO_Init
                0x0000000008001bb8      0x358 ./Drivers/STM32F7xx_HAL_Driver/Src/stm32f7xx_hal_gpio.o
                0x0000000008001bb8                HAL_GPIO_Init
 .text.HAL_GPIO_WritePin
                0x0000000008001f10       0x32 ./Drivers/STM32F7xx_HAL_Driver/Src/stm32f7xx_hal_gpio.o
                0x0000000008001f10                HAL_GPIO_WritePin
 .text.HAL_GPIO_TogglePin
                0x0000000008001f42       0x34 ./Drivers/STM32F7xx_HAL_Driver/Src/stm32f7xx_hal_gpio.o
                0x0000000008001f42                HAL_GPIO_TogglePin
 *fill*         0x0000000008001f76        0x2 
 .text.HAL_I2C_Init
                0x0000000008001f78      0x120 ./Drivers/STM32F7xx_HAL_Driver/Src/stm32f7xx_hal_i2c.o
                0x0000000008001f78                HAL_I2C_Init
 .text.HAL_I2C_EV_IRQHandler
                0x0000000008002098       0x34 ./Drivers/STM32F7xx_HAL_Driver/Src/stm32f7xx_hal_i2c.o
                0x0000000008002098                HAL_I2C_EV_IRQHandler
 .text.HAL_I2C_ER_IRQHandler
                0x00000000080020cc       0xb6 ./Drivers/STM32F7xx_HAL_Driver/Src/stm32f7xx_hal_i2c.o
                0x00000000080020cc                HAL_I2C_ER_IRQHandler
 .text.HAL_I2C_SlaveTxCpltCallback
                0x0000000008002182       0x14 ./Drivers/STM32F7xx_HAL_Driver/Src/stm32f7xx_hal_i2c.o
                0x0000000008002182                HAL_I2C_SlaveTxCpltCallback
 .text.HAL_I2C_SlaveRxCpltCallback
                0x0000000008002196       0x14 ./Drivers/STM32F7xx_HAL_Driver/Src/stm32f7xx_hal_i2c.o
                0x0000000008002196                HAL_I2C_SlaveRxCpltCallback
 .text.HAL_I2C_AddrCallback
                0x00000000080021aa       0x1c ./Drivers/STM32F7xx_HAL_Driver/Src/stm32f7xx_hal_i2c.o
                0x00000000080021aa                HAL_I2C_AddrCallback
 .text.HAL_I2C_ListenCpltCallback
                0x00000000080021c6       0x14 ./Drivers/STM32F7xx_HAL_Driver/Src/stm32f7xx_hal_i2c.o
                0x00000000080021c6                HAL_I2C_ListenCpltCallback
 .text.HAL_I2C_ErrorCallback
                0x00000000080021da       0x14 ./Drivers/STM32F7xx_HAL_Driver/Src/stm32f7xx_hal_i2c.o
                0x00000000080021da                HAL_I2C_ErrorCallback
 .text.HAL_I2C_AbortCpltCallback
                0x00000000080021ee       0x14 ./Drivers/STM32F7xx_HAL_Driver/Src/stm32f7xx_hal_i2c.o
                0x00000000080021ee                HAL_I2C_AbortCpltCallback
 .text.I2C_Slave_ISR_IT
                0x0000000008002202      0x1f0 ./Drivers/STM32F7xx_HAL_Driver/Src/stm32f7xx_hal_i2c.o
 .text.I2C_ITAddrCplt
                0x00000000080023f2      0x108 ./Drivers/STM32F7xx_HAL_Driver/Src/stm32f7xx_hal_i2c.o
 .text.I2C_ITSlaveSeqCplt
                0x00000000080024fa       0xb8 ./Drivers/STM32F7xx_HAL_Driver/Src/stm32f7xx_hal_i2c.o
 *fill*         0x00000000080025b2        0x2 
 .text.I2C_ITSlaveCplt
                0x00000000080025b4      0x20c ./Drivers/STM32F7xx_HAL_Driver/Src/stm32f7xx_hal_i2c.o
 .text.I2C_ITListenCplt
                0x00000000080027c0       0xa8 ./Drivers/STM32F7xx_HAL_Driver/Src/stm32f7xx_hal_i2c.o
 .text.I2C_ITError
                0x0000000008002868      0x1a0 ./Drivers/STM32F7xx_HAL_Driver/Src/stm32f7xx_hal_i2c.o
 .text.I2C_TreatErrorCallback
                0x0000000008002a08       0x4e ./Drivers/STM32F7xx_HAL_Driver/Src/stm32f7xx_hal_i2c.o
 .text.I2C_Flush_TXDR
                0x0000000008002a56       0x48 ./Drivers/STM32F7xx_HAL_Driver/Src/stm32f7xx_hal_i2c.o
 .text.I2C_DMAAbort
                0x0000000008002a9e       0x3c ./Drivers/STM32F7xx_HAL_Driver/Src/stm32f7xx_hal_i2c.o
 .text.I2C_Disable_IRQ
                0x0000000008002ada       0xbc ./Drivers/STM32F7xx_HAL_Driver/Src/stm32f7xx_hal_i2c.o
 .text.HAL_I2CEx_ConfigAnalogFilter
                0x0000000008002b96       0x96 ./Drivers/STM32F7xx_HAL_Driver/Src/stm32f7xx_hal_i2c_ex.o
                0x0000000008002b96                HAL_I2CEx_ConfigAnalogFilter
 .text.HAL_I2CEx_ConfigDigitalFilter
                0x0000000008002c2c       0x98 ./Drivers/STM32F7xx_HAL_Driver/Src/stm32f7xx_hal_i2c_ex.o
                0x0000000008002c2c                HAL_I2CEx_ConfigDigitalFilter
 .text.HAL_PCD_Init
                0x0000000008002cc4      0x248 ./Drivers/STM32F7xx_HAL_Driver/Src/stm32f7xx_hal_pcd.o
                0x0000000008002cc4                HAL_PCD_Init
 .text.HAL_PCDEx_ActivateLPM
                0x0000000008002f0c       0x48 ./Drivers/STM32F7xx_HAL_Driver/Src/stm32f7xx_hal_pcd_ex.o
                0x0000000008002f0c                HAL_PCDEx_ActivateLPM
 .text.HAL_RCC_OscConfig
                0x0000000008002f54      0x548 ./Drivers/STM32F7xx_HAL_Driver/Src/stm32f7xx_hal_rcc.o
                0x0000000008002f54                HAL_RCC_OscConfig
 .text.HAL_RCC_ClockConfig
                0x000000000800349c      0x1d8 ./Drivers/STM32F7xx_HAL_Driver/Src/stm32f7xx_hal_rcc.o
                0x000000000800349c                HAL_RCC_ClockConfig
 .text.HAL_RCC_GetSysClockFreq
                0x0000000008003674      0x20c ./Drivers/STM32F7xx_HAL_Driver/Src/stm32f7xx_hal_rcc.o
                0x0000000008003674                HAL_RCC_GetSysClockFreq
 .text.HAL_RCC_GetHCLKFreq
                0x0000000008003880       0x18 ./Drivers/STM32F7xx_HAL_Driver/Src/stm32f7xx_hal_rcc.o
                0x0000000008003880                HAL_RCC_GetHCLKFreq
 .text.HAL_RCC_GetPCLK1Freq
                0x0000000008003898       0x28 ./Drivers/STM32F7xx_HAL_Driver/Src/stm32f7xx_hal_rcc.o
                0x0000000008003898                HAL_RCC_GetPCLK1Freq
 .text.HAL_RCC_GetPCLK2Freq
                0x00000000080038c0       0x28 ./Drivers/STM32F7xx_HAL_Driver/Src/stm32f7xx_hal_rcc.o
                0x00000000080038c0                HAL_RCC_GetPCLK2Freq
 .text.HAL_RCCEx_PeriphCLKConfig
                0x00000000080038e8      0x7e0 ./Drivers/STM32F7xx_HAL_Driver/Src/stm32f7xx_hal_rcc_ex.o
                0x00000000080038e8                HAL_RCCEx_PeriphCLKConfig
 .text.HAL_TIM_Base_Init
                0x00000000080040c8       0xae ./Drivers/STM32F7xx_HAL_Driver/Src/stm32f7xx_hal_tim.o
                0x00000000080040c8                HAL_TIM_Base_Init
 *fill*         0x0000000008004176        0x2 
 .text.HAL_TIM_Base_Start_IT
                0x0000000008004178       0xf0 ./Drivers/STM32F7xx_HAL_Driver/Src/stm32f7xx_hal_tim.o
                0x0000000008004178                HAL_TIM_Base_Start_IT
 .text.HAL_TIM_PWM_Init
                0x0000000008004268       0xae ./Drivers/STM32F7xx_HAL_Driver/Src/stm32f7xx_hal_tim.o
                0x0000000008004268                HAL_TIM_PWM_Init
 *fill*         0x0000000008004316        0x2 
 .text.HAL_TIM_PWM_Start
                0x0000000008004318      0x1f4 ./Drivers/STM32F7xx_HAL_Driver/Src/stm32f7xx_hal_tim.o
                0x0000000008004318                HAL_TIM_PWM_Start
 .text.HAL_TIM_IRQHandler
                0x000000000800450c      0x23e ./Drivers/STM32F7xx_HAL_Driver/Src/stm32f7xx_hal_tim.o
                0x000000000800450c                HAL_TIM_IRQHandler
 *fill*         0x000000000800474a        0x2 
 .text.HAL_TIM_PWM_ConfigChannel
                0x000000000800474c      0x228 ./Drivers/STM32F7xx_HAL_Driver/Src/stm32f7xx_hal_tim.o
                0x000000000800474c                HAL_TIM_PWM_ConfigChannel
 .text.HAL_TIM_ConfigClockSource
                0x0000000008004974      0x194 ./Drivers/STM32F7xx_HAL_Driver/Src/stm32f7xx_hal_tim.o
                0x0000000008004974                HAL_TIM_ConfigClockSource
 .text.HAL_TIM_OC_DelayElapsedCallback
                0x0000000008004b08       0x14 ./Drivers/STM32F7xx_HAL_Driver/Src/stm32f7xx_hal_tim.o
                0x0000000008004b08                HAL_TIM_OC_DelayElapsedCallback
 .text.HAL_TIM_IC_CaptureCallback
                0x0000000008004b1c       0x14 ./Drivers/STM32F7xx_HAL_Driver/Src/stm32f7xx_hal_tim.o
                0x0000000008004b1c                HAL_TIM_IC_CaptureCallback
 .text.HAL_TIM_PWM_PulseFinishedCallback
                0x0000000008004b30       0x14 ./Drivers/STM32F7xx_HAL_Driver/Src/stm32f7xx_hal_tim.o
                0x0000000008004b30                HAL_TIM_PWM_PulseFinishedCallback
 .text.HAL_TIM_TriggerCallback
                0x0000000008004b44       0x14 ./Drivers/STM32F7xx_HAL_Driver/Src/stm32f7xx_hal_tim.o
                0x0000000008004b44                HAL_TIM_TriggerCallback
 .text.TIM_Base_SetConfig
                0x0000000008004b58      0x140 ./Drivers/STM32F7xx_HAL_Driver/Src/stm32f7xx_hal_tim.o
                0x0000000008004b58                TIM_Base_SetConfig
 .text.TIM_OC1_SetConfig
                0x0000000008004c98       0xe4 ./Drivers/STM32F7xx_HAL_Driver/Src/stm32f7xx_hal_tim.o
 .text.TIM_OC2_SetConfig
                0x0000000008004d7c       0xf0 ./Drivers/STM32F7xx_HAL_Driver/Src/stm32f7xx_hal_tim.o
                0x0000000008004d7c                TIM_OC2_SetConfig
 .text.TIM_OC3_SetConfig
                0x0000000008004e6c       0xec ./Drivers/STM32F7xx_HAL_Driver/Src/stm32f7xx_hal_tim.o
 .text.TIM_OC4_SetConfig
                0x0000000008004f58       0xb0 ./Drivers/STM32F7xx_HAL_Driver/Src/stm32f7xx_hal_tim.o
 .text.TIM_OC5_SetConfig
                0x0000000008005008       0xa4 ./Drivers/STM32F7xx_HAL_Driver/Src/stm32f7xx_hal_tim.o
 .text.TIM_OC6_SetConfig
                0x00000000080050ac       0xa8 ./Drivers/STM32F7xx_HAL_Driver/Src/stm32f7xx_hal_tim.o
 .text.TIM_TI1_ConfigInputStage
                0x0000000008005154       0x5e ./Drivers/STM32F7xx_HAL_Driver/Src/stm32f7xx_hal_tim.o
 .text.TIM_TI2_ConfigInputStage
                0x00000000080051b2       0x60 ./Drivers/STM32F7xx_HAL_Driver/Src/stm32f7xx_hal_tim.o
 .text.TIM_ITRx_SetConfig
                0x0000000008005212       0x36 ./Drivers/STM32F7xx_HAL_Driver/Src/stm32f7xx_hal_tim.o
 .text.TIM_ETR_SetConfig
                0x0000000008005248       0x40 ./Drivers/STM32F7xx_HAL_Driver/Src/stm32f7xx_hal_tim.o
                0x0000000008005248                TIM_ETR_SetConfig
 .text.TIM_CCxChannelCmd
                0x0000000008005288       0x4a ./Drivers/STM32F7xx_HAL_Driver/Src/stm32f7xx_hal_tim.o
                0x0000000008005288                TIM_CCxChannelCmd
 *fill*         0x00000000080052d2        0x2 
 .text.HAL_TIMEx_MasterConfigSynchronization
                0x00000000080052d4      0x11c ./Drivers/STM32F7xx_HAL_Driver/Src/stm32f7xx_hal_tim_ex.o
                0x00000000080052d4                HAL_TIMEx_MasterConfigSynchronization
 .text.HAL_TIMEx_CommutCallback
                0x00000000080053f0       0x14 ./Drivers/STM32F7xx_HAL_Driver/Src/stm32f7xx_hal_tim_ex.o
                0x00000000080053f0                HAL_TIMEx_CommutCallback
 .text.HAL_TIMEx_BreakCallback
                0x0000000008005404       0x14 ./Drivers/STM32F7xx_HAL_Driver/Src/stm32f7xx_hal_tim_ex.o
                0x0000000008005404                HAL_TIMEx_BreakCallback
 .text.HAL_TIMEx_Break2Callback
                0x0000000008005418       0x14 ./Drivers/STM32F7xx_HAL_Driver/Src/stm32f7xx_hal_tim_ex.o
                0x0000000008005418                HAL_TIMEx_Break2Callback
 .text.HAL_UART_Init
                0x000000000800542c       0x9c ./Drivers/STM32F7xx_HAL_Driver/Src/stm32f7xx_hal_uart.o
                0x000000000800542c                HAL_UART_Init
 .text.HAL_UART_Receive_IT
                0x00000000080054c8       0x88 ./Drivers/STM32F7xx_HAL_Driver/Src/stm32f7xx_hal_uart.o
                0x00000000080054c8                HAL_UART_Receive_IT
 .text.HAL_UART_Receive_DMA
                0x0000000008005550       0x88 ./Drivers/STM32F7xx_HAL_Driver/Src/stm32f7xx_hal_uart.o
                0x0000000008005550                HAL_UART_Receive_DMA
 .text.HAL_UART_IRQHandler
                0x00000000080055d8      0x5a4 ./Drivers/STM32F7xx_HAL_Driver/Src/stm32f7xx_hal_uart.o
                0x00000000080055d8                HAL_UART_IRQHandler
 .text.HAL_UART_TxCpltCallback
                0x0000000008005b7c       0x14 ./Drivers/STM32F7xx_HAL_Driver/Src/stm32f7xx_hal_uart.o
                0x0000000008005b7c                HAL_UART_TxCpltCallback
 .text.HAL_UART_RxCpltCallback
                0x0000000008005b90       0x14 ./Drivers/STM32F7xx_HAL_Driver/Src/stm32f7xx_hal_uart.o
                0x0000000008005b90                HAL_UART_RxCpltCallback
 .text.HAL_UART_RxHalfCpltCallback
                0x0000000008005ba4       0x14 ./Drivers/STM32F7xx_HAL_Driver/Src/stm32f7xx_hal_uart.o
                0x0000000008005ba4                HAL_UART_RxHalfCpltCallback
 .text.HAL_UART_ErrorCallback
                0x0000000008005bb8       0x14 ./Drivers/STM32F7xx_HAL_Driver/Src/stm32f7xx_hal_uart.o
                0x0000000008005bb8                HAL_UART_ErrorCallback
 .text.HAL_UARTEx_RxEventCallback
                0x0000000008005bcc       0x18 ./Drivers/STM32F7xx_HAL_Driver/Src/stm32f7xx_hal_uart.o
                0x0000000008005bcc                HAL_UARTEx_RxEventCallback
 .text.UART_SetConfig
                0x0000000008005be4      0x4c8 ./Drivers/STM32F7xx_HAL_Driver/Src/stm32f7xx_hal_uart.o
                0x0000000008005be4                UART_SetConfig
 .text.UART_AdvFeatureConfig
                0x00000000080060ac      0x144 ./Drivers/STM32F7xx_HAL_Driver/Src/stm32f7xx_hal_uart.o
                0x00000000080060ac                UART_AdvFeatureConfig
 .text.UART_CheckIdleState
                0x00000000080061f0       0x6e ./Drivers/STM32F7xx_HAL_Driver/Src/stm32f7xx_hal_uart.o
                0x00000000080061f0                UART_CheckIdleState
 .text.UART_WaitOnFlagUntilTimeout
                0x000000000800625e      0x18c ./Drivers/STM32F7xx_HAL_Driver/Src/stm32f7xx_hal_uart.o
                0x000000000800625e                UART_WaitOnFlagUntilTimeout
 *fill*         0x00000000080063ea        0x2 
 .text.UART_Start_Receive_IT
                0x00000000080063ec      0x18c ./Drivers/STM32F7xx_HAL_Driver/Src/stm32f7xx_hal_uart.o
                0x00000000080063ec                UART_Start_Receive_IT
 .text.UART_Start_Receive_DMA
                0x0000000008006578      0x140 ./Drivers/STM32F7xx_HAL_Driver/Src/stm32f7xx_hal_uart.o
                0x0000000008006578                UART_Start_Receive_DMA
 .text.UART_EndTxTransfer
                0x00000000080066b8       0x4c ./Drivers/STM32F7xx_HAL_Driver/Src/stm32f7xx_hal_uart.o
 .text.UART_EndRxTransfer
                0x0000000008006704       0xc8 ./Drivers/STM32F7xx_HAL_Driver/Src/stm32f7xx_hal_uart.o
 .text.UART_DMAReceiveCplt
                0x00000000080067cc      0x128 ./Drivers/STM32F7xx_HAL_Driver/Src/stm32f7xx_hal_uart.o
 .text.UART_DMARxHalfCplt
                0x00000000080068f4       0x3e ./Drivers/STM32F7xx_HAL_Driver/Src/stm32f7xx_hal_uart.o
 .text.UART_DMAError
                0x0000000008006932       0x7e ./Drivers/STM32F7xx_HAL_Driver/Src/stm32f7xx_hal_uart.o
 .text.UART_DMAAbortOnError
                0x00000000080069b0       0x2c ./Drivers/STM32F7xx_HAL_Driver/Src/stm32f7xx_hal_uart.o
 .text.UART_EndTransmit_IT
                0x00000000080069dc       0x54 ./Drivers/STM32F7xx_HAL_Driver/Src/stm32f7xx_hal_uart.o
 .text.UART_RxISR_8BIT
                0x0000000008006a30      0x166 ./Drivers/STM32F7xx_HAL_Driver/Src/stm32f7xx_hal_uart.o
 .text.UART_RxISR_16BIT
                0x0000000008006b96      0x166 ./Drivers/STM32F7xx_HAL_Driver/Src/stm32f7xx_hal_uart.o
 .text.USB_CoreInit
                0x0000000008006cfc       0xb0 ./Drivers/STM32F7xx_HAL_Driver/Src/stm32f7xx_ll_usb.o
                0x0000000008006cfc                USB_CoreInit
 .text.USB_DisableGlobalInt
                0x0000000008006dac       0x22 ./Drivers/STM32F7xx_HAL_Driver/Src/stm32f7xx_ll_usb.o
                0x0000000008006dac                USB_DisableGlobalInt
 .text.USB_SetCurrentMode
                0x0000000008006dce       0x98 ./Drivers/STM32F7xx_HAL_Driver/Src/stm32f7xx_ll_usb.o
                0x0000000008006dce                USB_SetCurrentMode
 *fill*         0x0000000008006e66        0x2 
 .text.USB_DevInit
                0x0000000008006e68      0x2bc ./Drivers/STM32F7xx_HAL_Driver/Src/stm32f7xx_ll_usb.o
                0x0000000008006e68                USB_DevInit
 .text.USB_FlushTxFifo
                0x0000000008007124       0x68 ./Drivers/STM32F7xx_HAL_Driver/Src/stm32f7xx_ll_usb.o
                0x0000000008007124                USB_FlushTxFifo
 .text.USB_FlushRxFifo
                0x000000000800718c       0x60 ./Drivers/STM32F7xx_HAL_Driver/Src/stm32f7xx_ll_usb.o
                0x000000000800718c                USB_FlushRxFifo
 .text.USB_SetDevSpeed
                0x00000000080071ec       0x32 ./Drivers/STM32F7xx_HAL_Driver/Src/stm32f7xx_ll_usb.o
                0x00000000080071ec                USB_SetDevSpeed
 .text.USB_DevDisconnect
                0x000000000800721e       0x42 ./Drivers/STM32F7xx_HAL_Driver/Src/stm32f7xx_ll_usb.o
                0x000000000800721e                USB_DevDisconnect
 .text.USB_GetMode
                0x0000000008007260       0x1c ./Drivers/STM32F7xx_HAL_Driver/Src/stm32f7xx_ll_usb.o
                0x0000000008007260                USB_GetMode
 .text.USB_CoreReset
                0x000000000800727c       0x68 ./Drivers/STM32F7xx_HAL_Driver/Src/stm32f7xx_ll_usb.o
 .text.memset   0x00000000080072e4       0x10 C:/ST/STM32CubeIDE_1.7.0/STM32CubeIDE/plugins/com.st.stm32cube.ide.mcu.externaltools.gnu-tools-for-stm32.11.3.rel1.win32_1.1.0.202305231506/tools/bin/../lib/gcc/arm-none-eabi/11.3.1/../../../../arm-none-eabi/lib/thumb/v7e-m+fp/hard\libc_nano.a(libc_a-memset.o)
                0x00000000080072e4                memset
 .text.__libc_init_array
                0x00000000080072f4       0x48 C:/ST/STM32CubeIDE_1.7.0/STM32CubeIDE/plugins/com.st.stm32cube.ide.mcu.externaltools.gnu-tools-for-stm32.11.3.rel1.win32_1.1.0.202305231506/tools/bin/../lib/gcc/arm-none-eabi/11.3.1/../../../../arm-none-eabi/lib/thumb/v7e-m+fp/hard\libc_nano.a(libc_a-init.o)
                0x00000000080072f4                __libc_init_array
 *(.glue_7)
 .glue_7        0x000000000800733c        0x0 linker stubs
 *(.glue_7t)
 .glue_7t       0x000000000800733c        0x0 linker stubs
 *(.eh_frame)
 .eh_frame      0x000000000800733c        0x0 C:/ST/STM32CubeIDE_1.7.0/STM32CubeIDE/plugins/com.st.stm32cube.ide.mcu.externaltools.gnu-tools-for-stm32.11.3.rel1.win32_1.1.0.202305231506/tools/bin/../lib/gcc/arm-none-eabi/11.3.1/thumb/v7e-m+fp/hard/crtbegin.o
 *(.init)
 .init          0x000000000800733c        0x4 C:/ST/STM32CubeIDE_1.7.0/STM32CubeIDE/plugins/com.st.stm32cube.ide.mcu.externaltools.gnu-tools-for-stm32.11.3.rel1.win32_1.1.0.202305231506/tools/bin/../lib/gcc/arm-none-eabi/11.3.1/thumb/v7e-m+fp/hard/crti.o
                0x000000000800733c                _init
 .init          0x0000000008007340        0x8 C:/ST/STM32CubeIDE_1.7.0/STM32CubeIDE/plugins/com.st.stm32cube.ide.mcu.externaltools.gnu-tools-for-stm32.11.3.rel1.win32_1.1.0.202305231506/tools/bin/../lib/gcc/arm-none-eabi/11.3.1/thumb/v7e-m+fp/hard/crtn.o
 *(.fini)
 .fini          0x0000000008007348        0x4 C:/ST/STM32CubeIDE_1.7.0/STM32CubeIDE/plugins/com.st.stm32cube.ide.mcu.externaltools.gnu-tools-for-stm32.11.3.rel1.win32_1.1.0.202305231506/tools/bin/../lib/gcc/arm-none-eabi/11.3.1/thumb/v7e-m+fp/hard/crti.o
                0x0000000008007348                _fini
 .fini          0x000000000800734c        0x8 C:/ST/STM32CubeIDE_1.7.0/STM32CubeIDE/plugins/com.st.stm32cube.ide.mcu.externaltools.gnu-tools-for-stm32.11.3.rel1.win32_1.1.0.202305231506/tools/bin/../lib/gcc/arm-none-eabi/11.3.1/thumb/v7e-m+fp/hard/crtn.o
                0x0000000008007354                . = ALIGN (0x4)
                0x0000000008007354                _etext = .

.vfp11_veneer   0x0000000008007354        0x0
 .vfp11_veneer  0x0000000008007354        0x0 linker stubs

.v4_bx          0x0000000008007354        0x0
 .v4_bx         0x0000000008007354        0x0 linker stubs

.iplt           0x0000000008007354        0x0
 .iplt          0x0000000008007354        0x0 C:/ST/STM32CubeIDE_1.7.0/STM32CubeIDE/plugins/com.st.stm32cube.ide.mcu.externaltools.gnu-tools-for-stm32.11.3.rel1.win32_1.1.0.202305231506/tools/bin/../lib/gcc/arm-none-eabi/11.3.1/thumb/v7e-m+fp/hard/crtbegin.o

.rodata         0x0000000008007354       0x18
                0x0000000008007354                . = ALIGN (0x4)
 *(.rodata)
 *(.rodata*)
 .rodata.AHBPrescTable
                0x0000000008007354       0x10 ./Core/Src/system_stm32f7xx.o
                0x0000000008007354                AHBPrescTable
 .rodata.APBPrescTable
                0x0000000008007364        0x8 ./Core/Src/system_stm32f7xx.o
                0x0000000008007364                APBPrescTable
                0x000000000800736c                . = ALIGN (0x4)

.ARM.extab      0x000000000800736c        0x0
                0x000000000800736c                . = ALIGN (0x4)
 *(.ARM.extab* .gnu.linkonce.armextab.*)
                0x000000000800736c                . = ALIGN (0x4)

.ARM            0x000000000800736c        0x8
                0x000000000800736c                . = ALIGN (0x4)
                0x000000000800736c                __exidx_start = .
 *(.ARM.exidx*)
 .ARM.exidx     0x000000000800736c        0x8 C:/ST/STM32CubeIDE_1.7.0/STM32CubeIDE/plugins/com.st.stm32cube.ide.mcu.externaltools.gnu-tools-for-stm32.11.3.rel1.win32_1.1.0.202305231506/tools/bin/../lib/gcc/arm-none-eabi/11.3.1/thumb/v7e-m+fp/hard\libgcc.a(_udivmoddi4.o)
                0x0000000008007374                __exidx_end = .
                0x0000000008007374                . = ALIGN (0x4)

.rel.dyn        0x0000000008007374        0x0
 .rel.iplt      0x0000000008007374        0x0 C:/ST/STM32CubeIDE_1.7.0/STM32CubeIDE/plugins/com.st.stm32cube.ide.mcu.externaltools.gnu-tools-for-stm32.11.3.rel1.win32_1.1.0.202305231506/tools/bin/../lib/gcc/arm-none-eabi/11.3.1/thumb/v7e-m+fp/hard/crtbegin.o

.preinit_array  0x0000000008007374        0x0
                0x0000000008007374                . = ALIGN (0x4)
                0x0000000008007374                PROVIDE (__preinit_array_start = .)
 *(.preinit_array*)
                0x0000000008007374                PROVIDE (__preinit_array_end = .)
                0x0000000008007374                . = ALIGN (0x4)

.init_array     0x0000000008007374        0x4
                0x0000000008007374                . = ALIGN (0x4)
                0x0000000008007374                PROVIDE (__init_array_start = .)
 *(SORT_BY_NAME(.init_array.*))
 *(.init_array*)
 .init_array    0x0000000008007374        0x4 C:/ST/STM32CubeIDE_1.7.0/STM32CubeIDE/plugins/com.st.stm32cube.ide.mcu.externaltools.gnu-tools-for-stm32.11.3.rel1.win32_1.1.0.202305231506/tools/bin/../lib/gcc/arm-none-eabi/11.3.1/thumb/v7e-m+fp/hard/crtbegin.o
                0x0000000008007378                PROVIDE (__init_array_end = .)
                0x0000000008007378                . = ALIGN (0x4)

.fini_array     0x0000000008007378        0x4
                0x0000000008007378                . = ALIGN (0x4)
                [!provide]                        PROVIDE (__fini_array_start = .)
 *(SORT_BY_NAME(.fini_array.*))
 *(.fini_array*)
 .fini_array    0x0000000008007378        0x4 C:/ST/STM32CubeIDE_1.7.0/STM32CubeIDE/plugins/com.st.stm32cube.ide.mcu.externaltools.gnu-tools-for-stm32.11.3.rel1.win32_1.1.0.202305231506/tools/bin/../lib/gcc/arm-none-eabi/11.3.1/thumb/v7e-m+fp/hard/crtbegin.o
                [!provide]                        PROVIDE (__fini_array_end = .)
                0x000000000800737c                . = ALIGN (0x4)
                0x000000000800737c                _sidata = LOADADDR (.data)

.data           0x0000000020000000       0x10 load address 0x000000000800737c
                0x0000000020000000                . = ALIGN (0x4)
                0x0000000020000000                _sdata = .
 *(.data)
 *(.data*)
 .data.EEPROM_Sector_5
                0x0000000020000000        0x4 ./Core/Src/main.o
                0x0000000020000000                EEPROM_Sector_5
 .data.SystemCoreClock
                0x0000000020000004        0x4 ./Core/Src/system_stm32f7xx.o
                0x0000000020000004                SystemCoreClock
 .data.uwTickPrio
                0x0000000020000008        0x4 ./Drivers/STM32F7xx_HAL_Driver/Src/stm32f7xx_hal.o
                0x0000000020000008                uwTickPrio
 .data.uwTickFreq
                0x000000002000000c        0x1 ./Drivers/STM32F7xx_HAL_Driver/Src/stm32f7xx_hal.o
                0x000000002000000c                uwTickFreq
 *(.RamFunc)
 *(.RamFunc*)
                0x0000000020000010                . = ALIGN (0x4)
 *fill*         0x000000002000000d        0x3 
                0x0000000020000010                _edata = .

.igot.plt       0x0000000020000010        0x0 load address 0x000000000800738c
 .igot.plt      0x0000000020000010        0x0 C:/ST/STM32CubeIDE_1.7.0/STM32CubeIDE/plugins/com.st.stm32cube.ide.mcu.externaltools.gnu-tools-for-stm32.11.3.rel1.win32_1.1.0.202305231506/tools/bin/../lib/gcc/arm-none-eabi/11.3.1/thumb/v7e-m+fp/hard/crtbegin.o
                0x0000000020000010                . = ALIGN (0x4)

.bss            0x0000000020000010      0x80c load address 0x000000000800738c
                0x0000000020000010                _sbss = .
                0x0000000020000010                __bss_start__ = _sbss
 *(.bss)
 .bss           0x0000000020000010       0x1c C:/ST/STM32CubeIDE_1.7.0/STM32CubeIDE/plugins/com.st.stm32cube.ide.mcu.externaltools.gnu-tools-for-stm32.11.3.rel1.win32_1.1.0.202305231506/tools/bin/../lib/gcc/arm-none-eabi/11.3.1/thumb/v7e-m+fp/hard/crtbegin.o
 *(.bss*)
 .bss.timer10Value
                0x000000002000002c        0x2 ./Core/Src/main.o
                0x000000002000002c                timer10Value
 *fill*         0x000000002000002e        0x2 
 .bss.hi2c1     0x0000000020000030       0x54 ./Core/Src/main.o
                0x0000000020000030                hi2c1
 .bss.htim2     0x0000000020000084       0x4c ./Core/Src/main.o
                0x0000000020000084                htim2
 .bss.htim3     0x00000000200000d0       0x4c ./Core/Src/main.o
                0x00000000200000d0                htim3
 .bss.htim10    0x000000002000011c       0x4c ./Core/Src/main.o
                0x000000002000011c                htim10
 .bss.huart3    0x0000000020000168       0x88 ./Core/Src/main.o
                0x0000000020000168                huart3
 .bss.hpcd_USB_OTG_FS
                0x00000000200001f0      0x508 ./Core/Src/main.o
                0x00000000200001f0                hpcd_USB_OTG_FS
 .bss.singlePacket
                0x00000000200006f8        0x1 ./Core/Src/main.o
                0x00000000200006f8                singlePacket
 *fill*         0x00000000200006f9        0x3 
 .bss.Rx_data   0x00000000200006fc      0x100 ./Core/Src/main.o
                0x00000000200006fc                Rx_data
 .bss.uwTick    0x00000000200007fc        0x4 ./Drivers/STM32F7xx_HAL_Driver/Src/stm32f7xx_hal.o
                0x00000000200007fc                uwTick
 .bss.pFlash    0x0000000020000800       0x1c ./Drivers/STM32F7xx_HAL_Driver/Src/stm32f7xx_hal_flash.o
                0x0000000020000800                pFlash
 *(COMMON)
                0x000000002000081c                . = ALIGN (0x4)
                0x000000002000081c                _ebss = .
                0x000000002000081c                __bss_end__ = _ebss

._user_heap_stack
                0x000000002000081c      0x604 load address 0x000000000800738c
                0x0000000020000820                . = ALIGN (0x8)
 *fill*         0x000000002000081c        0x4 
                [!provide]                        PROVIDE (end = .)
                0x0000000020000820                PROVIDE (_end = .)
                0x0000000020000a20                . = (. + _Min_Heap_Size)
 *fill*         0x0000000020000820      0x200 
                0x0000000020000e20                . = (. + _Min_Stack_Size)
 *fill*         0x0000000020000a20      0x400 
                0x0000000020000e20                . = ALIGN (0x8)

/DISCARD/
 libc.a(*)
 libm.a(*)
 libgcc.a(*)

.ARM.attributes
                0x0000000000000000       0x30
 *(.ARM.attributes)
 .ARM.attributes
                0x0000000000000000       0x1e C:/ST/STM32CubeIDE_1.7.0/STM32CubeIDE/plugins/com.st.stm32cube.ide.mcu.externaltools.gnu-tools-for-stm32.11.3.rel1.win32_1.1.0.202305231506/tools/bin/../lib/gcc/arm-none-eabi/11.3.1/thumb/v7e-m+fp/hard/crti.o
 .ARM.attributes
                0x000000000000001e       0x34 C:/ST/STM32CubeIDE_1.7.0/STM32CubeIDE/plugins/com.st.stm32cube.ide.mcu.externaltools.gnu-tools-for-stm32.11.3.rel1.win32_1.1.0.202305231506/tools/bin/../lib/gcc/arm-none-eabi/11.3.1/thumb/v7e-m+fp/hard/crtbegin.o
 .ARM.attributes
                0x0000000000000052       0x34 ./Core/Src/main.o
 .ARM.attributes
                0x0000000000000086       0x34 ./Core/Src/stm32f7xx_hal_msp.o
 .ARM.attributes
                0x00000000000000ba       0x34 ./Core/Src/stm32f7xx_it.o
 .ARM.attributes
                0x00000000000000ee       0x34 ./Core/Src/system_stm32f7xx.o
 .ARM.attributes
                0x0000000000000122       0x21 ./Core/Startup/startup_stm32f746zgtx.o
 .ARM.attributes
                0x0000000000000143       0x34 ./Drivers/STM32F7xx_HAL_Driver/Src/stm32f7xx_hal.o
 .ARM.attributes
                0x0000000000000177       0x34 ./Drivers/STM32F7xx_HAL_Driver/Src/stm32f7xx_hal_cortex.o
 .ARM.attributes
                0x00000000000001ab       0x34 ./Drivers/STM32F7xx_HAL_Driver/Src/stm32f7xx_hal_dma.o
 .ARM.attributes
                0x00000000000001df       0x34 ./Drivers/STM32F7xx_HAL_Driver/Src/stm32f7xx_hal_flash.o
 .ARM.attributes
                0x0000000000000213       0x34 ./Drivers/STM32F7xx_HAL_Driver/Src/stm32f7xx_hal_gpio.o
 .ARM.attributes
                0x0000000000000247       0x34 ./Drivers/STM32F7xx_HAL_Driver/Src/stm32f7xx_hal_i2c.o
 .ARM.attributes
                0x000000000000027b       0x34 ./Drivers/STM32F7xx_HAL_Driver/Src/stm32f7xx_hal_i2c_ex.o
 .ARM.attributes
                0x00000000000002af       0x34 ./Drivers/STM32F7xx_HAL_Driver/Src/stm32f7xx_hal_pcd.o
 .ARM.attributes
                0x00000000000002e3       0x34 ./Drivers/STM32F7xx_HAL_Driver/Src/stm32f7xx_hal_pcd_ex.o
 .ARM.attributes
                0x0000000000000317       0x34 ./Drivers/STM32F7xx_HAL_Driver/Src/stm32f7xx_hal_rcc.o
 .ARM.attributes
                0x000000000000034b       0x34 ./Drivers/STM32F7xx_HAL_Driver/Src/stm32f7xx_hal_rcc_ex.o
 .ARM.attributes
                0x000000000000037f       0x34 ./Drivers/STM32F7xx_HAL_Driver/Src/stm32f7xx_hal_tim.o
 .ARM.attributes
                0x00000000000003b3       0x34 ./Drivers/STM32F7xx_HAL_Driver/Src/stm32f7xx_hal_tim_ex.o
 .ARM.attributes
                0x00000000000003e7       0x34 ./Drivers/STM32F7xx_HAL_Driver/Src/stm32f7xx_hal_uart.o
 .ARM.attributes
                0x000000000000041b       0x34 ./Drivers/STM32F7xx_HAL_Driver/Src/stm32f7xx_ll_usb.o
 .ARM.attributes
                0x000000000000044f       0x34 C:/ST/STM32CubeIDE_1.7.0/STM32CubeIDE/plugins/com.st.stm32cube.ide.mcu.externaltools.gnu-tools-for-stm32.11.3.rel1.win32_1.1.0.202305231506/tools/bin/../lib/gcc/arm-none-eabi/11.3.1/../../../../arm-none-eabi/lib/thumb/v7e-m+fp/hard\libc_nano.a(libc_a-memset.o)
 .ARM.attributes
                0x0000000000000483       0x34 C:/ST/STM32CubeIDE_1.7.0/STM32CubeIDE/plugins/com.st.stm32cube.ide.mcu.externaltools.gnu-tools-for-stm32.11.3.rel1.win32_1.1.0.202305231506/tools/bin/../lib/gcc/arm-none-eabi/11.3.1/../../../../arm-none-eabi/lib/thumb/v7e-m+fp/hard\libc_nano.a(libc_a-init.o)
 .ARM.attributes
                0x00000000000004b7       0x1e C:/ST/STM32CubeIDE_1.7.0/STM32CubeIDE/plugins/com.st.stm32cube.ide.mcu.externaltools.gnu-tools-for-stm32.11.3.rel1.win32_1.1.0.202305231506/tools/bin/../lib/gcc/arm-none-eabi/11.3.1/thumb/v7e-m+fp/hard\libgcc.a(_aeabi_uldivmod.o)
 .ARM.attributes
                0x00000000000004d5       0x34 C:/ST/STM32CubeIDE_1.7.0/STM32CubeIDE/plugins/com.st.stm32cube.ide.mcu.externaltools.gnu-tools-for-stm32.11.3.rel1.win32_1.1.0.202305231506/tools/bin/../lib/gcc/arm-none-eabi/11.3.1/thumb/v7e-m+fp/hard\libgcc.a(_udivmoddi4.o)
 .ARM.attributes
                0x0000000000000509       0x1e C:/ST/STM32CubeIDE_1.7.0/STM32CubeIDE/plugins/com.st.stm32cube.ide.mcu.externaltools.gnu-tools-for-stm32.11.3.rel1.win32_1.1.0.202305231506/tools/bin/../lib/gcc/arm-none-eabi/11.3.1/thumb/v7e-m+fp/hard\libgcc.a(_dvmd_tls.o)
 .ARM.attributes
                0x0000000000000527       0x1e C:/ST/STM32CubeIDE_1.7.0/STM32CubeIDE/plugins/com.st.stm32cube.ide.mcu.externaltools.gnu-tools-for-stm32.11.3.rel1.win32_1.1.0.202305231506/tools/bin/../lib/gcc/arm-none-eabi/11.3.1/thumb/v7e-m+fp/hard/crtn.o
OUTPUT(Embedded_Final_Project.elf elf32-littlearm)
LOAD linker stubs
LOAD C:/ST/STM32CubeIDE_1.7.0/STM32CubeIDE/plugins/com.st.stm32cube.ide.mcu.externaltools.gnu-tools-for-stm32.11.3.rel1.win32_1.1.0.202305231506/tools/bin/../lib/gcc/arm-none-eabi/11.3.1/../../../../arm-none-eabi/lib/thumb/v7e-m+fp/hard\libc.a
LOAD C:/ST/STM32CubeIDE_1.7.0/STM32CubeIDE/plugins/com.st.stm32cube.ide.mcu.externaltools.gnu-tools-for-stm32.11.3.rel1.win32_1.1.0.202305231506/tools/bin/../lib/gcc/arm-none-eabi/11.3.1/../../../../arm-none-eabi/lib/thumb/v7e-m+fp/hard\libm.a
LOAD C:/ST/STM32CubeIDE_1.7.0/STM32CubeIDE/plugins/com.st.stm32cube.ide.mcu.externaltools.gnu-tools-for-stm32.11.3.rel1.win32_1.1.0.202305231506/tools/bin/../lib/gcc/arm-none-eabi/11.3.1/thumb/v7e-m+fp/hard\libgcc.a

.comment        0x0000000000000000       0x43
 .comment       0x0000000000000000       0x43 C:/ST/STM32CubeIDE_1.7.0/STM32CubeIDE/plugins/com.st.stm32cube.ide.mcu.externaltools.gnu-tools-for-stm32.11.3.rel1.win32_1.1.0.202305231506/tools/bin/../lib/gcc/arm-none-eabi/11.3.1/thumb/v7e-m+fp/hard/crtbegin.o
                                         0x44 (size before relaxing)
 .comment       0x0000000000000043       0x44 ./Core/Src/main.o
 .comment       0x0000000000000043       0x44 ./Core/Src/stm32f7xx_hal_msp.o
 .comment       0x0000000000000043       0x44 ./Core/Src/stm32f7xx_it.o
 .comment       0x0000000000000043       0x44 ./Core/Src/system_stm32f7xx.o
 .comment       0x0000000000000043       0x44 ./Drivers/STM32F7xx_HAL_Driver/Src/stm32f7xx_hal.o
 .comment       0x0000000000000043       0x44 ./Drivers/STM32F7xx_HAL_Driver/Src/stm32f7xx_hal_cortex.o
 .comment       0x0000000000000043       0x44 ./Drivers/STM32F7xx_HAL_Driver/Src/stm32f7xx_hal_dma.o
 .comment       0x0000000000000043       0x44 ./Drivers/STM32F7xx_HAL_Driver/Src/stm32f7xx_hal_flash.o
 .comment       0x0000000000000043       0x44 ./Drivers/STM32F7xx_HAL_Driver/Src/stm32f7xx_hal_gpio.o
 .comment       0x0000000000000043       0x44 ./Drivers/STM32F7xx_HAL_Driver/Src/stm32f7xx_hal_i2c.o
 .comment       0x0000000000000043       0x44 ./Drivers/STM32F7xx_HAL_Driver/Src/stm32f7xx_hal_i2c_ex.o
 .comment       0x0000000000000043       0x44 ./Drivers/STM32F7xx_HAL_Driver/Src/stm32f7xx_hal_pcd.o
 .comment       0x0000000000000043       0x44 ./Drivers/STM32F7xx_HAL_Driver/Src/stm32f7xx_hal_pcd_ex.o
 .comment       0x0000000000000043       0x44 ./Drivers/STM32F7xx_HAL_Driver/Src/stm32f7xx_hal_rcc.o
 .comment       0x0000000000000043       0x44 ./Drivers/STM32F7xx_HAL_Driver/Src/stm32f7xx_hal_rcc_ex.o
 .comment       0x0000000000000043       0x44 ./Drivers/STM32F7xx_HAL_Driver/Src/stm32f7xx_hal_tim.o
 .comment       0x0000000000000043       0x44 ./Drivers/STM32F7xx_HAL_Driver/Src/stm32f7xx_hal_tim_ex.o
 .comment       0x0000000000000043       0x44 ./Drivers/STM32F7xx_HAL_Driver/Src/stm32f7xx_hal_uart.o
 .comment       0x0000000000000043       0x44 ./Drivers/STM32F7xx_HAL_Driver/Src/stm32f7xx_ll_usb.o

.debug_info     0x0000000000000000    0x16a6d
 .debug_info    0x0000000000000000     0x1e96 ./Core/Src/main.o
 .debug_info    0x0000000000001e96     0x1d1b ./Core/Src/stm32f7xx_hal_msp.o
 .debug_info    0x0000000000003bb1      0xe4d ./Core/Src/stm32f7xx_it.o
 .debug_info    0x00000000000049fe      0x6ed ./Core/Src/system_stm32f7xx.o
 .debug_info    0x00000000000050eb       0x23 ./Core/Startup/startup_stm32f746zgtx.o
 .debug_info    0x000000000000510e      0x9d8 ./Drivers/STM32F7xx_HAL_Driver/Src/stm32f7xx_hal.o
 .debug_info    0x0000000000005ae6      0xf49 ./Drivers/STM32F7xx_HAL_Driver/Src/stm32f7xx_hal_cortex.o
 .debug_info    0x0000000000006a2f      0x8e7 ./Drivers/STM32F7xx_HAL_Driver/Src/stm32f7xx_hal_dma.o
 .debug_info    0x0000000000007316      0x5a7 ./Drivers/STM32F7xx_HAL_Driver/Src/stm32f7xx_hal_flash.o
 .debug_info    0x00000000000078bd      0x6e7 ./Drivers/STM32F7xx_HAL_Driver/Src/stm32f7xx_hal_gpio.o
 .debug_info    0x0000000000007fa4     0x20b3 ./Drivers/STM32F7xx_HAL_Driver/Src/stm32f7xx_hal_i2c.o
 .debug_info    0x000000000000a057      0x92e ./Drivers/STM32F7xx_HAL_Driver/Src/stm32f7xx_hal_i2c_ex.o
 .debug_info    0x000000000000a985     0x156c ./Drivers/STM32F7xx_HAL_Driver/Src/stm32f7xx_hal_pcd.o
 .debug_info    0x000000000000bef1      0x78b ./Drivers/STM32F7xx_HAL_Driver/Src/stm32f7xx_hal_pcd_ex.o
 .debug_info    0x000000000000c67c      0x8dc ./Drivers/STM32F7xx_HAL_Driver/Src/stm32f7xx_hal_rcc.o
 .debug_info    0x000000000000cf58      0x6bd ./Drivers/STM32F7xx_HAL_Driver/Src/stm32f7xx_hal_rcc_ex.o
 .debug_info    0x000000000000d615     0x2a9a ./Drivers/STM32F7xx_HAL_Driver/Src/stm32f7xx_hal_tim.o
 .debug_info    0x00000000000100af     0x15bb ./Drivers/STM32F7xx_HAL_Driver/Src/stm32f7xx_hal_tim_ex.o
 .debug_info    0x000000000001166a     0x3a47 ./Drivers/STM32F7xx_HAL_Driver/Src/stm32f7xx_hal_uart.o
 .debug_info    0x00000000000150b1     0x19bc ./Drivers/STM32F7xx_HAL_Driver/Src/stm32f7xx_ll_usb.o

.debug_abbrev   0x0000000000000000     0x2cf4
 .debug_abbrev  0x0000000000000000      0x3c0 ./Core/Src/main.o
 .debug_abbrev  0x00000000000003c0      0x2ce ./Core/Src/stm32f7xx_hal_msp.o
 .debug_abbrev  0x000000000000068e      0x1c3 ./Core/Src/stm32f7xx_it.o
 .debug_abbrev  0x0000000000000851      0x13b ./Core/Src/system_stm32f7xx.o
 .debug_abbrev  0x000000000000098c       0x12 ./Core/Startup/startup_stm32f746zgtx.o
 .debug_abbrev  0x000000000000099e      0x213 ./Drivers/STM32F7xx_HAL_Driver/Src/stm32f7xx_hal.o
 .debug_abbrev  0x0000000000000bb1      0x329 ./Drivers/STM32F7xx_HAL_Driver/Src/stm32f7xx_hal_cortex.o
 .debug_abbrev  0x0000000000000eda      0x264 ./Drivers/STM32F7xx_HAL_Driver/Src/stm32f7xx_hal_dma.o
 .debug_abbrev  0x000000000000113e      0x27e ./Drivers/STM32F7xx_HAL_Driver/Src/stm32f7xx_hal_flash.o
 .debug_abbrev  0x00000000000013bc      0x1d4 ./Drivers/STM32F7xx_HAL_Driver/Src/stm32f7xx_hal_gpio.o
 .debug_abbrev  0x0000000000001590      0x259 ./Drivers/STM32F7xx_HAL_Driver/Src/stm32f7xx_hal_i2c.o
 .debug_abbrev  0x00000000000017e9      0x19c ./Drivers/STM32F7xx_HAL_Driver/Src/stm32f7xx_hal_i2c_ex.o
 .debug_abbrev  0x0000000000001985      0x2e7 ./Drivers/STM32F7xx_HAL_Driver/Src/stm32f7xx_hal_pcd.o
 .debug_abbrev  0x0000000000001c6c      0x1ca ./Drivers/STM32F7xx_HAL_Driver/Src/stm32f7xx_hal_pcd_ex.o
 .debug_abbrev  0x0000000000001e36      0x288 ./Drivers/STM32F7xx_HAL_Driver/Src/stm32f7xx_hal_rcc.o
 .debug_abbrev  0x00000000000020be      0x1c9 ./Drivers/STM32F7xx_HAL_Driver/Src/stm32f7xx_hal_rcc_ex.o
 .debug_abbrev  0x0000000000002287      0x278 ./Drivers/STM32F7xx_HAL_Driver/Src/stm32f7xx_hal_tim.o
 .debug_abbrev  0x00000000000024ff      0x283 ./Drivers/STM32F7xx_HAL_Driver/Src/stm32f7xx_hal_tim_ex.o
 .debug_abbrev  0x0000000000002782      0x2e6 ./Drivers/STM32F7xx_HAL_Driver/Src/stm32f7xx_hal_uart.o
 .debug_abbrev  0x0000000000002a68      0x28c ./Drivers/STM32F7xx_HAL_Driver/Src/stm32f7xx_ll_usb.o

.debug_aranges  0x0000000000000000     0x13d8
 .debug_aranges
                0x0000000000000000       0x88 ./Core/Src/main.o
 .debug_aranges
                0x0000000000000088       0x78 ./Core/Src/stm32f7xx_hal_msp.o
 .debug_aranges
                0x0000000000000100       0x80 ./Core/Src/stm32f7xx_it.o
 .debug_aranges
                0x0000000000000180       0x28 ./Core/Src/system_stm32f7xx.o
 .debug_aranges
                0x00000000000001a8       0x28 ./Core/Startup/startup_stm32f746zgtx.o
 .debug_aranges
                0x00000000000001d0      0x100 ./Drivers/STM32F7xx_HAL_Driver/Src/stm32f7xx_hal.o
 .debug_aranges
                0x00000000000002d0      0x118 ./Drivers/STM32F7xx_HAL_Driver/Src/stm32f7xx_hal_cortex.o
 .debug_aranges
                0x00000000000003e8       0x90 ./Drivers/STM32F7xx_HAL_Driver/Src/stm32f7xx_hal_dma.o
 .debug_aranges
                0x0000000000000478       0xa0 ./Drivers/STM32F7xx_HAL_Driver/Src/stm32f7xx_hal_flash.o
 .debug_aranges
                0x0000000000000518       0x58 ./Drivers/STM32F7xx_HAL_Driver/Src/stm32f7xx_hal_gpio.o
 .debug_aranges
                0x0000000000000570      0x2a0 ./Drivers/STM32F7xx_HAL_Driver/Src/stm32f7xx_hal_i2c.o
 .debug_aranges
                0x0000000000000810       0x38 ./Drivers/STM32F7xx_HAL_Driver/Src/stm32f7xx_hal_i2c_ex.o
 .debug_aranges
                0x0000000000000848      0x148 ./Drivers/STM32F7xx_HAL_Driver/Src/stm32f7xx_hal_pcd.o
 .debug_aranges
                0x0000000000000990       0x48 ./Drivers/STM32F7xx_HAL_Driver/Src/stm32f7xx_hal_pcd_ex.o
 .debug_aranges
                0x00000000000009d8       0x88 ./Drivers/STM32F7xx_HAL_Driver/Src/stm32f7xx_hal_rcc.o
 .debug_aranges
                0x0000000000000a60       0x50 ./Drivers/STM32F7xx_HAL_Driver/Src/stm32f7xx_hal_rcc_ex.o
 .debug_aranges
                0x0000000000000ab0      0x3e0 ./Drivers/STM32F7xx_HAL_Driver/Src/stm32f7xx_hal_tim.o
 .debug_aranges
                0x0000000000000e90      0x178 ./Drivers/STM32F7xx_HAL_Driver/Src/stm32f7xx_hal_tim_ex.o
 .debug_aranges
                0x0000000000001008      0x228 ./Drivers/STM32F7xx_HAL_Driver/Src/stm32f7xx_hal_uart.o
 .debug_aranges
                0x0000000000001230      0x1a8 ./Drivers/STM32F7xx_HAL_Driver/Src/stm32f7xx_ll_usb.o

.debug_rnglists
                0x0000000000000000      0xf9e
 .debug_rnglists
                0x0000000000000000       0x68 ./Core/Src/main.o
 .debug_rnglists
                0x0000000000000068       0x59 ./Core/Src/stm32f7xx_hal_msp.o
 .debug_rnglists
                0x00000000000000c1       0x5b ./Core/Src/stm32f7xx_it.o
 .debug_rnglists
                0x000000000000011c       0x1a ./Core/Src/system_stm32f7xx.o
 .debug_rnglists
                0x0000000000000136       0x19 ./Core/Startup/startup_stm32f746zgtx.o
 .debug_rnglists
                0x000000000000014f       0xbb ./Drivers/STM32F7xx_HAL_Driver/Src/stm32f7xx_hal.o
 .debug_rnglists
                0x000000000000020a       0xce ./Drivers/STM32F7xx_HAL_Driver/Src/stm32f7xx_hal_cortex.o
 .debug_rnglists
                0x00000000000002d8       0x70 ./Drivers/STM32F7xx_HAL_Driver/Src/stm32f7xx_hal_dma.o
 .debug_rnglists
                0x0000000000000348       0x78 ./Drivers/STM32F7xx_HAL_Driver/Src/stm32f7xx_hal_flash.o
 .debug_rnglists
                0x00000000000003c0       0x3f ./Drivers/STM32F7xx_HAL_Driver/Src/stm32f7xx_hal_gpio.o
 .debug_rnglists
                0x00000000000003ff      0x227 ./Drivers/STM32F7xx_HAL_Driver/Src/stm32f7xx_hal_i2c.o
 .debug_rnglists
                0x0000000000000626       0x27 ./Drivers/STM32F7xx_HAL_Driver/Src/stm32f7xx_hal_i2c_ex.o
 .debug_rnglists
                0x000000000000064d       0xfc ./Drivers/STM32F7xx_HAL_Driver/Src/stm32f7xx_hal_pcd.o
 .debug_rnglists
                0x0000000000000749       0x32 ./Drivers/STM32F7xx_HAL_Driver/Src/stm32f7xx_hal_pcd_ex.o
 .debug_rnglists
                0x000000000000077b       0x67 ./Drivers/STM32F7xx_HAL_Driver/Src/stm32f7xx_hal_rcc.o
 .debug_rnglists
                0x00000000000007e2       0x3c ./Drivers/STM32F7xx_HAL_Driver/Src/stm32f7xx_hal_rcc_ex.o
 .debug_rnglists
                0x000000000000081e      0x328 ./Drivers/STM32F7xx_HAL_Driver/Src/stm32f7xx_hal_tim.o
 .debug_rnglists
                0x0000000000000b46      0x131 ./Drivers/STM32F7xx_HAL_Driver/Src/stm32f7xx_hal_tim_ex.o
 .debug_rnglists
                0x0000000000000c77      0x1d9 ./Drivers/STM32F7xx_HAL_Driver/Src/stm32f7xx_hal_uart.o
 .debug_rnglists
                0x0000000000000e50      0x14e ./Drivers/STM32F7xx_HAL_Driver/Src/stm32f7xx_ll_usb.o

.debug_macro    0x0000000000000000    0x26f39
 .debug_macro   0x0000000000000000      0x37a ./Core/Src/main.o
 .debug_macro   0x000000000000037a      0xaa8 ./Core/Src/main.o
 .debug_macro   0x0000000000000e22      0x299 ./Core/Src/main.o
 .debug_macro   0x00000000000010bb       0x2e ./Core/Src/main.o
 .debug_macro   0x00000000000010e9       0x3b ./Core/Src/main.o
 .debug_macro   0x0000000000001124       0x22 ./Core/Src/main.o
 .debug_macro   0x0000000000001146       0x8e ./Core/Src/main.o
 .debug_macro   0x00000000000011d4       0x51 ./Core/Src/main.o
 .debug_macro   0x0000000000001225      0x103 ./Core/Src/main.o
 .debug_macro   0x0000000000001328       0x6a ./Core/Src/main.o
 .debug_macro   0x0000000000001392      0x1df ./Core/Src/main.o
 .debug_macro   0x0000000000001571       0x1c ./Core/Src/main.o
 .debug_macro   0x000000000000158d       0x22 ./Core/Src/main.o
 .debug_macro   0x00000000000015af       0xd9 ./Core/Src/main.o
 .debug_macro   0x0000000000001688     0x12cd ./Core/Src/main.o
 .debug_macro   0x0000000000002955      0x11f ./Core/Src/main.o
 .debug_macro   0x0000000000002a74       0x19 ./Core/Src/main.o
 .debug_macro   0x0000000000002a8d    0x1920a ./Core/Src/main.o
 .debug_macro   0x000000000001bc97       0x6d ./Core/Src/main.o
 .debug_macro   0x000000000001bd04     0x3749 ./Core/Src/main.o
 .debug_macro   0x000000000001f44d      0x174 ./Core/Src/main.o
 .debug_macro   0x000000000001f5c1       0x63 ./Core/Src/main.o
 .debug_macro   0x000000000001f624     0x18ad ./Core/Src/main.o
 .debug_macro   0x0000000000020ed1      0x6c4 ./Core/Src/main.o
 .debug_macro   0x0000000000021595      0x185 ./Core/Src/main.o
 .debug_macro   0x000000000002171a      0x115 ./Core/Src/main.o
 .debug_macro   0x000000000002182f      0x1fd ./Core/Src/main.o
 .debug_macro   0x0000000000021a2c       0xa5 ./Core/Src/main.o
 .debug_macro   0x0000000000021ad1      0x24f ./Core/Src/main.o
 .debug_macro   0x0000000000021d20       0x41 ./Core/Src/main.o
 .debug_macro   0x0000000000021d61       0x58 ./Core/Src/main.o
 .debug_macro   0x0000000000021db9      0x236 ./Core/Src/main.o
 .debug_macro   0x0000000000021fef      0x14e ./Core/Src/main.o
 .debug_macro   0x000000000002213d      0x25a ./Core/Src/main.o
 .debug_macro   0x0000000000022397       0x12 ./Core/Src/main.o
 .debug_macro   0x00000000000223a9      0x22c ./Core/Src/main.o
 .debug_macro   0x00000000000225d5       0x61 ./Core/Src/main.o
 .debug_macro   0x0000000000022636       0xa5 ./Core/Src/main.o
 .debug_macro   0x00000000000226db      0x12e ./Core/Src/main.o
 .debug_macro   0x0000000000022809      0x108 ./Core/Src/main.o
 .debug_macro   0x0000000000022911       0x35 ./Core/Src/main.o
 .debug_macro   0x0000000000022946      0xa7c ./Core/Src/main.o
 .debug_macro   0x00000000000233c2       0x59 ./Core/Src/main.o
 .debug_macro   0x000000000002341b      0x56d ./Core/Src/main.o
 .debug_macro   0x0000000000023988       0x44 ./Core/Src/main.o
 .debug_macro   0x00000000000239cc      0x256 ./Core/Src/main.o
 .debug_macro   0x0000000000023c22       0xba ./Core/Src/main.o
 .debug_macro   0x0000000000023cdc      0x14d ./Core/Src/main.o
 .debug_macro   0x0000000000023e29      0x124 ./Core/Src/main.o
 .debug_macro   0x0000000000023f4d       0x61 ./Core/Src/main.o
 .debug_macro   0x0000000000023fae       0x2a ./Core/Src/main.o
 .debug_macro   0x0000000000023fd8       0x43 ./Core/Src/main.o
 .debug_macro   0x000000000002401b       0x34 ./Core/Src/main.o
 .debug_macro   0x000000000002404f       0x16 ./Core/Src/main.o
 .debug_macro   0x0000000000024065       0x43 ./Core/Src/main.o
 .debug_macro   0x00000000000240a8       0x34 ./Core/Src/main.o
 .debug_macro   0x00000000000240dc       0x10 ./Core/Src/main.o
 .debug_macro   0x00000000000240ec       0x58 ./Core/Src/main.o
 .debug_macro   0x0000000000024144       0x8e ./Core/Src/main.o
 .debug_macro   0x00000000000241d2       0x1c ./Core/Src/main.o
 .debug_macro   0x00000000000241ee      0x177 ./Core/Src/main.o
 .debug_macro   0x0000000000024365      0x369 ./Core/Src/main.o
 .debug_macro   0x00000000000246ce       0x10 ./Core/Src/main.o
 .debug_macro   0x00000000000246de       0x35 ./Core/Src/main.o
 .debug_macro   0x0000000000024713       0x20 ./Core/Src/main.o
 .debug_macro   0x0000000000024733       0x16 ./Core/Src/main.o
 .debug_macro   0x0000000000024749       0x16 ./Core/Src/main.o
 .debug_macro   0x000000000002475f       0x29 ./Core/Src/main.o
 .debug_macro   0x0000000000024788       0x22 ./Core/Src/main.o
 .debug_macro   0x00000000000247aa       0x1c ./Core/Src/main.o
 .debug_macro   0x00000000000247c6       0x10 ./Core/Src/main.o
 .debug_macro   0x00000000000247d6       0x1c ./Core/Src/main.o
 .debug_macro   0x00000000000247f2       0x16 ./Core/Src/main.o
 .debug_macro   0x0000000000024808      0x147 ./Core/Src/main.o
 .debug_macro   0x000000000002494f      0x215 ./Core/Src/stm32f7xx_hal_msp.o
 .debug_macro   0x0000000000024b64      0x21f ./Core/Src/stm32f7xx_it.o
 .debug_macro   0x0000000000024d83      0x206 ./Core/Src/system_stm32f7xx.o
 .debug_macro   0x0000000000024f89      0x22a ./Drivers/STM32F7xx_HAL_Driver/Src/stm32f7xx_hal.o
 .debug_macro   0x00000000000251b3      0x206 ./Drivers/STM32F7xx_HAL_Driver/Src/stm32f7xx_hal_cortex.o
 .debug_macro   0x00000000000253b9      0x20c ./Drivers/STM32F7xx_HAL_Driver/Src/stm32f7xx_hal_dma.o
 .debug_macro   0x00000000000255c5      0x212 ./Drivers/STM32F7xx_HAL_Driver/Src/stm32f7xx_hal_flash.o
 .debug_macro   0x00000000000257d7      0x20c ./Drivers/STM32F7xx_HAL_Driver/Src/stm32f7xx_hal_gpio.o
 .debug_macro   0x00000000000259e3      0x2d2 ./Drivers/STM32F7xx_HAL_Driver/Src/stm32f7xx_hal_i2c.o
 .debug_macro   0x0000000000025cb5      0x206 ./Drivers/STM32F7xx_HAL_Driver/Src/stm32f7xx_hal_i2c_ex.o
 .debug_macro   0x0000000000025ebb      0x212 ./Drivers/STM32F7xx_HAL_Driver/Src/stm32f7xx_hal_pcd.o
 .debug_macro   0x00000000000260cd      0x206 ./Drivers/STM32F7xx_HAL_Driver/Src/stm32f7xx_hal_pcd_ex.o
 .debug_macro   0x00000000000262d3      0x22a ./Drivers/STM32F7xx_HAL_Driver/Src/stm32f7xx_hal_rcc.o
 .debug_macro   0x00000000000264fd      0x206 ./Drivers/STM32F7xx_HAL_Driver/Src/stm32f7xx_hal_rcc_ex.o
 .debug_macro   0x0000000000026703      0x207 ./Drivers/STM32F7xx_HAL_Driver/Src/stm32f7xx_hal_tim.o
 .debug_macro   0x000000000002690a      0x206 ./Drivers/STM32F7xx_HAL_Driver/Src/stm32f7xx_hal_tim_ex.o
 .debug_macro   0x0000000000026b10      0x223 ./Drivers/STM32F7xx_HAL_Driver/Src/stm32f7xx_hal_uart.o
 .debug_macro   0x0000000000026d33      0x206 ./Drivers/STM32F7xx_HAL_Driver/Src/stm32f7xx_ll_usb.o

.debug_line     0x0000000000000000    0x18ad4
 .debug_line    0x0000000000000000      0xd81 ./Core/Src/main.o
 .debug_line    0x0000000000000d81      0x9cf ./Core/Src/stm32f7xx_hal_msp.o
 .debug_line    0x0000000000001750      0x8d8 ./Core/Src/stm32f7xx_it.o
 .debug_line    0x0000000000002028      0x834 ./Core/Src/system_stm32f7xx.o
 .debug_line    0x000000000000285c       0x7a ./Core/Startup/startup_stm32f746zgtx.o
 .debug_line    0x00000000000028d6      0xac5 ./Drivers/STM32F7xx_HAL_Driver/Src/stm32f7xx_hal.o
 .debug_line    0x000000000000339b      0xd4b ./Drivers/STM32F7xx_HAL_Driver/Src/stm32f7xx_hal_cortex.o
 .debug_line    0x00000000000040e6     0x1014 ./Drivers/STM32F7xx_HAL_Driver/Src/stm32f7xx_hal_dma.o
 .debug_line    0x00000000000050fa      0xb72 ./Drivers/STM32F7xx_HAL_Driver/Src/stm32f7xx_hal_flash.o
 .debug_line    0x0000000000005c6c      0xc39 ./Drivers/STM32F7xx_HAL_Driver/Src/stm32f7xx_hal_gpio.o
 .debug_line    0x00000000000068a5     0x379c ./Drivers/STM32F7xx_HAL_Driver/Src/stm32f7xx_hal_i2c.o
 .debug_line    0x000000000000a041      0x8f0 ./Drivers/STM32F7xx_HAL_Driver/Src/stm32f7xx_hal_i2c_ex.o
 .debug_line    0x000000000000a931     0x1514 ./Drivers/STM32F7xx_HAL_Driver/Src/stm32f7xx_hal_pcd.o
 .debug_line    0x000000000000be45      0x8c6 ./Drivers/STM32F7xx_HAL_Driver/Src/stm32f7xx_hal_pcd_ex.o
 .debug_line    0x000000000000c70b      0xf05 ./Drivers/STM32F7xx_HAL_Driver/Src/stm32f7xx_hal_rcc.o
 .debug_line    0x000000000000d610      0xeb9 ./Drivers/STM32F7xx_HAL_Driver/Src/stm32f7xx_hal_rcc_ex.o
 .debug_line    0x000000000000e4c9     0x3d4a ./Drivers/STM32F7xx_HAL_Driver/Src/stm32f7xx_hal_tim.o
 .debug_line    0x0000000000012213     0x1bca ./Drivers/STM32F7xx_HAL_Driver/Src/stm32f7xx_hal_tim_ex.o
 .debug_line    0x0000000000013ddd     0x3176 ./Drivers/STM32F7xx_HAL_Driver/Src/stm32f7xx_hal_uart.o
 .debug_line    0x0000000000016f53     0x1b81 ./Drivers/STM32F7xx_HAL_Driver/Src/stm32f7xx_ll_usb.o

.debug_str      0x0000000000000000    0xf368f
 .debug_str     0x0000000000000000    0xee2fa ./Core/Src/main.o
                                      0xeebb1 (size before relaxing)
 .debug_str     0x00000000000ee2fa      0x950 ./Core/Src/stm32f7xx_hal_msp.o
                                      0xeb5ba (size before relaxing)
 .debug_str     0x00000000000eec4a      0x16d ./Core/Src/stm32f7xx_it.o
                                      0xea886 (size before relaxing)
 .debug_str     0x00000000000eedb7      0x1a4 ./Core/Src/system_stm32f7xx.o
                                      0xe9a97 (size before relaxing)
 .debug_str     0x00000000000eef5b       0x34 ./Core/Startup/startup_stm32f746zgtx.o
                                         0x97 (size before relaxing)
 .debug_str     0x00000000000eef8f      0x40c ./Drivers/STM32F7xx_HAL_Driver/Src/stm32f7xx_hal.o
                                      0xea400 (size before relaxing)
 .debug_str     0x00000000000ef39b      0x31c ./Drivers/STM32F7xx_HAL_Driver/Src/stm32f7xx_hal_cortex.o
                                      0xea3eb (size before relaxing)
 .debug_str     0x00000000000ef6b7      0x328 ./Drivers/STM32F7xx_HAL_Driver/Src/stm32f7xx_hal_dma.o
                                      0xe9dd6 (size before relaxing)
 .debug_str     0x00000000000ef9df      0x29f ./Drivers/STM32F7xx_HAL_Driver/Src/stm32f7xx_hal_flash.o
                                      0xe9bba (size before relaxing)
 .debug_str     0x00000000000efc7e       0xf2 ./Drivers/STM32F7xx_HAL_Driver/Src/stm32f7xx_hal_gpio.o
                                      0xe9b55 (size before relaxing)
 .debug_str     0x00000000000efd70      0xd76 ./Drivers/STM32F7xx_HAL_Driver/Src/stm32f7xx_hal_i2c.o
                                      0xeacad (size before relaxing)
 .debug_str     0x00000000000f0ae6       0x89 ./Drivers/STM32F7xx_HAL_Driver/Src/stm32f7xx_hal_i2c_ex.o
                                      0xe9f53 (size before relaxing)
 .debug_str     0x00000000000f0b6f      0x832 ./Drivers/STM32F7xx_HAL_Driver/Src/stm32f7xx_hal_pcd.o
                                      0xea4b4 (size before relaxing)
 .debug_str     0x00000000000f13a1      0x12d ./Drivers/STM32F7xx_HAL_Driver/Src/stm32f7xx_hal_pcd_ex.o
                                      0xe9db5 (size before relaxing)
 .debug_str     0x00000000000f14ce      0x205 ./Drivers/STM32F7xx_HAL_Driver/Src/stm32f7xx_hal_rcc.o
                                      0xe9df9 (size before relaxing)
 .debug_str     0x00000000000f16d3      0x14f ./Drivers/STM32F7xx_HAL_Driver/Src/stm32f7xx_hal_rcc_ex.o
                                      0xe9d31 (size before relaxing)
 .debug_str     0x00000000000f1822      0xd18 ./Drivers/STM32F7xx_HAL_Driver/Src/stm32f7xx_hal_tim.o
                                      0xeadaa (size before relaxing)
 .debug_str     0x00000000000f253a      0x4dc ./Drivers/STM32F7xx_HAL_Driver/Src/stm32f7xx_hal_tim_ex.o
                                      0xea600 (size before relaxing)
 .debug_str     0x00000000000f2a16      0x819 ./Drivers/STM32F7xx_HAL_Driver/Src/stm32f7xx_hal_uart.o
                                      0xea746 (size before relaxing)
 .debug_str     0x00000000000f322f      0x460 ./Drivers/STM32F7xx_HAL_Driver/Src/stm32f7xx_ll_usb.o
                                      0xea33a (size before relaxing)

.debug_frame    0x0000000000000000     0x55b4
 .debug_frame   0x0000000000000000      0x1e8 ./Core/Src/main.o
 .debug_frame   0x00000000000001e8      0x1d8 ./Core/Src/stm32f7xx_hal_msp.o
 .debug_frame   0x00000000000003c0      0x174 ./Core/Src/stm32f7xx_it.o
 .debug_frame   0x0000000000000534       0x58 ./Core/Src/system_stm32f7xx.o
 .debug_frame   0x000000000000058c      0x3b4 ./Drivers/STM32F7xx_HAL_Driver/Src/stm32f7xx_hal.o
 .debug_frame   0x0000000000000940      0x498 ./Drivers/STM32F7xx_HAL_Driver/Src/stm32f7xx_hal_cortex.o
 .debug_frame   0x0000000000000dd8      0x250 ./Drivers/STM32F7xx_HAL_Driver/Src/stm32f7xx_hal_dma.o
 .debug_frame   0x0000000000001028      0x274 ./Drivers/STM32F7xx_HAL_Driver/Src/stm32f7xx_hal_flash.o
 .debug_frame   0x000000000000129c      0x14c ./Drivers/STM32F7xx_HAL_Driver/Src/stm32f7xx_hal_gpio.o
 .debug_frame   0x00000000000013e8      0xc34 ./Drivers/STM32F7xx_HAL_Driver/Src/stm32f7xx_hal_i2c.o
 .debug_frame   0x000000000000201c       0xb0 ./Drivers/STM32F7xx_HAL_Driver/Src/stm32f7xx_hal_i2c_ex.o
 .debug_frame   0x00000000000020cc      0x5bc ./Drivers/STM32F7xx_HAL_Driver/Src/stm32f7xx_hal_pcd.o
 .debug_frame   0x0000000000002688      0x100 ./Drivers/STM32F7xx_HAL_Driver/Src/stm32f7xx_hal_pcd_ex.o
 .debug_frame   0x0000000000002788      0x1f8 ./Drivers/STM32F7xx_HAL_Driver/Src/stm32f7xx_hal_rcc.o
 .debug_frame   0x0000000000002980      0x118 ./Drivers/STM32F7xx_HAL_Driver/Src/stm32f7xx_hal_rcc_ex.o
 .debug_frame   0x0000000000002a98     0x121c ./Drivers/STM32F7xx_HAL_Driver/Src/stm32f7xx_hal_tim.o
 .debug_frame   0x0000000000003cb4      0x688 ./Drivers/STM32F7xx_HAL_Driver/Src/stm32f7xx_hal_tim_ex.o
 .debug_frame   0x000000000000433c      0x9e4 ./Drivers/STM32F7xx_HAL_Driver/Src/stm32f7xx_hal_uart.o
 .debug_frame   0x0000000000004d20      0x7e8 ./Drivers/STM32F7xx_HAL_Driver/Src/stm32f7xx_ll_usb.o
 .debug_frame   0x0000000000005508       0x20 C:/ST/STM32CubeIDE_1.7.0/STM32CubeIDE/plugins/com.st.stm32cube.ide.mcu.externaltools.gnu-tools-for-stm32.11.3.rel1.win32_1.1.0.202305231506/tools/bin/../lib/gcc/arm-none-eabi/11.3.1/../../../../arm-none-eabi/lib/thumb/v7e-m+fp/hard\libc_nano.a(libc_a-memset.o)
 .debug_frame   0x0000000000005528       0x2c C:/ST/STM32CubeIDE_1.7.0/STM32CubeIDE/plugins/com.st.stm32cube.ide.mcu.externaltools.gnu-tools-for-stm32.11.3.rel1.win32_1.1.0.202305231506/tools/bin/../lib/gcc/arm-none-eabi/11.3.1/../../../../arm-none-eabi/lib/thumb/v7e-m+fp/hard\libc_nano.a(libc_a-init.o)
 .debug_frame   0x0000000000005554       0x2c C:/ST/STM32CubeIDE_1.7.0/STM32CubeIDE/plugins/com.st.stm32cube.ide.mcu.externaltools.gnu-tools-for-stm32.11.3.rel1.win32_1.1.0.202305231506/tools/bin/../lib/gcc/arm-none-eabi/11.3.1/thumb/v7e-m+fp/hard\libgcc.a(_aeabi_uldivmod.o)
 .debug_frame   0x0000000000005580       0x34 C:/ST/STM32CubeIDE_1.7.0/STM32CubeIDE/plugins/com.st.stm32cube.ide.mcu.externaltools.gnu-tools-for-stm32.11.3.rel1.win32_1.1.0.202305231506/tools/bin/../lib/gcc/arm-none-eabi/11.3.1/thumb/v7e-m+fp/hard\libgcc.a(_udivmoddi4.o)

.debug_line_str
                0x0000000000000000       0x8b
 .debug_line_str
                0x0000000000000000       0x8b ./Core/Startup/startup_stm32f746zgtx.o
                                         0xa3 (size before relaxing)
