../Core/Src/main.c:102:6:set_motor_pwm	16	static
../Core/Src/main.c:125:5:main	7216	static
../Core/Src/main.c:222:6:SystemClock_Config	88	static
../Core/Src/main.c:268:13:MX_I2C1_Init	8	static
../Core/Src/main.c:316:13:MX_TIM2_Init	48	static
../Core/Src/main.c:365:13:MX_TIM3_Init	64	static
../Core/Src/main.c:424:13:MX_TIM10_Init	8	static
../Core/Src/main.c:455:13:MX_USART3_UART_Init	8	static
../Core/Src/main.c:490:13:MX_USB_OTG_FS_PCD_Init	8	static
../Core/Src/main.c:525:13:MX_GPIO_Init	56	static
../Core/Src/main.c:615:5:writeEEPROM	32	static
../Core/Src/main.c:646:5:readEEPROM	24	static
../Core/Src/main.c:677:6:Error_Handler	4	static,ignoring_inline_asm
