../Core/Inc/fish_write_read_memory.h:22:5:writeEEPROM	32	static
../Core/Inc/fish_write_read_memory.h:50:6:handle_incoming_song	24	static
../Core/Inc/fish_write_read_memory.h:62:5:readEEPROM	24	static
../Core/Inc/motor_helper_methods.h:22:6:set_motor_pwm	16	static
../Core/Inc/motor_helper_methods.h:42:6:set_fish_motor_states	16	static
../Core/Inc/motor_helper_methods.h:111:6:reset_fish_motors	8	static
../Core/Inc/song_helper_flow_control.h:22:6:loadSongsIntoMemory	4	static
../Core/Inc/song_helper_flow_control.h:30:5:playSong	4	static
../Core/Inc/song_helper_flow_control.h:47:5:stopSong	16	static
../Core/Src/main.c:126:5:main	24	static
../Core/Src/main.c:261:6:SystemClock_Config	88	static
../Core/Src/main.c:307:13:MX_I2C1_Init	8	static
../Core/Src/main.c:355:13:MX_TIM1_Init	112	static
../Core/Src/main.c:434:13:MX_TIM2_Init	48	static
../Core/Src/main.c:483:13:MX_TIM3_Init	64	static
../Core/Src/main.c:542:13:MX_TIM4_Init	64	static
../Core/Src/main.c:601:13:MX_TIM10_Init	8	static
../Core/Src/main.c:632:13:MX_USART3_UART_Init	8	static
../Core/Src/main.c:667:13:MX_USART6_UART_Init	8	static
../Core/Src/main.c:702:13:MX_USB_OTG_FS_PCD_Init	8	static
../Core/Src/main.c:735:13:MX_DMA_Init	16	static
../Core/Src/main.c:753:13:MX_GPIO_Init	64	static
../Core/Src/main.c:868:6:HAL_TIM_PeriodElapsedCallback	16	static
../Core/Src/main.c:926:6:Error_Handler	4	static,ignoring_inline_asm
