../Core/Src/main.c:98:6:set_motor_pwm	16	static
../Core/Src/main.c:121:5:main	10824	static
../Core/Src/main.c:205:6:SystemClock_Config	88	static
../Core/Src/main.c:251:13:MX_I2C1_Init	8	static
../Core/Src/main.c:299:13:MX_TIM2_Init	48	static
../Core/Src/main.c:348:13:MX_TIM3_Init	64	static
../Core/Src/main.c:407:13:MX_USART3_UART_Init	8	static
../Core/Src/main.c:442:13:MX_USB_OTG_FS_PCD_Init	8	static
../Core/Src/main.c:477:13:MX_GPIO_Init	56	static
../Core/Src/main.c:567:5:writeEEPROM	32	static
../Core/Src/main.c:598:5:readEEPROM	24	static
../Core/Src/main.c:625:6:Error_Handler	4	static,ignoring_inline_asm
