../Core/Src/main.c:102:6:set_motor_pwm	16	static
../Core/Src/main.c:125:5:main	7216	static
../Core/Src/main.c:215:6:SystemClock_Config	88	static
../Core/Src/main.c:261:13:MX_I2C1_Init	8	static
../Core/Src/main.c:309:13:MX_TIM2_Init	48	static
../Core/Src/main.c:358:13:MX_TIM3_Init	64	static
../Core/Src/main.c:417:13:MX_TIM10_Init	8	static
../Core/Src/main.c:448:13:MX_USART3_UART_Init	8	static
../Core/Src/main.c:483:13:MX_USB_OTG_FS_PCD_Init	8	static
../Core/Src/main.c:518:13:MX_GPIO_Init	56	static
../Core/Src/main.c:604:6:HAL_TIM_PeriodElapsedCallback	16	static
../Core/Src/main.c:619:5:writeEEPROM	32	static
../Core/Src/main.c:650:5:readEEPROM	24	static
../Core/Src/main.c:681:6:Error_Handler	4	static,ignoring_inline_asm
