../Core/Src/main.c:75:6:set_motor_pwm	16	static
../Core/Src/main.c:98:5:main	16	static
../Core/Src/main.c:153:6:SystemClock_Config	88	static
../Core/Src/main.c:199:13:MX_I2C1_Init	8	static
../Core/Src/main.c:247:13:MX_TIM2_Init	48	static
../Core/Src/main.c:296:13:MX_TIM3_Init	64	static
../Core/Src/main.c:355:13:MX_USART3_UART_Init	8	static
../Core/Src/main.c:390:13:MX_USB_OTG_FS_PCD_Init	8	static
../Core/Src/main.c:425:13:MX_GPIO_Init	56	static
../Core/Src/main.c:525:6:Error_Handler	4	static,ignoring_inline_asm
