../Core/Src/stm32f7xx_it.c:94:6:NMI_Handler	4	static
../Core/Src/stm32f7xx_it.c:109:6:HardFault_Handler	4	static
../Core/Src/stm32f7xx_it.c:124:6:MemManage_Handler	4	static
../Core/Src/stm32f7xx_it.c:139:6:BusFault_Handler	4	static
../Core/Src/stm32f7xx_it.c:154:6:UsageFault_Handler	4	static
../Core/Src/stm32f7xx_it.c:169:6:SVC_Handler	4	static
../Core/Src/stm32f7xx_it.c:182:6:DebugMon_Handler	4	static
../Core/Src/stm32f7xx_it.c:195:6:PendSV_Handler	4	static
../Core/Src/stm32f7xx_it.c:208:6:SysTick_Handler	8	static
../Core/Src/stm32f7xx_it.c:229:6:DMA1_Stream1_IRQHandler	8	static
../Core/Src/stm32f7xx_it.c:243:6:EXTI9_5_IRQHandler	8	static
../Core/Src/stm32f7xx_it.c:275:6:TIM1_UP_TIM10_IRQHandler	8	static
../Core/Src/stm32f7xx_it.c:290:6:I2C1_EV_IRQHandler	8	static
../Core/Src/stm32f7xx_it.c:304:6:I2C1_ER_IRQHandler	8	static
../Core/Src/stm32f7xx_it.c:318:6:EXTI15_10_IRQHandler	8	static
